// Jest Snapshot v1, https://goo.gl/fbAQLP

exports[`component picker unit test  props:day check  matchSnapshot 1`] = `"<cube-picker-modal-base class=\\"main--ref_choosePopup_1 main--cube-time-picker-modal\\" data-eventconfigs=\\"[object Object]\\"><cube-modal class=\\"cube-picker-modal-base--cube-picker-modal-base cube-picker-modal-base--ref_choosePopup_1\\" data-eventconfigs=\\"[object Object]\\"><cube-popup class=\\"cube-modal--cube-modal cube-modal--ref_popup_1\\" data-eventconfigs=\\"[object Object]\\"><wx-view class=\\"cube-popup--cube-popup cube-popup--cube-popup_mask cube-popup--cube-popup_mask_fade_transition cube-popup--cube-popup-bottom cube-popup--cube-popup-remove-touch\\" style=\\"z-index: 100\\"><wx-view class=\\"cube-popup--cube-popup-mask\\" style=\\"\\"></wx-view><wx-view class=\\"cube-popup--cube-popup-content\\" style=\\"\\"><wx-view class=\\"cube-modal--cube-modal-section\\" style=\\"\\"><wx-view class=\\"cube-modal--cube-modal-header\\" style=\\"\\"><wx-view class=\\"cube-modal--cube-modal-close\\"><wx-view class=\\"cube-modal--cube-modal-close-icon\\"><cube-icon><wx-view class=\\"cube-icon--cubeic cube-icon--cubeic cube-icon--cubeic-close\\" style=\\"\\"></wx-view></cube-icon></wx-view></wx-view></wx-view><wx-view class=\\"cube-modal--cube-modal-body\\" style=\\"\\"><wx-view class=\\"cube-modal--cube-modal-main\\"><wx-view class=\\"cube-modal--cube-modal-content\\"><wx-view class=\\"cube-picker-modal-base--cube-picker-modal-content\\"><cube-time-picker class=\\"main--ref_picker_2\\"><cube-cascade-picker class=\\"cube-time-picker--ref_picker_1 cube-time-picker--cube-time-picker\\"><cube-picker class=\\"cube-cascade-picker--ref_picker_1 cube-cascade-picker--cube-cascade-picker\\"><wx-view class=\\"cube-picker--cube-picker\\"><wx-picker-view class=\\"cube-picker--cube-picker-wheel-wrapper\\"><wx-picker-view-column class=\\"cube-picker--cube-picker-wheel-scroll\\" style=\\"order:0\\"><wx-view class=\\"cube-picker--cube-picker-wheel-item\\">12月份11号</wx-view><wx-view class=\\"cube-picker--cube-picker-wheel-item\\">12月份12号</wx-view><wx-view class=\\"cube-picker--cube-picker-wheel-item\\">12月份13号</wx-view><wx-view class=\\"cube-picker--cube-picker-wheel-item\\">12月份14号</wx-view></wx-picker-view-column><wx-picker-view-column class=\\"cube-picker--cube-picker-wheel-scroll\\" style=\\"order:1\\"><wx-view class=\\"cube-picker--cube-picker-wheel-item\\">12点</wx-view><wx-view class=\\"cube-picker--cube-picker-wheel-item\\">13点</wx-view><wx-view class=\\"cube-picker--cube-picker-wheel-item\\">14点</wx-view><wx-view class=\\"cube-picker--cube-picker-wheel-item\\">15点</wx-view><wx-view class=\\"cube-picker--cube-picker-wheel-item\\">16点</wx-view><wx-view class=\\"cube-picker--cube-picker-wheel-item\\">17点</wx-view><wx-view class=\\"cube-picker--cube-picker-wheel-item\\">18点</wx-view><wx-view class=\\"cube-picker--cube-picker-wheel-item\\">19点</wx-view><wx-view class=\\"cube-picker--cube-picker-wheel-item\\">20点</wx-view><wx-view class=\\"cube-picker--cube-picker-wheel-item\\">21点</wx-view><wx-view class=\\"cube-picker--cube-picker-wheel-item\\">22点</wx-view><wx-view class=\\"cube-picker--cube-picker-wheel-item\\">23点</wx-view></wx-picker-view-column><wx-picker-view-column class=\\"cube-picker--cube-picker-wheel-scroll\\" style=\\"order:2\\"><wx-view class=\\"cube-picker--cube-picker-wheel-item\\">30分</wx-view><wx-view class=\\"cube-picker--cube-picker-wheel-item\\">40分</wx-view><wx-view class=\\"cube-picker--cube-picker-wheel-item\\">50分</wx-view></wx-picker-view-column></wx-picker-view></wx-view></cube-picker></cube-cascade-picker></cube-time-picker></wx-view></wx-view></wx-view></wx-view><wx-view class=\\"cube-modal--cube-modal-footer\\" style=\\"\\"><cube-confirm-button-group class=\\"cube-modal--cube-modal-confirm-button-group\\"><cube-button-group class=\\"cube-confirm-button-group--cube-confirm-button-group cube-confirm-button-group--cube-confirm-button-group_vertical\\"><wx-view class=\\"cube-button-group--cube-button-group cube-button-group--cube-button-group_vertical\\"><cube-button class=\\"cube-confirm-button-group--cube-option-confirm-button\\"><wx-button style=\\"\\" class=\\"cube-button--cube-btn cube-button--cube-btn-primary\\"><wx-view class=\\"cube-button--cube-btn-content\\" style=\\"\\">确定</wx-view></wx-button></cube-button></wx-view></cube-button-group></cube-confirm-button-group></wx-view></wx-view></wx-view></wx-view></cube-popup></cube-modal></cube-picker-modal-base>"`;

exports[`component picker unit test  props:delay check  matchSnapshot 1`] = `"<cube-picker-modal-base class=\\"main--ref_choosePopup_1 main--cube-time-picker-modal\\" data-eventconfigs=\\"[object Object]\\"><cube-modal class=\\"cube-picker-modal-base--cube-picker-modal-base cube-picker-modal-base--ref_choosePopup_1\\" data-eventconfigs=\\"[object Object]\\"><cube-popup class=\\"cube-modal--cube-modal cube-modal--ref_popup_1\\" data-eventconfigs=\\"[object Object]\\"><wx-view class=\\"cube-popup--cube-popup cube-popup--cube-popup_mask cube-popup--cube-popup_mask_fade_transition cube-popup--cube-popup-bottom cube-popup--cube-popup-remove-touch\\" style=\\"z-index: 100\\"><wx-view class=\\"cube-popup--cube-popup-mask\\" style=\\"\\"></wx-view><wx-view class=\\"cube-popup--cube-popup-content\\" style=\\"\\"><wx-view class=\\"cube-modal--cube-modal-section\\" style=\\"\\"><wx-view class=\\"cube-modal--cube-modal-header\\" style=\\"\\"><wx-view class=\\"cube-modal--cube-modal-close\\"><wx-view class=\\"cube-modal--cube-modal-close-icon\\"><cube-icon><wx-view class=\\"cube-icon--cubeic cube-icon--cubeic cube-icon--cubeic-close\\" style=\\"\\"></wx-view></cube-icon></wx-view></wx-view></wx-view><wx-view class=\\"cube-modal--cube-modal-body\\" style=\\"\\"><wx-view class=\\"cube-modal--cube-modal-main\\"><wx-view class=\\"cube-modal--cube-modal-content\\"><wx-view class=\\"cube-picker-modal-base--cube-picker-modal-content\\"><cube-time-picker class=\\"main--ref_picker_2\\"><cube-cascade-picker class=\\"cube-time-picker--ref_picker_1 cube-time-picker--cube-time-picker\\"><cube-picker class=\\"cube-cascade-picker--ref_picker_1 cube-cascade-picker--cube-cascade-picker\\"><wx-view class=\\"cube-picker--cube-picker\\"><wx-picker-view class=\\"cube-picker--cube-picker-wheel-wrapper\\"><wx-picker-view-column class=\\"cube-picker--cube-picker-wheel-scroll\\" style=\\"order:0\\"><wx-view class=\\"cube-picker--cube-picker-wheel-item\\">12月11日</wx-view><wx-view class=\\"cube-picker--cube-picker-wheel-item\\">12月12日</wx-view><wx-view class=\\"cube-picker--cube-picker-wheel-item\\">12月13日</wx-view></wx-picker-view-column><wx-picker-view-column class=\\"cube-picker--cube-picker-wheel-scroll\\" style=\\"order:1\\"><wx-view class=\\"cube-picker--cube-picker-wheel-item\\">12点</wx-view><wx-view class=\\"cube-picker--cube-picker-wheel-item\\">13点</wx-view><wx-view class=\\"cube-picker--cube-picker-wheel-item\\">14点</wx-view><wx-view class=\\"cube-picker--cube-picker-wheel-item\\">15点</wx-view><wx-view class=\\"cube-picker--cube-picker-wheel-item\\">16点</wx-view><wx-view class=\\"cube-picker--cube-picker-wheel-item\\">17点</wx-view><wx-view class=\\"cube-picker--cube-picker-wheel-item\\">18点</wx-view><wx-view class=\\"cube-picker--cube-picker-wheel-item\\">19点</wx-view><wx-view class=\\"cube-picker--cube-picker-wheel-item\\">20点</wx-view><wx-view class=\\"cube-picker--cube-picker-wheel-item\\">21点</wx-view><wx-view class=\\"cube-picker--cube-picker-wheel-item\\">22点</wx-view><wx-view class=\\"cube-picker--cube-picker-wheel-item\\">23点</wx-view></wx-picker-view-column><wx-picker-view-column class=\\"cube-picker--cube-picker-wheel-scroll\\" style=\\"order:2\\"><wx-view class=\\"cube-picker--cube-picker-wheel-item\\">30分</wx-view><wx-view class=\\"cube-picker--cube-picker-wheel-item\\">40分</wx-view><wx-view class=\\"cube-picker--cube-picker-wheel-item\\">50分</wx-view></wx-picker-view-column></wx-picker-view></wx-view></cube-picker></cube-cascade-picker></cube-time-picker></wx-view></wx-view></wx-view></wx-view><wx-view class=\\"cube-modal--cube-modal-footer\\" style=\\"\\"><cube-confirm-button-group class=\\"cube-modal--cube-modal-confirm-button-group\\"><cube-button-group class=\\"cube-confirm-button-group--cube-confirm-button-group cube-confirm-button-group--cube-confirm-button-group_vertical\\"><wx-view class=\\"cube-button-group--cube-button-group cube-button-group--cube-button-group_vertical\\"><cube-button class=\\"cube-confirm-button-group--cube-option-confirm-button\\"><wx-button style=\\"\\" class=\\"cube-button--cube-btn cube-button--cube-btn-primary\\"><wx-view class=\\"cube-button--cube-btn-content\\" style=\\"\\">确定</wx-view></wx-button></cube-button></wx-view></cube-button-group></cube-confirm-button-group></wx-view></wx-view></wx-view></wx-view></cube-popup></cube-modal></cube-picker-modal-base>"`;

exports[`component picker unit test  props:showNow check  matchSnapshot 1`] = `"<cube-picker-modal-base class=\\"main--ref_choosePopup_1 main--cube-time-picker-modal\\" data-eventconfigs=\\"[object Object]\\"><cube-modal class=\\"cube-picker-modal-base--cube-picker-modal-base cube-picker-modal-base--ref_choosePopup_1\\" data-eventconfigs=\\"[object Object]\\"><cube-popup class=\\"cube-modal--cube-modal cube-modal--ref_popup_1\\" data-eventconfigs=\\"[object Object]\\"><wx-view class=\\"cube-popup--cube-popup cube-popup--cube-popup_mask cube-popup--cube-popup_mask_fade_transition cube-popup--cube-popup-bottom cube-popup--cube-popup-remove-touch\\" style=\\"z-index: 100\\"><wx-view class=\\"cube-popup--cube-popup-mask\\" style=\\"\\"></wx-view><wx-view class=\\"cube-popup--cube-popup-content\\" style=\\"\\"><wx-view class=\\"cube-modal--cube-modal-section\\" style=\\"\\"><wx-view class=\\"cube-modal--cube-modal-header\\" style=\\"\\"><wx-view class=\\"cube-modal--cube-modal-close\\"><wx-view class=\\"cube-modal--cube-modal-close-icon\\"><cube-icon><wx-view class=\\"cube-icon--cubeic cube-icon--cubeic cube-icon--cubeic-close\\" style=\\"\\"></wx-view></cube-icon></wx-view></wx-view></wx-view><wx-view class=\\"cube-modal--cube-modal-body\\" style=\\"\\"><wx-view class=\\"cube-modal--cube-modal-main\\"><wx-view class=\\"cube-modal--cube-modal-content\\"><wx-view class=\\"cube-picker-modal-base--cube-picker-modal-content\\"><cube-time-picker class=\\"main--ref_picker_2\\"><cube-cascade-picker class=\\"cube-time-picker--ref_picker_1 cube-time-picker--cube-time-picker\\"><cube-picker class=\\"cube-cascade-picker--ref_picker_1 cube-cascade-picker--cube-cascade-picker\\"><wx-view class=\\"cube-picker--cube-picker\\"><wx-picker-view class=\\"cube-picker--cube-picker-wheel-wrapper\\"><wx-picker-view-column class=\\"cube-picker--cube-picker-wheel-scroll\\" style=\\"order:0\\"><wx-view class=\\"cube-picker--cube-picker-wheel-item\\">12月11日</wx-view><wx-view class=\\"cube-picker--cube-picker-wheel-item\\">12月12日</wx-view><wx-view class=\\"cube-picker--cube-picker-wheel-item\\">12月13日</wx-view></wx-picker-view-column><wx-picker-view-column class=\\"cube-picker--cube-picker-wheel-scroll\\" style=\\"order:1\\"><wx-view class=\\"cube-picker--cube-picker-wheel-item\\">12点</wx-view><wx-view class=\\"cube-picker--cube-picker-wheel-item\\">13点</wx-view><wx-view class=\\"cube-picker--cube-picker-wheel-item\\">14点</wx-view><wx-view class=\\"cube-picker--cube-picker-wheel-item\\">15点</wx-view><wx-view class=\\"cube-picker--cube-picker-wheel-item\\">16点</wx-view><wx-view class=\\"cube-picker--cube-picker-wheel-item\\">17点</wx-view><wx-view class=\\"cube-picker--cube-picker-wheel-item\\">18点</wx-view><wx-view class=\\"cube-picker--cube-picker-wheel-item\\">19点</wx-view><wx-view class=\\"cube-picker--cube-picker-wheel-item\\">20点</wx-view><wx-view class=\\"cube-picker--cube-picker-wheel-item\\">21点</wx-view><wx-view class=\\"cube-picker--cube-picker-wheel-item\\">22点</wx-view><wx-view class=\\"cube-picker--cube-picker-wheel-item\\">23点</wx-view></wx-picker-view-column><wx-picker-view-column class=\\"cube-picker--cube-picker-wheel-scroll\\" style=\\"order:2\\"><wx-view class=\\"cube-picker--cube-picker-wheel-item\\">30分</wx-view><wx-view class=\\"cube-picker--cube-picker-wheel-item\\">40分</wx-view><wx-view class=\\"cube-picker--cube-picker-wheel-item\\">50分</wx-view></wx-picker-view-column></wx-picker-view></wx-view></cube-picker></cube-cascade-picker></cube-time-picker></wx-view></wx-view></wx-view></wx-view><wx-view class=\\"cube-modal--cube-modal-footer\\" style=\\"\\"><cube-confirm-button-group class=\\"cube-modal--cube-modal-confirm-button-group\\"><cube-button-group class=\\"cube-confirm-button-group--cube-confirm-button-group cube-confirm-button-group--cube-confirm-button-group_vertical\\"><wx-view class=\\"cube-button-group--cube-button-group cube-button-group--cube-button-group_vertical\\"><cube-button class=\\"cube-confirm-button-group--cube-option-confirm-button\\"><wx-button style=\\"\\" class=\\"cube-button--cube-btn cube-button--cube-btn-primary\\"><wx-view class=\\"cube-button--cube-btn-content\\" style=\\"\\">确定</wx-view></wx-button></cube-button></wx-view></cube-button-group></cube-confirm-button-group></wx-view></wx-view></wx-view></wx-view></cube-popup></cube-modal></cube-picker-modal-base>"`;

exports[`component picker unit test base props check matchSnapshot 1`] = `"<cube-picker-modal-base class=\\"main--ref_choosePopup_1 main--cube-time-picker-modal\\" data-eventconfigs=\\"[object Object]\\"><cube-modal class=\\"cube-picker-modal-base--cube-picker-modal-base cube-picker-modal-base--ref_choosePopup_1\\" data-eventconfigs=\\"[object Object]\\"><cube-popup class=\\"cube-modal--cube-modal cube-modal--ref_popup_1\\" data-eventconfigs=\\"[object Object]\\"><wx-view class=\\"cube-popup--cube-popup cube-popup--cube-popup_mask cube-popup--cube-popup_mask_fade_transition cube-popup--cube-popup-bottom cube-popup--cube-popup-remove-touch\\" style=\\"z-index: 100\\"><wx-view class=\\"cube-popup--cube-popup-mask\\" style=\\"\\"></wx-view><wx-view class=\\"cube-popup--cube-popup-content\\" style=\\"\\"><wx-view class=\\"cube-modal--cube-modal-section\\" style=\\"\\"><wx-view class=\\"cube-modal--cube-modal-header\\" style=\\"\\"><wx-view class=\\"cube-modal--cube-modal-close\\"><wx-view class=\\"cube-modal--cube-modal-close-icon\\"><cube-icon><wx-view class=\\"cube-icon--cubeic cube-icon--cubeic cube-icon--cubeic-close\\" style=\\"\\"></wx-view></cube-icon></wx-view></wx-view></wx-view><wx-view class=\\"cube-modal--cube-modal-body\\" style=\\"\\"><wx-view class=\\"cube-modal--cube-modal-main\\"><wx-view class=\\"cube-modal--cube-modal-title\\">我是标题</wx-view><wx-view class=\\"cube-modal--cube-modal-content\\"><wx-rich-text><wx-view class=\\"rich-text\\">内容</wx-view></wx-rich-text><wx-view class=\\"cube-picker-modal-base--cube-picker-modal-content\\"><cube-time-picker class=\\"main--ref_picker_2\\"><cube-cascade-picker class=\\"cube-time-picker--ref_picker_1 cube-time-picker--cube-time-picker\\"><cube-picker class=\\"cube-cascade-picker--ref_picker_1 cube-cascade-picker--cube-cascade-picker\\"><wx-view class=\\"cube-picker--cube-picker\\"><wx-picker-view class=\\"cube-picker--cube-picker-wheel-wrapper\\"><wx-picker-view-column class=\\"cube-picker--cube-picker-wheel-scroll\\" style=\\"order:0\\"><wx-view class=\\"cube-picker--cube-picker-wheel-item\\">12月11日</wx-view><wx-view class=\\"cube-picker--cube-picker-wheel-item\\">12月12日</wx-view><wx-view class=\\"cube-picker--cube-picker-wheel-item\\">12月13日</wx-view></wx-picker-view-column><wx-picker-view-column class=\\"cube-picker--cube-picker-wheel-scroll\\" style=\\"order:1\\"><wx-view class=\\"cube-picker--cube-picker-wheel-item\\">12点</wx-view><wx-view class=\\"cube-picker--cube-picker-wheel-item\\">13点</wx-view><wx-view class=\\"cube-picker--cube-picker-wheel-item\\">14点</wx-view><wx-view class=\\"cube-picker--cube-picker-wheel-item\\">15点</wx-view><wx-view class=\\"cube-picker--cube-picker-wheel-item\\">16点</wx-view><wx-view class=\\"cube-picker--cube-picker-wheel-item\\">17点</wx-view><wx-view class=\\"cube-picker--cube-picker-wheel-item\\">18点</wx-view><wx-view class=\\"cube-picker--cube-picker-wheel-item\\">19点</wx-view><wx-view class=\\"cube-picker--cube-picker-wheel-item\\">20点</wx-view><wx-view class=\\"cube-picker--cube-picker-wheel-item\\">21点</wx-view><wx-view class=\\"cube-picker--cube-picker-wheel-item\\">22点</wx-view><wx-view class=\\"cube-picker--cube-picker-wheel-item\\">23点</wx-view></wx-picker-view-column><wx-picker-view-column class=\\"cube-picker--cube-picker-wheel-scroll\\" style=\\"order:2\\"><wx-view class=\\"cube-picker--cube-picker-wheel-item\\">30分</wx-view><wx-view class=\\"cube-picker--cube-picker-wheel-item\\">40分</wx-view><wx-view class=\\"cube-picker--cube-picker-wheel-item\\">50分</wx-view></wx-picker-view-column></wx-picker-view></wx-view></cube-picker></cube-cascade-picker></cube-time-picker></wx-view></wx-view></wx-view></wx-view><wx-view class=\\"cube-modal--cube-modal-footer\\" style=\\"\\"><cube-confirm-button-group class=\\"cube-modal--cube-modal-confirm-button-group\\"><cube-button-group class=\\"cube-confirm-button-group--cube-confirm-button-group cube-confirm-button-group--cube-confirm-button-group_vertical\\"><wx-view class=\\"cube-button-group--cube-button-group cube-button-group--cube-button-group_vertical\\"><cube-button class=\\"cube-confirm-button-group--cube-option-confirm-button\\"><wx-button style=\\"\\" class=\\"cube-button--cube-btn cube-button--cube-btn-primary\\"><wx-view class=\\"cube-button--cube-btn-content\\" style=\\"\\">确定</wx-view></wx-button></cube-button></wx-view></cube-button-group></cube-confirm-button-group></wx-view></wx-view></wx-view></wx-view></cube-popup></cube-modal></cube-picker-modal-base>"`;

exports[`component picker unit test props: min check  matchSnapshot 1`] = `"<cube-picker-modal-base class=\\"main--ref_choosePopup_1 main--cube-time-picker-modal\\" data-eventconfigs=\\"[object Object]\\"><cube-modal class=\\"cube-picker-modal-base--cube-picker-modal-base cube-picker-modal-base--ref_choosePopup_1\\" data-eventconfigs=\\"[object Object]\\"><cube-popup class=\\"cube-modal--cube-modal cube-modal--ref_popup_1\\" data-eventconfigs=\\"[object Object]\\"><wx-view class=\\"cube-popup--cube-popup cube-popup--cube-popup_mask cube-popup--cube-popup_mask_fade_transition cube-popup--cube-popup-bottom cube-popup--cube-popup-remove-touch\\" style=\\"z-index: 100\\"><wx-view class=\\"cube-popup--cube-popup-mask\\" style=\\"\\"></wx-view><wx-view class=\\"cube-popup--cube-popup-content\\" style=\\"\\"><wx-view class=\\"cube-modal--cube-modal-section\\" style=\\"\\"><wx-view class=\\"cube-modal--cube-modal-header\\" style=\\"\\"><wx-view class=\\"cube-modal--cube-modal-close\\"><wx-view class=\\"cube-modal--cube-modal-close-icon\\"><cube-icon><wx-view class=\\"cube-icon--cubeic cube-icon--cubeic cube-icon--cubeic-close\\" style=\\"\\"></wx-view></cube-icon></wx-view></wx-view></wx-view><wx-view class=\\"cube-modal--cube-modal-body\\" style=\\"\\"><wx-view class=\\"cube-modal--cube-modal-main\\"><wx-view class=\\"cube-modal--cube-modal-content\\"><wx-view class=\\"cube-picker-modal-base--cube-picker-modal-content\\"><cube-time-picker class=\\"main--ref_picker_2\\"><cube-cascade-picker class=\\"cube-time-picker--ref_picker_1 cube-time-picker--cube-time-picker\\"><cube-picker class=\\"cube-cascade-picker--ref_picker_1 cube-cascade-picker--cube-cascade-picker\\"><wx-view class=\\"cube-picker--cube-picker\\"><wx-picker-view class=\\"cube-picker--cube-picker-wheel-wrapper\\"><wx-picker-view-column class=\\"cube-picker--cube-picker-wheel-scroll\\" style=\\"order:0\\"><wx-view class=\\"cube-picker--cube-picker-wheel-item\\">12月11日</wx-view><wx-view class=\\"cube-picker--cube-picker-wheel-item\\">12月12日</wx-view><wx-view class=\\"cube-picker--cube-picker-wheel-item\\">12月13日</wx-view></wx-picker-view-column><wx-picker-view-column class=\\"cube-picker--cube-picker-wheel-scroll\\" style=\\"order:1\\"><wx-view class=\\"cube-picker--cube-picker-wheel-item\\">12点</wx-view><wx-view class=\\"cube-picker--cube-picker-wheel-item\\">13点</wx-view><wx-view class=\\"cube-picker--cube-picker-wheel-item\\">14点</wx-view><wx-view class=\\"cube-picker--cube-picker-wheel-item\\">15点</wx-view><wx-view class=\\"cube-picker--cube-picker-wheel-item\\">16点</wx-view><wx-view class=\\"cube-picker--cube-picker-wheel-item\\">17点</wx-view><wx-view class=\\"cube-picker--cube-picker-wheel-item\\">18点</wx-view><wx-view class=\\"cube-picker--cube-picker-wheel-item\\">19点</wx-view><wx-view class=\\"cube-picker--cube-picker-wheel-item\\">20点</wx-view><wx-view class=\\"cube-picker--cube-picker-wheel-item\\">21点</wx-view><wx-view class=\\"cube-picker--cube-picker-wheel-item\\">22点</wx-view><wx-view class=\\"cube-picker--cube-picker-wheel-item\\">23点</wx-view></wx-picker-view-column><wx-picker-view-column class=\\"cube-picker--cube-picker-wheel-scroll\\" style=\\"order:2\\"><wx-view class=\\"cube-picker--cube-picker-wheel-item\\">30分</wx-view><wx-view class=\\"cube-picker--cube-picker-wheel-item\\">40分</wx-view><wx-view class=\\"cube-picker--cube-picker-wheel-item\\">50分</wx-view></wx-picker-view-column></wx-picker-view></wx-view></cube-picker></cube-cascade-picker></cube-time-picker></wx-view></wx-view></wx-view></wx-view><wx-view class=\\"cube-modal--cube-modal-footer\\" style=\\"\\"><cube-confirm-button-group class=\\"cube-modal--cube-modal-confirm-button-group\\"><cube-button-group class=\\"cube-confirm-button-group--cube-confirm-button-group cube-confirm-button-group--cube-confirm-button-group_vertical\\"><wx-view class=\\"cube-button-group--cube-button-group cube-button-group--cube-button-group_vertical\\"><cube-button class=\\"cube-confirm-button-group--cube-option-confirm-button\\"><wx-button style=\\"\\" class=\\"cube-button--cube-btn cube-button--cube-btn-primary\\"><wx-view class=\\"cube-button--cube-btn-content\\" style=\\"\\">确定</wx-view></wx-button></cube-button></wx-view></cube-button-group></cube-confirm-button-group></wx-view></wx-view></wx-view></wx-view></cube-popup></cube-modal></cube-picker-modal-base>"`;

exports[`component picker unit test props:minuteStep check matchSnapshot 1`] = `"<cube-picker-modal-base class=\\"main--ref_choosePopup_1 main--cube-time-picker-modal\\" data-eventconfigs=\\"[object Object]\\"><cube-modal class=\\"cube-picker-modal-base--cube-picker-modal-base cube-picker-modal-base--ref_choosePopup_1\\" data-eventconfigs=\\"[object Object]\\"><cube-popup class=\\"cube-modal--cube-modal cube-modal--ref_popup_1\\" data-eventconfigs=\\"[object Object]\\"><wx-view class=\\"cube-popup--cube-popup cube-popup--cube-popup_mask cube-popup--cube-popup_mask_fade_transition cube-popup--cube-popup-bottom cube-popup--cube-popup-remove-touch\\" style=\\"z-index: 100\\"><wx-view class=\\"cube-popup--cube-popup-mask\\" style=\\"\\"></wx-view><wx-view class=\\"cube-popup--cube-popup-content\\" style=\\"\\"><wx-view class=\\"cube-modal--cube-modal-section\\" style=\\"\\"><wx-view class=\\"cube-modal--cube-modal-header\\" style=\\"\\"><wx-view class=\\"cube-modal--cube-modal-close\\"><wx-view class=\\"cube-modal--cube-modal-close-icon\\"><cube-icon><wx-view class=\\"cube-icon--cubeic cube-icon--cubeic cube-icon--cubeic-close\\" style=\\"\\"></wx-view></cube-icon></wx-view></wx-view></wx-view><wx-view class=\\"cube-modal--cube-modal-body\\" style=\\"\\"><wx-view class=\\"cube-modal--cube-modal-main\\"><wx-view class=\\"cube-modal--cube-modal-content\\"><wx-view class=\\"cube-picker-modal-base--cube-picker-modal-content\\"><cube-time-picker class=\\"main--ref_picker_2\\"><cube-cascade-picker class=\\"cube-time-picker--ref_picker_1 cube-time-picker--cube-time-picker\\"><cube-picker class=\\"cube-cascade-picker--ref_picker_1 cube-cascade-picker--cube-cascade-picker\\"><wx-view class=\\"cube-picker--cube-picker\\"><wx-picker-view class=\\"cube-picker--cube-picker-wheel-wrapper\\"><wx-picker-view-column class=\\"cube-picker--cube-picker-wheel-scroll\\" style=\\"order:0\\"><wx-view class=\\"cube-picker--cube-picker-wheel-item\\">12月11日</wx-view><wx-view class=\\"cube-picker--cube-picker-wheel-item\\">12月12日</wx-view><wx-view class=\\"cube-picker--cube-picker-wheel-item\\">12月13日</wx-view></wx-picker-view-column><wx-picker-view-column class=\\"cube-picker--cube-picker-wheel-scroll\\" style=\\"order:1\\"><wx-view class=\\"cube-picker--cube-picker-wheel-item\\">12点</wx-view><wx-view class=\\"cube-picker--cube-picker-wheel-item\\">13点</wx-view><wx-view class=\\"cube-picker--cube-picker-wheel-item\\">14点</wx-view><wx-view class=\\"cube-picker--cube-picker-wheel-item\\">15点</wx-view><wx-view class=\\"cube-picker--cube-picker-wheel-item\\">16点</wx-view><wx-view class=\\"cube-picker--cube-picker-wheel-item\\">17点</wx-view><wx-view class=\\"cube-picker--cube-picker-wheel-item\\">18点</wx-view><wx-view class=\\"cube-picker--cube-picker-wheel-item\\">19点</wx-view><wx-view class=\\"cube-picker--cube-picker-wheel-item\\">20点</wx-view><wx-view class=\\"cube-picker--cube-picker-wheel-item\\">21点</wx-view><wx-view class=\\"cube-picker--cube-picker-wheel-item\\">22点</wx-view><wx-view class=\\"cube-picker--cube-picker-wheel-item\\">23点</wx-view></wx-picker-view-column><wx-picker-view-column class=\\"cube-picker--cube-picker-wheel-scroll\\" style=\\"order:2\\"><wx-view class=\\"cube-picker--cube-picker-wheel-item\\">35分</wx-view><wx-view class=\\"cube-picker--cube-picker-wheel-item\\">40分</wx-view><wx-view class=\\"cube-picker--cube-picker-wheel-item\\">45分</wx-view><wx-view class=\\"cube-picker--cube-picker-wheel-item\\">50分</wx-view><wx-view class=\\"cube-picker--cube-picker-wheel-item\\">55分</wx-view></wx-picker-view-column></wx-picker-view></wx-view></cube-picker></cube-cascade-picker></cube-time-picker></wx-view></wx-view></wx-view></wx-view><wx-view class=\\"cube-modal--cube-modal-footer\\" style=\\"\\"><cube-confirm-button-group class=\\"cube-modal--cube-modal-confirm-button-group\\"><cube-button-group class=\\"cube-confirm-button-group--cube-confirm-button-group cube-confirm-button-group--cube-confirm-button-group_vertical\\"><wx-view class=\\"cube-button-group--cube-button-group cube-button-group--cube-button-group_vertical\\"><cube-button class=\\"cube-confirm-button-group--cube-option-confirm-button\\"><wx-button style=\\"\\" class=\\"cube-button--cube-btn cube-button--cube-btn-primary\\"><wx-view class=\\"cube-button--cube-btn-content\\" style=\\"\\">确定</wx-view></wx-button></cube-button></wx-view></cube-button-group></cube-confirm-button-group></wx-view></wx-view></wx-view></wx-view></cube-popup></cube-modal></cube-picker-modal-base>"`;
