// Jest Snapshot v1, https://goo.gl/fbAQLP

exports[` 1`] = `"<cube-popup class=\\"main--cube-modal main--ref_popup_1\\" data-eventconfigs=\\"[object Object]\\"><wx-view class=\\"cube-popup--cube-popup cube-popup--cube-popup_mask cube-popup--cube-popup_mask_fade_transition cube-popup--cube-popup-bottom cube-popup--cube-popup-remove-touch\\" style=\\"z-index: 100\\"><wx-view class=\\"cube-popup--cube-popup-mask\\" style=\\"\\"></wx-view><wx-view class=\\"cube-popup--cube-popup-content\\" style=\\"\\"><wx-view class=\\"main--cube-modal-section\\" style=\\"\\"><wx-view class=\\"main--cube-modal-header\\" style=\\"\\"><wx-view></wx-view></wx-view><wx-view class=\\"main--cube-modal-body\\" style=\\"\\"><wx-view class=\\"main--cube-modal-main\\"><wx-view class=\\"main--cube-modal-title\\">标题</wx-view><wx-view class=\\"main--cube-modal-content\\"><wx-rich-text><wx-view class=\\"rich-text\\">正文</wx-view></wx-rich-text></wx-view></wx-view></wx-view><wx-view class=\\"main--cube-modal-footer\\" style=\\"\\"><cube-confirm-button-group class=\\"main--cube-modal-confirm-button-group\\"><cube-button-group class=\\"cube-confirm-button-group--cube-confirm-button-group cube-confirm-button-group--cube-confirm-button-group_vertical\\"><wx-view class=\\"cube-button-group--cube-button-group cube-button-group--cube-button-group_vertical\\"><cube-button class=\\"cube-confirm-button-group--cube-option-cancel-button\\"><wx-button style=\\"\\" class=\\"cube-button--cube-btn\\"><wx-view class=\\"cube-button--cube-btn-content\\" style=\\"\\">取消</wx-view></wx-button></cube-button><cube-button class=\\"cube-confirm-button-group--cube-option-confirm-button\\"><wx-button style=\\"\\" class=\\"cube-button--cube-btn cube-button--cube-btn-primary\\"><wx-view class=\\"cube-button--cube-btn-content\\" style=\\"\\">确定</wx-view></wx-button></cube-button></wx-view></cube-button-group></cube-confirm-button-group></wx-view></wx-view></wx-view></wx-view></cube-popup>"`;

exports[` 2`] = `"<cube-popup class=\\"main--cube-modal main--ref_popup_1\\" data-eventconfigs=\\"[object Object]\\"><wx-view class=\\"cube-popup--cube-popup cube-popup--cube-popup_mask cube-popup--cube-popup_mask_fade_transition cube-popup--cube-popup-bottom cube-popup--cube-popup-remove-touch\\" style=\\"z-index: 100\\"><wx-view class=\\"cube-popup--cube-popup-mask\\" style=\\"\\"></wx-view><wx-view class=\\"cube-popup--cube-popup-content\\" style=\\"\\"><wx-view class=\\"main--cube-modal-section\\" style=\\"\\"><wx-view class=\\"main--cube-modal-header\\" style=\\"\\"><wx-view></wx-view></wx-view><wx-view class=\\"main--cube-modal-body\\" style=\\"\\"><wx-view class=\\"main--cube-modal-main\\"><wx-view class=\\"main--cube-modal-title\\">标题</wx-view><wx-view class=\\"main--cube-modal-content\\"><wx-rich-text><wx-view class=\\"rich-text\\">正文</wx-view></wx-rich-text></wx-view></wx-view></wx-view><wx-view class=\\"main--cube-modal-footer\\" style=\\"\\"><cube-confirm-button-group class=\\"main--cube-modal-confirm-button-group\\"><cube-button-group class=\\"cube-confirm-button-group--cube-confirm-button-group cube-confirm-button-group--cube-confirm-button-group_vertical\\"><wx-view class=\\"cube-button-group--cube-button-group cube-button-group--cube-button-group_vertical\\"><cube-button class=\\"cube-confirm-button-group--cube-option-cancel-button\\"><wx-button style=\\"\\" class=\\"cube-button--cube-btn\\"><wx-view class=\\"cube-button--cube-btn-content\\" style=\\"\\">取消按钮</wx-view></wx-button></cube-button><cube-button class=\\"cube-confirm-button-group--cube-option-confirm-button\\"><wx-button style=\\"\\" class=\\"cube-button--cube-btn cube-button--cube-btn-primary\\"><wx-view class=\\"cube-button--cube-btn-content\\" style=\\"\\">确认按钮</wx-view></wx-button></cube-button></wx-view></cube-button-group></cube-confirm-button-group></wx-view></wx-view></wx-view></wx-view></cube-popup>"`;

exports[` 3`] = `"<cube-popup class=\\"main--cube-modal main--ref_popup_1\\" data-eventconfigs=\\"[object Object]\\"><wx-view class=\\"cube-popup--cube-popup cube-popup--cube-popup_mask cube-popup--cube-popup_mask_fade_transition cube-popup--cube-popup-bottom cube-popup--cube-popup-remove-touch\\" style=\\"z-index: 100\\"><wx-view class=\\"cube-popup--cube-popup-mask\\" style=\\"\\"></wx-view><wx-view class=\\"cube-popup--cube-popup-content\\" style=\\"\\"><wx-view class=\\"main--cube-modal-section\\" style=\\"\\"><wx-view class=\\"main--cube-modal-header\\" style=\\"\\"><wx-view></wx-view></wx-view><wx-view class=\\"main--cube-modal-body\\" style=\\"\\"><wx-view class=\\"main--cube-modal-main\\"><wx-view class=\\"main--cube-modal-title\\">标题</wx-view><wx-view class=\\"main--cube-modal-content\\"><wx-rich-text><wx-view class=\\"rich-text\\">正文</wx-view></wx-rich-text></wx-view></wx-view></wx-view><wx-view class=\\"main--cube-modal-footer\\" style=\\"\\"><cube-confirm-button-group class=\\"main--cube-modal-confirm-button-group\\"><cube-button-group class=\\"cube-confirm-button-group--cube-confirm-button-group cube-confirm-button-group--cube-confirm-button-group_vertical\\"><wx-view class=\\"cube-button-group--cube-button-group cube-button-group--cube-button-group_vertical\\"><cube-button class=\\"cube-confirm-button-group--cube-option-cancel-button\\"><wx-button style=\\"\\" class=\\"cube-button--cube-btn cube-button--cube-btn_disabled\\"><wx-view class=\\"cube-button--cube-btn-content\\" style=\\"\\">取消</wx-view></wx-button></cube-button><cube-button class=\\"cube-confirm-button-group--cube-option-confirm-button\\"><wx-button style=\\"\\" class=\\"cube-button--cube-btn cube-button--cube-btn-primary cube-button--cube-btn_disabled\\"><wx-view class=\\"cube-button--cube-btn-content\\" style=\\"\\">确定</wx-view></wx-button></cube-button></wx-view></cube-button-group></cube-confirm-button-group></wx-view></wx-view></wx-view></wx-view></cube-popup>"`;

exports[` 4`] = `"<cube-popup class=\\"main--cube-modal main--ref_popup_1\\" data-eventconfigs=\\"[object Object]\\"><wx-view class=\\"cube-popup--cube-popup cube-popup--cube-popup_mask cube-popup--cube-popup_mask_fade_transition cube-popup--cube-popup-bottom cube-popup--cube-popup-remove-touch\\" style=\\"z-index: 100\\"><wx-view class=\\"cube-popup--cube-popup-mask\\" style=\\"\\"></wx-view><wx-view class=\\"cube-popup--cube-popup-content\\" style=\\"\\"><wx-view class=\\"main--cube-modal-section\\" style=\\"\\"><wx-view class=\\"main--cube-modal-header\\" style=\\"\\"><wx-view></wx-view></wx-view><wx-view class=\\"main--cube-modal-body\\" style=\\"\\"><wx-view class=\\"main--cube-modal-main\\"><wx-view class=\\"main--cube-modal-title\\">标题</wx-view><wx-view class=\\"main--cube-modal-content\\"><wx-rich-text><wx-view class=\\"rich-text\\">正文</wx-view></wx-rich-text></wx-view></wx-view></wx-view><wx-view class=\\"main--cube-modal-footer\\" style=\\"\\"><cube-confirm-button-group class=\\"main--cube-modal-confirm-button-group\\"><cube-button-group class=\\"cube-confirm-button-group--cube-confirm-button-group cube-confirm-button-group--cube-confirm-button-group_vertical\\"><wx-view class=\\"cube-button-group--cube-button-group cube-button-group--cube-button-group_vertical\\"><cube-button class=\\"cube-confirm-button-group--cube-option-confirm-button\\"><wx-button style=\\"\\" class=\\"cube-button--cube-btn cube-button--cube-btn-primary\\"><wx-view class=\\"cube-button--cube-btn-content\\" style=\\"\\">确认按钮</wx-view></wx-button></cube-button></wx-view></cube-button-group></cube-confirm-button-group></wx-view></wx-view></wx-view></wx-view></cube-popup>"`;

exports[` 5`] = `"<cube-popup class=\\"main--cube-modal main--ref_popup_1\\" data-eventconfigs=\\"[object Object]\\"><wx-view class=\\"cube-popup--cube-popup cube-popup--cube-popup_mask cube-popup--cube-popup_mask_fade_transition cube-popup--cube-popup-bottom cube-popup--cube-popup-remove-touch\\" style=\\"z-index: 100\\"><wx-view class=\\"cube-popup--cube-popup-mask\\" style=\\"\\"></wx-view><wx-view class=\\"cube-popup--cube-popup-content\\" style=\\"\\"><wx-view class=\\"main--cube-modal-section\\" style=\\"\\"><wx-view class=\\"main--cube-modal-header\\" style=\\"\\"><wx-view></wx-view></wx-view><wx-view class=\\"main--cube-modal-body\\" style=\\"\\"><wx-view class=\\"main--cube-modal-main\\"><wx-view class=\\"main--cube-modal-title\\">标题</wx-view><wx-view class=\\"main--cube-modal-content\\"><wx-rich-text><wx-view class=\\"rich-text\\">正文</wx-view></wx-rich-text></wx-view></wx-view></wx-view><wx-view class=\\"main--cube-modal-footer\\" style=\\"\\"><cube-confirm-button-group class=\\"main--cube-modal-confirm-button-group\\"><cube-button-group class=\\"cube-confirm-button-group--cube-confirm-button-group cube-confirm-button-group--cube-confirm-button-group_vertical\\"><wx-view class=\\"cube-button-group--cube-button-group cube-button-group--cube-button-group_vertical\\"><cube-button class=\\"cube-confirm-button-group--cube-option-confirm-button\\"><wx-button style=\\"\\" class=\\"cube-button--cube-btn cube-button--cube-btn-primary cube-button--cube-btn_disabled\\"><wx-view class=\\"cube-button--cube-btn-content\\" style=\\"\\">确认按钮</wx-view></wx-button></cube-button></wx-view></cube-button-group></cube-confirm-button-group></wx-view></wx-view></wx-view></wx-view></cube-popup>"`;

exports[` 6`] = `"<cube-popup class=\\"main--cube-modal main--ref_popup_1\\" data-eventconfigs=\\"[object Object]\\"><wx-view class=\\"cube-popup--cube-popup cube-popup--cube-popup_mask cube-popup--cube-popup_mask_fade_transition cube-popup--cube-popup-bottom cube-popup--cube-popup-remove-touch\\" style=\\"z-index: 100\\"><wx-view class=\\"cube-popup--cube-popup-mask\\" style=\\"\\"></wx-view><wx-view class=\\"cube-popup--cube-popup-content\\" style=\\"\\"><wx-view class=\\"main--cube-modal-section\\" style=\\"\\"><wx-view class=\\"main--cube-modal-header\\" style=\\"\\"><wx-view></wx-view></wx-view><wx-view class=\\"main--cube-modal-body\\" style=\\"\\"><wx-view class=\\"main--cube-modal-main\\"><wx-view class=\\"main--cube-modal-title\\">标题</wx-view><wx-view class=\\"main--cube-modal-content\\"><wx-rich-text><wx-view class=\\"rich-text\\">正文</wx-view></wx-rich-text></wx-view></wx-view></wx-view><wx-view class=\\"main--cube-modal-footer\\" style=\\"\\"><cube-confirm-button-group class=\\"main--cube-modal-confirm-button-group\\"><cube-button-group class=\\"cube-confirm-button-group--cube-confirm-button-group cube-confirm-button-group--cube-confirm-button-group_vertical\\"><wx-view class=\\"cube-button-group--cube-button-group cube-button-group--cube-button-group_vertical\\"><cube-button class=\\"cube-confirm-button-group--cube-option-cancel-button\\"><wx-button style=\\"\\" class=\\"cube-button--cube-btn\\"><wx-view class=\\"cube-button--cube-btn-content\\" style=\\"\\">取消</wx-view></wx-button></cube-button><cube-button class=\\"cube-confirm-button-group--cube-option-confirm-button\\"><wx-button style=\\"\\" class=\\"cube-button--cube-btn cube-button--cube-btn-primary\\"><wx-view class=\\"cube-button--cube-btn-content\\" style=\\"\\">确定</wx-view></wx-button></cube-button></wx-view></cube-button-group></cube-confirm-button-group></wx-view></wx-view></wx-view></wx-view></cube-popup>"`;

exports[` 7`] = `"<cube-popup class=\\"main--cube-modal main--ref_popup_1\\" data-eventconfigs=\\"[object Object]\\"><wx-view class=\\"cube-popup--cube-popup cube-popup--cube-popup_mask cube-popup--cube-popup_mask_fade_transition cube-popup--cube-popup-bottom cube-popup--cube-popup-remove-touch\\" style=\\"z-index: 100\\"><wx-view class=\\"cube-popup--cube-popup-mask\\" style=\\"\\"></wx-view><wx-view class=\\"cube-popup--cube-popup-content\\" style=\\"\\"><wx-view class=\\"main--cube-modal-section\\" style=\\"\\"><wx-view class=\\"main--cube-modal-header\\" style=\\"\\"><wx-view></wx-view></wx-view><wx-view class=\\"main--cube-modal-body\\" style=\\"\\"><wx-view class=\\"main--cube-modal-main\\"><wx-view class=\\"main--cube-modal-title\\">标题</wx-view><wx-view class=\\"main--cube-modal-content\\"><wx-rich-text><wx-view class=\\"rich-text\\">正文</wx-view></wx-rich-text></wx-view></wx-view></wx-view><wx-view class=\\"main--cube-modal-footer\\" style=\\"\\"><cube-confirm-button-group class=\\"main--cube-modal-confirm-button-group\\"><cube-button-group class=\\"cube-confirm-button-group--cube-confirm-button-group\\"><wx-view class=\\"cube-button-group--cube-button-group cube-button-group--cube-button-group_horizontal\\"><cube-button class=\\"cube-confirm-button-group--cube-option-cancel-button\\"><wx-button style=\\"\\" class=\\"cube-button--cube-btn\\"><wx-view class=\\"cube-button--cube-btn-content\\" style=\\"\\">取消</wx-view></wx-button></cube-button><cube-button class=\\"cube-confirm-button-group--cube-option-confirm-button\\"><wx-button style=\\"\\" class=\\"cube-button--cube-btn cube-button--cube-btn-primary\\"><wx-view class=\\"cube-button--cube-btn-content\\" style=\\"\\">确定</wx-view></wx-button></cube-button></wx-view></cube-button-group></cube-confirm-button-group></wx-view></wx-view></wx-view></wx-view></cube-popup>"`;

exports[` 8`] = `"<cube-popup class=\\"main--cube-modal main--ref_popup_1\\" data-eventconfigs=\\"[object Object]\\"><wx-view class=\\"cube-popup--cube-popup cube-popup--cube-popup_mask cube-popup--cube-popup_mask_fade_transition cube-popup--cube-popup-bottom cube-popup--cube-popup-remove-touch\\" style=\\"z-index: 100\\"><wx-view class=\\"cube-popup--cube-popup-mask\\" style=\\"\\"></wx-view><wx-view class=\\"cube-popup--cube-popup-content\\" style=\\"\\"><wx-view class=\\"main--cube-modal-section\\" style=\\"\\"><wx-view class=\\"main--cube-modal-header\\" style=\\"\\"><wx-view></wx-view></wx-view><wx-view class=\\"main--cube-modal-body main--horizontal\\" style=\\"\\"><wx-view class=\\"main--cube-modal-main\\"><wx-view class=\\"main--cube-modal-title\\">标题</wx-view><wx-view class=\\"main--cube-modal-content\\"><wx-rich-text><wx-view class=\\"rich-text\\">正文</wx-view></wx-rich-text></wx-view></wx-view></wx-view><wx-view class=\\"main--cube-modal-footer\\" style=\\"\\"><cube-confirm-button-group class=\\"main--cube-modal-confirm-button-group\\"><cube-button-group class=\\"cube-confirm-button-group--cube-confirm-button-group cube-confirm-button-group--cube-confirm-button-group_vertical\\"><wx-view class=\\"cube-button-group--cube-button-group cube-button-group--cube-button-group_vertical\\"><cube-button class=\\"cube-confirm-button-group--cube-option-cancel-button\\"><wx-button style=\\"\\" class=\\"cube-button--cube-btn\\"><wx-view class=\\"cube-button--cube-btn-content\\" style=\\"\\">取消</wx-view></wx-button></cube-button><cube-button class=\\"cube-confirm-button-group--cube-option-confirm-button\\"><wx-button style=\\"\\" class=\\"cube-button--cube-btn cube-button--cube-btn-primary\\"><wx-view class=\\"cube-button--cube-btn-content\\" style=\\"\\">确定</wx-view></wx-button></cube-button></wx-view></cube-button-group></cube-confirm-button-group></wx-view></wx-view></wx-view></wx-view></cube-popup>"`;

exports[` 9`] = `"<cube-popup class=\\"main--cube-modal main--ref_popup_1\\" data-eventconfigs=\\"[object Object]\\"><wx-view class=\\"cube-popup--cube-popup cube-popup--cube-popup_mask cube-popup--cube-popup_mask_fade_transition cube-popup--cube-popup-bottom cube-popup--cube-popup-remove-touch\\" style=\\"z-index: 100\\"><wx-view class=\\"cube-popup--cube-popup-mask\\" style=\\"\\"></wx-view><wx-view class=\\"cube-popup--cube-popup-content\\" style=\\"\\"><wx-view class=\\"main--cube-modal-section\\" style=\\"\\"><wx-view class=\\"main--cube-modal-header\\" style=\\"\\"><wx-view></wx-view></wx-view><wx-view class=\\"main--cube-modal-body\\" style=\\"\\"><wx-view class=\\"main--cube-modal-main\\"><wx-view class=\\"main--cube-modal-title\\">标题</wx-view><wx-view class=\\"main--cube-modal-content\\"><wx-rich-text><wx-view class=\\"rich-text\\">正文</wx-view></wx-rich-text></wx-view></wx-view></wx-view><wx-view class=\\"main--cube-modal-footer\\" style=\\"\\"></wx-view></wx-view></wx-view></wx-view></cube-popup>"`;

exports[` 10`] = `"<cube-popup class=\\"main--cube-modal main--ref_popup_1\\" data-eventconfigs=\\"[object Object]\\"><wx-view class=\\"cube-popup--cube-popup cube-popup--cube-popup_mask cube-popup--cube-popup_mask_fade_transition cube-popup--cube-popup-bottom cube-popup--cube-popup-remove-touch\\" style=\\"z-index: 100\\"><wx-view class=\\"cube-popup--cube-popup-mask\\" style=\\"\\"></wx-view><wx-view class=\\"cube-popup--cube-popup-content\\" style=\\"\\"><wx-view class=\\"main--cube-modal-section\\" style=\\"\\"><wx-view class=\\"main--cube-modal-header\\" style=\\"\\"><wx-view class=\\"main--cube-modal-close\\"><wx-view class=\\"main--cube-modal-close-icon\\"><cube-icon><wx-view class=\\"cube-icon--cubeic cube-icon--cubeic cube-icon--cubeic-close\\" style=\\"\\"></wx-view></cube-icon></wx-view></wx-view></wx-view><wx-view class=\\"main--cube-modal-body\\" style=\\"\\"><wx-view class=\\"main--cube-modal-main\\"><wx-view class=\\"main--cube-modal-title\\">标题</wx-view><wx-view class=\\"main--cube-modal-content\\"><wx-rich-text><wx-view class=\\"rich-text\\">正文</wx-view></wx-rich-text></wx-view></wx-view></wx-view><wx-view class=\\"main--cube-modal-footer\\" style=\\"\\"><cube-confirm-button-group class=\\"main--cube-modal-confirm-button-group\\"><cube-button-group class=\\"cube-confirm-button-group--cube-confirm-button-group cube-confirm-button-group--cube-confirm-button-group_vertical\\"><wx-view class=\\"cube-button-group--cube-button-group cube-button-group--cube-button-group_vertical\\"><cube-button class=\\"cube-confirm-button-group--cube-option-cancel-button\\"><wx-button style=\\"\\" class=\\"cube-button--cube-btn\\"><wx-view class=\\"cube-button--cube-btn-content\\" style=\\"\\">取消</wx-view></wx-button></cube-button><cube-button class=\\"cube-confirm-button-group--cube-option-confirm-button\\"><wx-button style=\\"\\" class=\\"cube-button--cube-btn cube-button--cube-btn-primary\\"><wx-view class=\\"cube-button--cube-btn-content\\" style=\\"\\">确定</wx-view></wx-button></cube-button></wx-view></cube-button-group></cube-confirm-button-group></wx-view></wx-view></wx-view></wx-view></cube-popup>"`;

exports[` 11`] = `"<cube-popup class=\\"main--cube-modal main--ref_popup_1\\" data-eventconfigs=\\"[object Object]\\"><wx-view class=\\"cube-popup--cube-popup cube-popup--cube-popup_mask cube-popup--cube-popup_mask_fade_transition cube-popup--cube-popup-bottom cube-popup--cube-popup-remove-touch\\" style=\\"z-index: 100\\"><wx-view class=\\"cube-popup--cube-popup-mask\\" style=\\"\\"></wx-view><wx-view class=\\"cube-popup--cube-popup-content\\" style=\\"\\"><wx-view class=\\"main--cube-modal-section\\" style=\\"\\"><wx-view class=\\"main--cube-modal-header\\" style=\\"\\"><wx-view class=\\"main--cube-modal-close\\"><wx-view class=\\"main--cube-modal-close-icon\\"><cube-icon><wx-view class=\\"cube-icon--cubeic cube-icon--cubeic cube-icon--cubeic-close\\" style=\\"\\"></wx-view></cube-icon></wx-view></wx-view></wx-view><wx-view class=\\"main--cube-modal-body\\" style=\\"\\"><wx-view class=\\"main--cube-modal-main\\"><wx-view class=\\"main--cube-modal-title\\">标题</wx-view><wx-view class=\\"main--cube-modal-content\\"><wx-rich-text><wx-view class=\\"rich-text\\">正文</wx-view></wx-rich-text></wx-view></wx-view></wx-view><wx-view class=\\"main--cube-modal-footer\\" style=\\"\\"><cube-confirm-button-group class=\\"main--cube-modal-confirm-button-group\\"><cube-button-group class=\\"cube-confirm-button-group--cube-confirm-button-group cube-confirm-button-group--cube-confirm-button-group_vertical\\"><wx-view class=\\"cube-button-group--cube-button-group cube-button-group--cube-button-group_vertical\\"><cube-button class=\\"cube-confirm-button-group--cube-option-cancel-button\\"><wx-button style=\\"\\" class=\\"cube-button--cube-btn\\"><wx-view class=\\"cube-button--cube-btn-content\\" style=\\"\\">取消按钮</wx-view></wx-button></cube-button><cube-button class=\\"cube-confirm-button-group--cube-option-confirm-button\\"><wx-button style=\\"\\" class=\\"cube-button--cube-btn cube-button--cube-btn-primary\\"><wx-view class=\\"cube-button--cube-btn-content\\" style=\\"\\">确认按钮</wx-view></wx-button></cube-button></wx-view></cube-button-group></cube-confirm-button-group></wx-view></wx-view></wx-view></wx-view></cube-popup>"`;

exports[` 12`] = `"<cube-popup class=\\"main--cube-modal main--ref_popup_1\\" data-eventconfigs=\\"[object Object]\\"><wx-view class=\\"cube-popup--cube-popup cube-popup--cube-popup_mask cube-popup--cube-popup_mask_fade_transition cube-popup--cube-popup-bottom cube-popup--cube-popup-remove-touch\\" style=\\"z-index: 100\\"><wx-view class=\\"cube-popup--cube-popup-mask\\" style=\\"\\"></wx-view><wx-view class=\\"cube-popup--cube-popup-content\\" style=\\"\\"><wx-view class=\\"main--cube-modal-section\\" style=\\"\\"><wx-view class=\\"main--cube-modal-header\\" style=\\"\\"><wx-view class=\\"main--cube-modal-cancel main--algin-right\\"><wx-view class=\\"main--cube-modal-cancel-btn\\">确认取消</wx-view></wx-view><wx-view></wx-view></wx-view><wx-view class=\\"main--cube-modal-body\\" style=\\"\\"><wx-view class=\\"main--cube-modal-main\\"><wx-view class=\\"main--cube-modal-title\\">标题</wx-view><wx-view class=\\"main--cube-modal-content\\"><wx-rich-text><wx-view class=\\"rich-text\\">正文</wx-view></wx-rich-text></wx-view></wx-view></wx-view><wx-view class=\\"main--cube-modal-footer\\" style=\\"\\"><cube-confirm-button-group class=\\"main--cube-modal-confirm-button-group\\"><cube-button-group class=\\"cube-confirm-button-group--cube-confirm-button-group cube-confirm-button-group--cube-confirm-button-group_vertical\\"><wx-view class=\\"cube-button-group--cube-button-group cube-button-group--cube-button-group_vertical\\"><cube-button class=\\"cube-confirm-button-group--cube-option-cancel-button\\"><wx-button style=\\"\\" class=\\"cube-button--cube-btn\\"><wx-view class=\\"cube-button--cube-btn-content\\" style=\\"\\">取消</wx-view></wx-button></cube-button><cube-button class=\\"cube-confirm-button-group--cube-option-confirm-button\\"><wx-button style=\\"\\" class=\\"cube-button--cube-btn cube-button--cube-btn-primary\\"><wx-view class=\\"cube-button--cube-btn-content\\" style=\\"\\">确定</wx-view></wx-button></cube-button></wx-view></cube-button-group></cube-confirm-button-group></wx-view></wx-view></wx-view></wx-view></cube-popup>"`;

exports[` 13`] = `"<main class=\\"modal\\"><cube-popup class=\\"main--cube-modal main--ref_popup_1\\" data-eventconfigs=\\"[object Object]\\"><wx-view class=\\"cube-popup--cube-popup cube-popup--cube-popup_mask cube-popup--cube-popup_mask_fade_transition cube-popup--cube-popup-bottom cube-popup--cube-popup-remove-touch\\" style=\\"z-index: 100\\"><wx-view class=\\"cube-popup--cube-popup-mask\\" style=\\"\\"></wx-view><wx-view class=\\"cube-popup--cube-popup-content\\" style=\\"\\"><wx-view class=\\"main--cube-modal-section\\" style=\\"\\"><wx-view class=\\"main--cube-modal-header\\" style=\\"\\"><wx-view></wx-view><wx-view class=\\"modal-header-slot\\">我是slot header</wx-view></wx-view><wx-view class=\\"main--cube-modal-body\\" style=\\"\\"><wx-view class=\\"modal-icon-slot\\"></wx-view><wx-view class=\\"main--cube-modal-main\\"><wx-view class=\\"modal-title-slot\\">我是slot title</wx-view><wx-view class=\\"main--cube-modal-content\\"><wx-view class=\\"modal-content-slot\\">我是slot content</wx-view></wx-view></wx-view></wx-view><wx-view class=\\"main--cube-modal-footer\\" style=\\"\\"><cube-confirm-button-group class=\\"main--cube-modal-confirm-button-group\\"><cube-button-group class=\\"cube-confirm-button-group--cube-confirm-button-group cube-confirm-button-group--cube-confirm-button-group_vertical\\"><wx-view class=\\"cube-button-group--cube-button-group cube-button-group--cube-button-group_vertical\\"><cube-button class=\\"cube-confirm-button-group--cube-option-cancel-button\\"><wx-button style=\\"\\" class=\\"cube-button--cube-btn\\"><wx-view class=\\"cube-button--cube-btn-content\\" style=\\"\\">取消</wx-view></wx-button></cube-button><cube-button class=\\"cube-confirm-button-group--cube-option-confirm-button\\"><wx-button style=\\"\\" class=\\"cube-button--cube-btn cube-button--cube-btn-primary\\"><wx-view class=\\"cube-button--cube-btn-content\\" style=\\"\\">确定</wx-view></wx-button></cube-button></wx-view></cube-button-group></cube-confirm-button-group><wx-view class=\\"modal-footer-slot\\">我是slot footer</wx-view></wx-view></wx-view></wx-view></wx-view></cube-popup></main>"`;
