// Jest Snapshot v1, https://goo.gl/fbAQLP

exports[`component picker unit test  props:day check  matchSnapshot 1`] = `"<cube-picker-popup-base class=\\"main--ref_choosePopup_1 main--cube-time-picker-popup\\" data-eventconfigs=\\"[object Object]\\"><cube-popup class=\\"cube-picker-popup-base--cube-picker-popup-base cube-picker-popup-base--ref_popup_1\\" data-eventconfigs=\\"[object Object]\\"><wx-view class=\\"cube-popup--cube-popup cube-popup--cube-popup_mask cube-popup--cube-popup_mask_fade_transition cube-popup--cube-popup-bottom cube-popup--cube-popup-remove-touch\\" style=\\"z-index: 100\\"><wx-view class=\\"cube-popup--cube-popup-mask\\" style=\\"\\"></wx-view><wx-view class=\\"cube-popup--cube-popup-content\\" style=\\"\\"><wx-view class=\\"cube-picker-popup-base--cube-picker-popup-panel\\"><wx-view class=\\"cube-picker-popup-base--cube-picker-popup-header\\"><wx-view class=\\"cube-picker-popup-base--cube-picker-popup-cancel\\">取消</wx-view><wx-view class=\\"cube-picker-popup-base--cube-picker-popup-title-group\\"><wx-view class=\\"cube-picker-popup-base--cube-picker-popup-title\\"><wx-rich-text><wx-view class=\\"rich-text\\"></wx-view></wx-rich-text></wx-view></wx-view><wx-view class=\\"cube-picker-popup-base--cube-picker-popup-confirm\\">确认</wx-view></wx-view><wx-view class=\\"cube-picker-popup-base--cube-picker-popup-content\\"><cube-time-picker class=\\"main--ref_picker_2\\"><cube-cascade-picker class=\\"cube-time-picker--ref_picker_1 cube-time-picker--cube-time-picker\\"><cube-picker class=\\"cube-cascade-picker--ref_picker_1 cube-cascade-picker--cube-cascade-picker\\"><wx-view class=\\"cube-picker--cube-picker\\"><wx-picker-view class=\\"cube-picker--cube-picker-wheel-wrapper\\"><wx-picker-view-column class=\\"cube-picker--cube-picker-wheel-scroll\\" style=\\"order:0\\"><wx-view class=\\"cube-picker--cube-picker-wheel-item\\">12月份11号</wx-view><wx-view class=\\"cube-picker--cube-picker-wheel-item\\">12月份12号</wx-view><wx-view class=\\"cube-picker--cube-picker-wheel-item\\">12月份13号</wx-view><wx-view class=\\"cube-picker--cube-picker-wheel-item\\">12月份14号</wx-view></wx-picker-view-column><wx-picker-view-column class=\\"cube-picker--cube-picker-wheel-scroll\\" style=\\"order:1\\"><wx-view class=\\"cube-picker--cube-picker-wheel-item\\">12点</wx-view><wx-view class=\\"cube-picker--cube-picker-wheel-item\\">13点</wx-view><wx-view class=\\"cube-picker--cube-picker-wheel-item\\">14点</wx-view><wx-view class=\\"cube-picker--cube-picker-wheel-item\\">15点</wx-view><wx-view class=\\"cube-picker--cube-picker-wheel-item\\">16点</wx-view><wx-view class=\\"cube-picker--cube-picker-wheel-item\\">17点</wx-view><wx-view class=\\"cube-picker--cube-picker-wheel-item\\">18点</wx-view><wx-view class=\\"cube-picker--cube-picker-wheel-item\\">19点</wx-view><wx-view class=\\"cube-picker--cube-picker-wheel-item\\">20点</wx-view><wx-view class=\\"cube-picker--cube-picker-wheel-item\\">21点</wx-view><wx-view class=\\"cube-picker--cube-picker-wheel-item\\">22点</wx-view><wx-view class=\\"cube-picker--cube-picker-wheel-item\\">23点</wx-view></wx-picker-view-column><wx-picker-view-column class=\\"cube-picker--cube-picker-wheel-scroll\\" style=\\"order:2\\"><wx-view class=\\"cube-picker--cube-picker-wheel-item\\">30分</wx-view><wx-view class=\\"cube-picker--cube-picker-wheel-item\\">40分</wx-view><wx-view class=\\"cube-picker--cube-picker-wheel-item\\">50分</wx-view></wx-picker-view-column></wx-picker-view></wx-view></cube-picker></cube-cascade-picker></cube-time-picker></wx-view></wx-view></wx-view></wx-view></cube-popup></cube-picker-popup-base>"`;

exports[`component picker unit test  props:delay check  matchSnapshot 1`] = `"<cube-picker-popup-base class=\\"main--ref_choosePopup_1 main--cube-time-picker-popup\\" data-eventconfigs=\\"[object Object]\\"><cube-popup class=\\"cube-picker-popup-base--cube-picker-popup-base cube-picker-popup-base--ref_popup_1\\" data-eventconfigs=\\"[object Object]\\"><wx-view class=\\"cube-popup--cube-popup cube-popup--cube-popup_mask cube-popup--cube-popup_mask_fade_transition cube-popup--cube-popup-bottom cube-popup--cube-popup-remove-touch\\" style=\\"z-index: 100\\"><wx-view class=\\"cube-popup--cube-popup-mask\\" style=\\"\\"></wx-view><wx-view class=\\"cube-popup--cube-popup-content\\" style=\\"\\"><wx-view class=\\"cube-picker-popup-base--cube-picker-popup-panel\\"><wx-view class=\\"cube-picker-popup-base--cube-picker-popup-header\\"><wx-view class=\\"cube-picker-popup-base--cube-picker-popup-cancel\\">取消</wx-view><wx-view class=\\"cube-picker-popup-base--cube-picker-popup-title-group\\"><wx-view class=\\"cube-picker-popup-base--cube-picker-popup-title\\"><wx-rich-text><wx-view class=\\"rich-text\\"></wx-view></wx-rich-text></wx-view></wx-view><wx-view class=\\"cube-picker-popup-base--cube-picker-popup-confirm\\">确认</wx-view></wx-view><wx-view class=\\"cube-picker-popup-base--cube-picker-popup-content\\"><cube-time-picker class=\\"main--ref_picker_2\\"><cube-cascade-picker class=\\"cube-time-picker--ref_picker_1 cube-time-picker--cube-time-picker\\"><cube-picker class=\\"cube-cascade-picker--ref_picker_1 cube-cascade-picker--cube-cascade-picker\\"><wx-view class=\\"cube-picker--cube-picker\\"><wx-picker-view class=\\"cube-picker--cube-picker-wheel-wrapper\\"><wx-picker-view-column class=\\"cube-picker--cube-picker-wheel-scroll\\" style=\\"order:0\\"><wx-view class=\\"cube-picker--cube-picker-wheel-item\\">12月11日</wx-view><wx-view class=\\"cube-picker--cube-picker-wheel-item\\">12月12日</wx-view><wx-view class=\\"cube-picker--cube-picker-wheel-item\\">12月13日</wx-view></wx-picker-view-column><wx-picker-view-column class=\\"cube-picker--cube-picker-wheel-scroll\\" style=\\"order:1\\"><wx-view class=\\"cube-picker--cube-picker-wheel-item\\">12点</wx-view><wx-view class=\\"cube-picker--cube-picker-wheel-item\\">13点</wx-view><wx-view class=\\"cube-picker--cube-picker-wheel-item\\">14点</wx-view><wx-view class=\\"cube-picker--cube-picker-wheel-item\\">15点</wx-view><wx-view class=\\"cube-picker--cube-picker-wheel-item\\">16点</wx-view><wx-view class=\\"cube-picker--cube-picker-wheel-item\\">17点</wx-view><wx-view class=\\"cube-picker--cube-picker-wheel-item\\">18点</wx-view><wx-view class=\\"cube-picker--cube-picker-wheel-item\\">19点</wx-view><wx-view class=\\"cube-picker--cube-picker-wheel-item\\">20点</wx-view><wx-view class=\\"cube-picker--cube-picker-wheel-item\\">21点</wx-view><wx-view class=\\"cube-picker--cube-picker-wheel-item\\">22点</wx-view><wx-view class=\\"cube-picker--cube-picker-wheel-item\\">23点</wx-view></wx-picker-view-column><wx-picker-view-column class=\\"cube-picker--cube-picker-wheel-scroll\\" style=\\"order:2\\"><wx-view class=\\"cube-picker--cube-picker-wheel-item\\">00分</wx-view><wx-view class=\\"cube-picker--cube-picker-wheel-item\\">10分</wx-view><wx-view class=\\"cube-picker--cube-picker-wheel-item\\">20分</wx-view><wx-view class=\\"cube-picker--cube-picker-wheel-item\\">30分</wx-view><wx-view class=\\"cube-picker--cube-picker-wheel-item\\">40分</wx-view><wx-view class=\\"cube-picker--cube-picker-wheel-item\\">50分</wx-view></wx-picker-view-column></wx-picker-view></wx-view></cube-picker></cube-cascade-picker></cube-time-picker></wx-view></wx-view></wx-view></wx-view></cube-popup></cube-picker-popup-base>"`;

exports[`component picker unit test  props:showNow check  matchSnapshot 1`] = `"<cube-picker-popup-base class=\\"main--ref_choosePopup_1 main--cube-time-picker-popup\\" data-eventconfigs=\\"[object Object]\\"><cube-popup class=\\"cube-picker-popup-base--cube-picker-popup-base cube-picker-popup-base--ref_popup_1\\" data-eventconfigs=\\"[object Object]\\"><wx-view class=\\"cube-popup--cube-popup cube-popup--cube-popup_mask cube-popup--cube-popup_mask_fade_transition cube-popup--cube-popup-bottom cube-popup--cube-popup-remove-touch\\" style=\\"z-index: 100\\"><wx-view class=\\"cube-popup--cube-popup-mask\\" style=\\"\\"></wx-view><wx-view class=\\"cube-popup--cube-popup-content\\" style=\\"\\"><wx-view class=\\"cube-picker-popup-base--cube-picker-popup-panel\\"><wx-view class=\\"cube-picker-popup-base--cube-picker-popup-header\\"><wx-view class=\\"cube-picker-popup-base--cube-picker-popup-cancel\\">取消</wx-view><wx-view class=\\"cube-picker-popup-base--cube-picker-popup-title-group\\"><wx-view class=\\"cube-picker-popup-base--cube-picker-popup-title\\"><wx-rich-text><wx-view class=\\"rich-text\\"></wx-view></wx-rich-text></wx-view></wx-view><wx-view class=\\"cube-picker-popup-base--cube-picker-popup-confirm\\">确认</wx-view></wx-view><wx-view class=\\"cube-picker-popup-base--cube-picker-popup-content\\"><cube-time-picker class=\\"main--ref_picker_2\\"><cube-cascade-picker class=\\"cube-time-picker--ref_picker_1 cube-time-picker--cube-time-picker\\"><cube-picker class=\\"cube-cascade-picker--ref_picker_1 cube-cascade-picker--cube-cascade-picker\\"><wx-view class=\\"cube-picker--cube-picker\\"><wx-picker-view class=\\"cube-picker--cube-picker-wheel-wrapper\\"><wx-picker-view-column class=\\"cube-picker--cube-picker-wheel-scroll\\" style=\\"order:0\\"><wx-view class=\\"cube-picker--cube-picker-wheel-item\\">12月11日</wx-view><wx-view class=\\"cube-picker--cube-picker-wheel-item\\">12月12日</wx-view><wx-view class=\\"cube-picker--cube-picker-wheel-item\\">12月13日</wx-view></wx-picker-view-column><wx-picker-view-column class=\\"cube-picker--cube-picker-wheel-scroll\\" style=\\"order:1\\"><wx-view class=\\"cube-picker--cube-picker-wheel-item\\">12点</wx-view><wx-view class=\\"cube-picker--cube-picker-wheel-item\\">13点</wx-view><wx-view class=\\"cube-picker--cube-picker-wheel-item\\">14点</wx-view><wx-view class=\\"cube-picker--cube-picker-wheel-item\\">15点</wx-view><wx-view class=\\"cube-picker--cube-picker-wheel-item\\">16点</wx-view><wx-view class=\\"cube-picker--cube-picker-wheel-item\\">17点</wx-view><wx-view class=\\"cube-picker--cube-picker-wheel-item\\">18点</wx-view><wx-view class=\\"cube-picker--cube-picker-wheel-item\\">19点</wx-view><wx-view class=\\"cube-picker--cube-picker-wheel-item\\">20点</wx-view><wx-view class=\\"cube-picker--cube-picker-wheel-item\\">21点</wx-view><wx-view class=\\"cube-picker--cube-picker-wheel-item\\">22点</wx-view><wx-view class=\\"cube-picker--cube-picker-wheel-item\\">23点</wx-view></wx-picker-view-column><wx-picker-view-column class=\\"cube-picker--cube-picker-wheel-scroll\\" style=\\"order:2\\"><wx-view class=\\"cube-picker--cube-picker-wheel-item\\">00分</wx-view><wx-view class=\\"cube-picker--cube-picker-wheel-item\\">10分</wx-view><wx-view class=\\"cube-picker--cube-picker-wheel-item\\">20分</wx-view><wx-view class=\\"cube-picker--cube-picker-wheel-item\\">30分</wx-view><wx-view class=\\"cube-picker--cube-picker-wheel-item\\">40分</wx-view><wx-view class=\\"cube-picker--cube-picker-wheel-item\\">50分</wx-view></wx-picker-view-column></wx-picker-view></wx-view></cube-picker></cube-cascade-picker></cube-time-picker></wx-view></wx-view></wx-view></wx-view></cube-popup></cube-picker-popup-base>"`;

exports[`component picker unit test base props check matchSnapshot 1`] = `"<cube-picker-popup-base class=\\"main--ref_choosePopup_1 main--cube-time-picker-popup\\" data-eventconfigs=\\"[object Object]\\"><cube-popup class=\\"cube-picker-popup-base--cube-picker-popup-base cube-picker-popup-base--ref_popup_1\\" data-eventconfigs=\\"[object Object]\\"><wx-view class=\\"cube-popup--cube-popup cube-popup--cube-popup_mask cube-popup--cube-popup_mask_fade_transition cube-popup--cube-popup-bottom cube-popup--cube-popup-remove-touch\\" style=\\"z-index: 100\\"><wx-view class=\\"cube-popup--cube-popup-mask\\" style=\\"\\"></wx-view><wx-view class=\\"cube-popup--cube-popup-content\\" style=\\"\\"><wx-view class=\\"cube-picker-popup-base--cube-picker-popup-panel\\"><wx-view class=\\"cube-picker-popup-base--cube-picker-popup-header\\"><wx-view class=\\"cube-picker-popup-base--cube-picker-popup-cancel\\">取消文案</wx-view><wx-view class=\\"cube-picker-popup-base--cube-picker-popup-title-group\\"><wx-view class=\\"cube-picker-popup-base--cube-picker-popup-title\\"><wx-rich-text><wx-view class=\\"rich-text\\">我是标题</wx-view></wx-rich-text></wx-view><wx-view class=\\"cube-picker-popup-base--cube-picker-popup-subtitle\\"><wx-rich-text><wx-view class=\\"rich-text\\">副标题</wx-view></wx-rich-text></wx-view></wx-view><wx-view class=\\"cube-picker-popup-base--cube-picker-popup-confirm\\">确认文案</wx-view></wx-view><wx-view class=\\"cube-picker-popup-base--cube-picker-popup-content\\"><cube-time-picker class=\\"main--ref_picker_2\\"><cube-cascade-picker class=\\"cube-time-picker--ref_picker_1 cube-time-picker--cube-time-picker\\"><cube-picker class=\\"cube-cascade-picker--ref_picker_1 cube-cascade-picker--cube-cascade-picker\\"><wx-view class=\\"cube-picker--cube-picker\\"><wx-picker-view class=\\"cube-picker--cube-picker-wheel-wrapper\\"><wx-picker-view-column class=\\"cube-picker--cube-picker-wheel-scroll\\" style=\\"order:0\\"><wx-view class=\\"cube-picker--cube-picker-wheel-item\\">12月11日</wx-view><wx-view class=\\"cube-picker--cube-picker-wheel-item\\">12月12日</wx-view><wx-view class=\\"cube-picker--cube-picker-wheel-item\\">12月13日</wx-view></wx-picker-view-column><wx-picker-view-column class=\\"cube-picker--cube-picker-wheel-scroll\\" style=\\"order:1\\"><wx-view class=\\"cube-picker--cube-picker-wheel-item\\">12点</wx-view><wx-view class=\\"cube-picker--cube-picker-wheel-item\\">13点</wx-view><wx-view class=\\"cube-picker--cube-picker-wheel-item\\">14点</wx-view><wx-view class=\\"cube-picker--cube-picker-wheel-item\\">15点</wx-view><wx-view class=\\"cube-picker--cube-picker-wheel-item\\">16点</wx-view><wx-view class=\\"cube-picker--cube-picker-wheel-item\\">17点</wx-view><wx-view class=\\"cube-picker--cube-picker-wheel-item\\">18点</wx-view><wx-view class=\\"cube-picker--cube-picker-wheel-item\\">19点</wx-view><wx-view class=\\"cube-picker--cube-picker-wheel-item\\">20点</wx-view><wx-view class=\\"cube-picker--cube-picker-wheel-item\\">21点</wx-view><wx-view class=\\"cube-picker--cube-picker-wheel-item\\">22点</wx-view><wx-view class=\\"cube-picker--cube-picker-wheel-item\\">23点</wx-view></wx-picker-view-column><wx-picker-view-column class=\\"cube-picker--cube-picker-wheel-scroll\\" style=\\"order:2\\"><wx-view class=\\"cube-picker--cube-picker-wheel-item\\">30分</wx-view><wx-view class=\\"cube-picker--cube-picker-wheel-item\\">40分</wx-view><wx-view class=\\"cube-picker--cube-picker-wheel-item\\">50分</wx-view></wx-picker-view-column></wx-picker-view></wx-view></cube-picker></cube-cascade-picker></cube-time-picker></wx-view></wx-view></wx-view></wx-view></cube-popup></cube-picker-popup-base>"`;

exports[`component picker unit test props: max check  matchSnapshot 1`] = `"<cube-picker-popup-base class=\\"main--ref_choosePopup_1 main--cube-time-picker-popup\\" data-eventconfigs=\\"[object Object]\\"><cube-popup class=\\"cube-picker-popup-base--cube-picker-popup-base cube-picker-popup-base--ref_popup_1\\" data-eventconfigs=\\"[object Object]\\"><wx-view class=\\"cube-popup--cube-popup cube-popup--cube-popup_mask cube-popup--cube-popup_mask_fade_transition cube-popup--cube-popup-bottom cube-popup--cube-popup-remove-touch\\" style=\\"z-index: 100\\"><wx-view class=\\"cube-popup--cube-popup-mask\\" style=\\"\\"></wx-view><wx-view class=\\"cube-popup--cube-popup-content\\" style=\\"\\"><wx-view class=\\"cube-picker-popup-base--cube-picker-popup-panel\\"><wx-view class=\\"cube-picker-popup-base--cube-picker-popup-header\\"><wx-view class=\\"cube-picker-popup-base--cube-picker-popup-cancel\\">取消</wx-view><wx-view class=\\"cube-picker-popup-base--cube-picker-popup-title-group\\"><wx-view class=\\"cube-picker-popup-base--cube-picker-popup-title\\"><wx-rich-text><wx-view class=\\"rich-text\\"></wx-view></wx-rich-text></wx-view></wx-view><wx-view class=\\"cube-picker-popup-base--cube-picker-popup-confirm\\">确认</wx-view></wx-view><wx-view class=\\"cube-picker-popup-base--cube-picker-popup-content\\"><cube-time-picker class=\\"main--ref_picker_2\\"><cube-cascade-picker class=\\"cube-time-picker--ref_picker_1 cube-time-picker--cube-time-picker\\"><cube-picker class=\\"cube-cascade-picker--ref_picker_1 cube-cascade-picker--cube-cascade-picker\\"><wx-view class=\\"cube-picker--cube-picker\\"><wx-picker-view class=\\"cube-picker--cube-picker-wheel-wrapper\\"><wx-picker-view-column class=\\"cube-picker--cube-picker-wheel-scroll\\" style=\\"order:0\\"><wx-view class=\\"cube-picker--cube-picker-wheel-item\\">12月7日</wx-view><wx-view class=\\"cube-picker--cube-picker-wheel-item\\">12月8日</wx-view><wx-view class=\\"cube-picker--cube-picker-wheel-item\\">12月9日</wx-view><wx-view class=\\"cube-picker--cube-picker-wheel-item\\">12月10日</wx-view><wx-view class=\\"cube-picker--cube-picker-wheel-item\\">12月11日</wx-view></wx-picker-view-column><wx-picker-view-column class=\\"cube-picker--cube-picker-wheel-scroll\\" style=\\"order:1\\"><wx-view class=\\"cube-picker--cube-picker-wheel-item\\">12点</wx-view><wx-view class=\\"cube-picker--cube-picker-wheel-item\\">13点</wx-view><wx-view class=\\"cube-picker--cube-picker-wheel-item\\">14点</wx-view><wx-view class=\\"cube-picker--cube-picker-wheel-item\\">15点</wx-view><wx-view class=\\"cube-picker--cube-picker-wheel-item\\">16点</wx-view><wx-view class=\\"cube-picker--cube-picker-wheel-item\\">17点</wx-view><wx-view class=\\"cube-picker--cube-picker-wheel-item\\">18点</wx-view><wx-view class=\\"cube-picker--cube-picker-wheel-item\\">19点</wx-view><wx-view class=\\"cube-picker--cube-picker-wheel-item\\">20点</wx-view><wx-view class=\\"cube-picker--cube-picker-wheel-item\\">21点</wx-view><wx-view class=\\"cube-picker--cube-picker-wheel-item\\">22点</wx-view><wx-view class=\\"cube-picker--cube-picker-wheel-item\\">23点</wx-view></wx-picker-view-column><wx-picker-view-column class=\\"cube-picker--cube-picker-wheel-scroll\\" style=\\"order:2\\"><wx-view class=\\"cube-picker--cube-picker-wheel-item\\">30分</wx-view><wx-view class=\\"cube-picker--cube-picker-wheel-item\\">40分</wx-view><wx-view class=\\"cube-picker--cube-picker-wheel-item\\">50分</wx-view></wx-picker-view-column></wx-picker-view></wx-view></cube-picker></cube-cascade-picker></cube-time-picker></wx-view></wx-view></wx-view></wx-view></cube-popup></cube-picker-popup-base>"`;

exports[`component picker unit test props: min check  matchSnapshot 1`] = `"<cube-picker-popup-base class=\\"main--ref_choosePopup_1 main--cube-time-picker-popup\\" data-eventconfigs=\\"[object Object]\\"><cube-popup class=\\"cube-picker-popup-base--cube-picker-popup-base cube-picker-popup-base--ref_popup_1\\" data-eventconfigs=\\"[object Object]\\"><wx-view class=\\"cube-popup--cube-popup cube-popup--cube-popup_mask cube-popup--cube-popup_mask_fade_transition cube-popup--cube-popup-bottom cube-popup--cube-popup-remove-touch\\" style=\\"z-index: 100\\"><wx-view class=\\"cube-popup--cube-popup-mask\\" style=\\"\\"></wx-view><wx-view class=\\"cube-popup--cube-popup-content\\" style=\\"\\"><wx-view class=\\"cube-picker-popup-base--cube-picker-popup-panel\\"><wx-view class=\\"cube-picker-popup-base--cube-picker-popup-header\\"><wx-view class=\\"cube-picker-popup-base--cube-picker-popup-cancel\\">取消</wx-view><wx-view class=\\"cube-picker-popup-base--cube-picker-popup-title-group\\"><wx-view class=\\"cube-picker-popup-base--cube-picker-popup-title\\"><wx-rich-text><wx-view class=\\"rich-text\\"></wx-view></wx-rich-text></wx-view></wx-view><wx-view class=\\"cube-picker-popup-base--cube-picker-popup-confirm\\">确认</wx-view></wx-view><wx-view class=\\"cube-picker-popup-base--cube-picker-popup-content\\"><cube-time-picker class=\\"main--ref_picker_2\\"><cube-cascade-picker class=\\"cube-time-picker--ref_picker_1 cube-time-picker--cube-time-picker\\"><cube-picker class=\\"cube-cascade-picker--ref_picker_1 cube-cascade-picker--cube-cascade-picker\\"><wx-view class=\\"cube-picker--cube-picker\\"><wx-picker-view class=\\"cube-picker--cube-picker-wheel-wrapper\\"><wx-picker-view-column class=\\"cube-picker--cube-picker-wheel-scroll\\" style=\\"order:0\\"><wx-view class=\\"cube-picker--cube-picker-wheel-item\\">12月11日</wx-view><wx-view class=\\"cube-picker--cube-picker-wheel-item\\">12月12日</wx-view><wx-view class=\\"cube-picker--cube-picker-wheel-item\\">12月13日</wx-view></wx-picker-view-column><wx-picker-view-column class=\\"cube-picker--cube-picker-wheel-scroll\\" style=\\"order:1\\"><wx-view class=\\"cube-picker--cube-picker-wheel-item\\">12点</wx-view><wx-view class=\\"cube-picker--cube-picker-wheel-item\\">13点</wx-view><wx-view class=\\"cube-picker--cube-picker-wheel-item\\">14点</wx-view><wx-view class=\\"cube-picker--cube-picker-wheel-item\\">15点</wx-view><wx-view class=\\"cube-picker--cube-picker-wheel-item\\">16点</wx-view><wx-view class=\\"cube-picker--cube-picker-wheel-item\\">17点</wx-view><wx-view class=\\"cube-picker--cube-picker-wheel-item\\">18点</wx-view><wx-view class=\\"cube-picker--cube-picker-wheel-item\\">19点</wx-view><wx-view class=\\"cube-picker--cube-picker-wheel-item\\">20点</wx-view><wx-view class=\\"cube-picker--cube-picker-wheel-item\\">21点</wx-view><wx-view class=\\"cube-picker--cube-picker-wheel-item\\">22点</wx-view><wx-view class=\\"cube-picker--cube-picker-wheel-item\\">23点</wx-view></wx-picker-view-column><wx-picker-view-column class=\\"cube-picker--cube-picker-wheel-scroll\\" style=\\"order:2\\"><wx-view class=\\"cube-picker--cube-picker-wheel-item\\">30分</wx-view><wx-view class=\\"cube-picker--cube-picker-wheel-item\\">40分</wx-view><wx-view class=\\"cube-picker--cube-picker-wheel-item\\">50分</wx-view></wx-picker-view-column></wx-picker-view></wx-view></cube-picker></cube-cascade-picker></cube-time-picker></wx-view></wx-view></wx-view></wx-view></cube-popup></cube-picker-popup-base>"`;

exports[`component picker unit test props:minuteStep check matchSnapshot 1`] = `"<cube-picker-popup-base class=\\"main--ref_choosePopup_1 main--cube-time-picker-popup\\" data-eventconfigs=\\"[object Object]\\"><cube-popup class=\\"cube-picker-popup-base--cube-picker-popup-base cube-picker-popup-base--ref_popup_1\\" data-eventconfigs=\\"[object Object]\\"><wx-view class=\\"cube-popup--cube-popup cube-popup--cube-popup_mask cube-popup--cube-popup_mask_fade_transition cube-popup--cube-popup-bottom cube-popup--cube-popup-remove-touch\\" style=\\"z-index: 100\\"><wx-view class=\\"cube-popup--cube-popup-mask\\" style=\\"\\"></wx-view><wx-view class=\\"cube-popup--cube-popup-content\\" style=\\"\\"><wx-view class=\\"cube-picker-popup-base--cube-picker-popup-panel\\"><wx-view class=\\"cube-picker-popup-base--cube-picker-popup-header\\"><wx-view class=\\"cube-picker-popup-base--cube-picker-popup-cancel\\">取消</wx-view><wx-view class=\\"cube-picker-popup-base--cube-picker-popup-title-group\\"><wx-view class=\\"cube-picker-popup-base--cube-picker-popup-title\\"><wx-rich-text><wx-view class=\\"rich-text\\"></wx-view></wx-rich-text></wx-view></wx-view><wx-view class=\\"cube-picker-popup-base--cube-picker-popup-confirm\\">确认</wx-view></wx-view><wx-view class=\\"cube-picker-popup-base--cube-picker-popup-content\\"><cube-time-picker class=\\"main--ref_picker_2\\"><cube-cascade-picker class=\\"cube-time-picker--ref_picker_1 cube-time-picker--cube-time-picker\\"><cube-picker class=\\"cube-cascade-picker--ref_picker_1 cube-cascade-picker--cube-cascade-picker\\"><wx-view class=\\"cube-picker--cube-picker\\"><wx-picker-view class=\\"cube-picker--cube-picker-wheel-wrapper\\"><wx-picker-view-column class=\\"cube-picker--cube-picker-wheel-scroll\\" style=\\"order:0\\"><wx-view class=\\"cube-picker--cube-picker-wheel-item\\">12月11日</wx-view><wx-view class=\\"cube-picker--cube-picker-wheel-item\\">12月12日</wx-view><wx-view class=\\"cube-picker--cube-picker-wheel-item\\">12月13日</wx-view></wx-picker-view-column><wx-picker-view-column class=\\"cube-picker--cube-picker-wheel-scroll\\" style=\\"order:1\\"><wx-view class=\\"cube-picker--cube-picker-wheel-item\\">12点</wx-view><wx-view class=\\"cube-picker--cube-picker-wheel-item\\">13点</wx-view><wx-view class=\\"cube-picker--cube-picker-wheel-item\\">14点</wx-view><wx-view class=\\"cube-picker--cube-picker-wheel-item\\">15点</wx-view><wx-view class=\\"cube-picker--cube-picker-wheel-item\\">16点</wx-view><wx-view class=\\"cube-picker--cube-picker-wheel-item\\">17点</wx-view><wx-view class=\\"cube-picker--cube-picker-wheel-item\\">18点</wx-view><wx-view class=\\"cube-picker--cube-picker-wheel-item\\">19点</wx-view><wx-view class=\\"cube-picker--cube-picker-wheel-item\\">20点</wx-view><wx-view class=\\"cube-picker--cube-picker-wheel-item\\">21点</wx-view><wx-view class=\\"cube-picker--cube-picker-wheel-item\\">22点</wx-view><wx-view class=\\"cube-picker--cube-picker-wheel-item\\">23点</wx-view></wx-picker-view-column><wx-picker-view-column class=\\"cube-picker--cube-picker-wheel-scroll\\" style=\\"order:2\\"><wx-view class=\\"cube-picker--cube-picker-wheel-item\\">35分</wx-view><wx-view class=\\"cube-picker--cube-picker-wheel-item\\">40分</wx-view><wx-view class=\\"cube-picker--cube-picker-wheel-item\\">45分</wx-view><wx-view class=\\"cube-picker--cube-picker-wheel-item\\">50分</wx-view><wx-view class=\\"cube-picker--cube-picker-wheel-item\\">55分</wx-view></wx-picker-view-column></wx-picker-view></wx-view></cube-picker></cube-cascade-picker></cube-time-picker></wx-view></wx-view></wx-view></wx-view></cube-popup></cube-picker-popup-base>"`;
