// Jest Snapshot v1, https://goo.gl/fbAQLP

exports[`component checkbox-modal unit test render check render 1`] = `"<wx-view class=\\"main--cube-radio-modal\\"><cube-modal class=\\"main--ref_modal_1\\" data-eventconfigs=\\"[object Object]\\"><cube-popup class=\\"cube-modal--cube-modal cube-modal--ref_popup_1\\" data-eventconfigs=\\"[object Object]\\"><wx-view class=\\"cube-popup--cube-popup cube-popup--cube-popup_mask cube-popup--cube-popup_mask_fade_transition cube-popup--cube-popup-bottom cube-popup--cube-popup-remove-touch\\" style=\\"z-index: 100\\"><wx-view class=\\"cube-popup--cube-popup-mask\\" style=\\"\\"></wx-view><wx-view class=\\"cube-popup--cube-popup-content\\" style=\\"\\"><wx-view class=\\"cube-modal--cube-modal-section\\" style=\\"\\"><wx-view class=\\"cube-modal--cube-modal-header\\" style=\\"\\"><wx-view></wx-view></wx-view><wx-view class=\\"cube-modal--cube-modal-body\\" style=\\"\\"><wx-view class=\\"cube-modal--cube-modal-main\\"><wx-view class=\\"cube-modal--cube-modal-content\\"><wx-view><cube-radio-group data-eventconfigs=\\"[object Object]\\"><wx-view class=\\"cube-radio-group--cube-radio-group\\"><cube-radio style=\\"\\" data-eventconfigs=\\"[object Object]\\"><wx-view class=\\"cube-radio--cube-radio\\"><wx-label class=\\"cube-radio--cube-radio-label\\"><wx-view class=\\"cube-radio--cube-radio-ui\\"><wx-view class=\\"cube-radio--cube-radio-inner-ui\\"></wx-view></wx-view><wx-view class=\\"cube-radio--cube-radio-text-wrap\\"><wx-view><wx-view class=\\"cube-radio--cube-radio-text\\">text1</wx-view></wx-view></wx-view></wx-label></wx-view></cube-radio><cube-radio style=\\"\\" data-eventconfigs=\\"[object Object]\\"><wx-view class=\\"cube-radio--cube-radio\\"><wx-label class=\\"cube-radio--cube-radio-label cube-radio--cube-radio-label_checked\\"><wx-view class=\\"cube-radio--cube-radio-ui\\"><wx-view class=\\"cube-radio--cube-radio-inner-ui\\"></wx-view></wx-view><wx-view class=\\"cube-radio--cube-radio-text-wrap\\"><wx-view><wx-view class=\\"cube-radio--cube-radio-text\\">text2</wx-view></wx-view></wx-view></wx-label></wx-view></cube-radio><cube-radio style=\\"\\" data-eventconfigs=\\"[object Object]\\"><wx-view class=\\"cube-radio--cube-radio\\"><wx-label class=\\"cube-radio--cube-radio-label\\"><wx-view class=\\"cube-radio--cube-radio-ui\\"><wx-view class=\\"cube-radio--cube-radio-inner-ui\\"></wx-view></wx-view><wx-view class=\\"cube-radio--cube-radio-text-wrap\\"><wx-view><wx-view class=\\"cube-radio--cube-radio-text\\">text3</wx-view></wx-view></wx-view></wx-label></wx-view></cube-radio></wx-view></cube-radio-group></wx-view></wx-view></wx-view></wx-view><wx-view class=\\"cube-modal--cube-modal-footer\\" style=\\"\\"></wx-view></wx-view></wx-view></wx-view></cube-popup></cube-modal></wx-view>"`;

exports[`component checkbox-modal unit test render check render 2`] = `"<wx-view class=\\"main--cube-radio-modal\\"><cube-modal class=\\"main--ref_modal_1\\" data-eventconfigs=\\"[object Object]\\"><cube-popup class=\\"cube-modal--cube-modal cube-modal--ref_popup_1\\" data-eventconfigs=\\"[object Object]\\"><wx-view class=\\"cube-popup--cube-popup cube-popup--cube-popup_mask cube-popup--cube-popup_mask_fade_transition cube-popup--cube-popup_transition cube-popup--cube-popup-bottom cube-popup--show cube-popup--cube-popup-remove-touch\\" style=\\"z-index: 100\\"><wx-view class=\\"cube-popup--cube-popup-mask\\" style=\\"\\"></wx-view><wx-view class=\\"cube-popup--cube-popup-content cube-popup--move-up\\" style=\\"\\"><wx-view class=\\"cube-modal--cube-modal-section\\" style=\\"\\"><wx-view class=\\"cube-modal--cube-modal-header\\" style=\\"\\"><wx-view></wx-view></wx-view><wx-view class=\\"cube-modal--cube-modal-body\\" style=\\"\\"><wx-view class=\\"cube-modal--cube-modal-main\\"><wx-view class=\\"cube-modal--cube-modal-content\\"><wx-view><cube-radio-group data-eventconfigs=\\"[object Object]\\"><wx-view class=\\"cube-radio-group--cube-radio-group\\"><cube-radio style=\\"\\" data-eventconfigs=\\"[object Object]\\"><wx-view class=\\"cube-radio--cube-radio\\"><wx-label class=\\"cube-radio--cube-radio-label\\"><wx-view class=\\"cube-radio--cube-radio-ui\\"><wx-view class=\\"cube-radio--cube-radio-inner-ui\\"></wx-view></wx-view><wx-view class=\\"cube-radio--cube-radio-text-wrap\\"><wx-view><wx-view class=\\"cube-radio--cube-radio-text\\">text1</wx-view></wx-view></wx-view></wx-label></wx-view></cube-radio><cube-radio style=\\"\\" data-eventconfigs=\\"[object Object]\\"><wx-view class=\\"cube-radio--cube-radio\\"><wx-label class=\\"cube-radio--cube-radio-label cube-radio--cube-radio-label_checked\\"><wx-view class=\\"cube-radio--cube-radio-ui\\"><wx-view class=\\"cube-radio--cube-radio-inner-ui\\"></wx-view></wx-view><wx-view class=\\"cube-radio--cube-radio-text-wrap\\"><wx-view><wx-view class=\\"cube-radio--cube-radio-text\\">text2</wx-view></wx-view></wx-view></wx-label></wx-view></cube-radio><cube-radio style=\\"\\" data-eventconfigs=\\"[object Object]\\"><wx-view class=\\"cube-radio--cube-radio\\"><wx-label class=\\"cube-radio--cube-radio-label\\"><wx-view class=\\"cube-radio--cube-radio-ui\\"><wx-view class=\\"cube-radio--cube-radio-inner-ui\\"></wx-view></wx-view><wx-view class=\\"cube-radio--cube-radio-text-wrap\\"><wx-view><wx-view class=\\"cube-radio--cube-radio-text\\">text3</wx-view></wx-view></wx-view></wx-label></wx-view></cube-radio></wx-view></cube-radio-group></wx-view></wx-view></wx-view></wx-view><wx-view class=\\"cube-modal--cube-modal-footer\\" style=\\"\\"></wx-view></wx-view></wx-view></wx-view></cube-popup></cube-modal></wx-view>"`;

exports[`component checkbox-modal unit test render check render 3`] = `"<wx-view class=\\"main--cube-radio-modal\\"><cube-modal class=\\"main--ref_modal_1\\" data-eventconfigs=\\"[object Object]\\"><cube-popup class=\\"cube-modal--cube-modal cube-modal--ref_popup_1\\" data-eventconfigs=\\"[object Object]\\"><wx-view class=\\"cube-popup--cube-popup cube-popup--cube-popup_mask cube-popup--cube-popup_mask_fade_transition cube-popup--cube-popup-bottom cube-popup--cube-popup-remove-touch\\" style=\\"z-index: 100\\"><wx-view class=\\"cube-popup--cube-popup-mask\\" style=\\"\\"></wx-view><wx-view class=\\"cube-popup--cube-popup-content\\" style=\\"\\"><wx-view class=\\"cube-modal--cube-modal-section\\" style=\\"\\"><wx-view class=\\"cube-modal--cube-modal-header\\" style=\\"\\"><wx-view></wx-view></wx-view><wx-view class=\\"cube-modal--cube-modal-body\\" style=\\"\\"><wx-view class=\\"cube-modal--cube-modal-main\\"><wx-view class=\\"cube-modal--cube-modal-content\\"><wx-view><cube-radio-group data-eventconfigs=\\"[object Object]\\"><wx-view class=\\"cube-radio-group--cube-radio-group\\"><cube-radio style=\\"\\" data-eventconfigs=\\"[object Object]\\"><wx-view class=\\"cube-radio--cube-radio\\"><wx-label class=\\"cube-radio--cube-radio-label\\"><wx-view class=\\"cube-radio--cube-radio-ui\\"><wx-view class=\\"cube-radio--cube-radio-inner-ui\\"></wx-view></wx-view><wx-view class=\\"cube-radio--cube-radio-text-wrap\\"><wx-view><wx-view class=\\"cube-radio--cube-radio-text\\">text1</wx-view></wx-view></wx-view></wx-label></wx-view></cube-radio><cube-radio style=\\"\\" data-eventconfigs=\\"[object Object]\\"><wx-view class=\\"cube-radio--cube-radio\\"><wx-label class=\\"cube-radio--cube-radio-label cube-radio--cube-radio-label_checked\\"><wx-view class=\\"cube-radio--cube-radio-ui\\"><wx-view class=\\"cube-radio--cube-radio-inner-ui\\"></wx-view></wx-view><wx-view class=\\"cube-radio--cube-radio-text-wrap\\"><wx-view><wx-view class=\\"cube-radio--cube-radio-text\\">text2</wx-view></wx-view></wx-view></wx-label></wx-view></cube-radio><cube-radio style=\\"\\" data-eventconfigs=\\"[object Object]\\"><wx-view class=\\"cube-radio--cube-radio\\"><wx-label class=\\"cube-radio--cube-radio-label\\"><wx-view class=\\"cube-radio--cube-radio-ui\\"><wx-view class=\\"cube-radio--cube-radio-inner-ui\\"></wx-view></wx-view><wx-view class=\\"cube-radio--cube-radio-text-wrap\\"><wx-view><wx-view class=\\"cube-radio--cube-radio-text\\">text3</wx-view></wx-view></wx-view></wx-label></wx-view></cube-radio></wx-view></cube-radio-group></wx-view></wx-view></wx-view></wx-view><wx-view class=\\"cube-modal--cube-modal-footer\\" style=\\"\\"></wx-view></wx-view></wx-view></wx-view></cube-popup></cube-modal></wx-view>"`;

exports[`component checkbox-modal unit test render check render 4`] = `"<wx-view class=\\"main--cube-radio-modal\\"><cube-modal class=\\"main--ref_modal_1\\" data-eventconfigs=\\"[object Object]\\"><cube-popup class=\\"cube-modal--cube-modal cube-modal--ref_popup_1\\" data-eventconfigs=\\"[object Object]\\"><wx-view class=\\"cube-popup--cube-popup cube-popup--cube-popup_mask cube-popup--cube-popup_mask_fade_transition cube-popup--cube-popup-bottom cube-popup--cube-popup-remove-touch\\" style=\\"z-index: 100\\"><wx-view class=\\"cube-popup--cube-popup-mask\\" style=\\"\\"></wx-view><wx-view class=\\"cube-popup--cube-popup-content\\" style=\\"\\"><wx-view class=\\"cube-modal--cube-modal-section\\" style=\\"\\"><wx-view class=\\"cube-modal--cube-modal-header\\" style=\\"\\"><wx-view></wx-view></wx-view><wx-view class=\\"cube-modal--cube-modal-body\\" style=\\"\\"><wx-view class=\\"cube-modal--cube-modal-main\\"><wx-view class=\\"cube-modal--cube-modal-content\\"><wx-view><cube-radio-group data-eventconfigs=\\"[object Object]\\"><wx-view class=\\"cube-radio-group--cube-radio-group\\"><cube-radio style=\\"\\" data-eventconfigs=\\"[object Object]\\"><wx-view class=\\"cube-radio--cube-radio\\"><wx-label class=\\"cube-radio--cube-radio-label\\"><wx-view class=\\"cube-radio--cube-radio-ui\\"><wx-view class=\\"cube-radio--cube-radio-inner-ui\\"></wx-view></wx-view><wx-view class=\\"cube-radio--cube-radio-text-wrap\\"><wx-view><wx-view class=\\"cube-radio--cube-radio-text\\">text1</wx-view></wx-view></wx-view></wx-label></wx-view></cube-radio><cube-radio style=\\"\\" data-eventconfigs=\\"[object Object]\\"><wx-view class=\\"cube-radio--cube-radio\\"><wx-label class=\\"cube-radio--cube-radio-label cube-radio--cube-radio-label_checked\\"><wx-view class=\\"cube-radio--cube-radio-ui\\"><wx-view class=\\"cube-radio--cube-radio-inner-ui\\"></wx-view></wx-view><wx-view class=\\"cube-radio--cube-radio-text-wrap\\"><wx-view><wx-view class=\\"cube-radio--cube-radio-text\\">text2</wx-view></wx-view></wx-view></wx-label></wx-view></cube-radio><cube-radio style=\\"\\" data-eventconfigs=\\"[object Object]\\"><wx-view class=\\"cube-radio--cube-radio\\"><wx-label class=\\"cube-radio--cube-radio-label\\"><wx-view class=\\"cube-radio--cube-radio-ui\\"><wx-view class=\\"cube-radio--cube-radio-inner-ui\\"></wx-view></wx-view><wx-view class=\\"cube-radio--cube-radio-text-wrap\\"><wx-view><wx-view class=\\"cube-radio--cube-radio-text\\">text3</wx-view></wx-view></wx-view></wx-label></wx-view></cube-radio></wx-view></cube-radio-group></wx-view></wx-view></wx-view></wx-view><wx-view class=\\"cube-modal--cube-modal-footer\\" style=\\"\\"></wx-view></wx-view></wx-view></wx-view></cube-popup></cube-modal></wx-view>"`;

exports[`component checkbox-modal unit test render check render 5`] = `"<wx-view class=\\"main--cube-radio-modal\\"><cube-modal class=\\"main--ref_modal_1\\" data-eventconfigs=\\"[object Object]\\"><cube-popup class=\\"cube-modal--cube-modal cube-modal--ref_popup_1\\" data-eventconfigs=\\"[object Object]\\"><wx-view class=\\"cube-popup--cube-popup cube-popup--cube-popup_mask cube-popup--cube-popup_mask_fade_transition cube-popup--cube-popup-bottom cube-popup--cube-popup-remove-touch\\" style=\\"z-index: 100\\"><wx-view class=\\"cube-popup--cube-popup-mask\\" style=\\"\\"></wx-view><wx-view class=\\"cube-popup--cube-popup-content\\" style=\\"\\"><wx-view class=\\"cube-modal--cube-modal-section\\" style=\\"\\"><wx-view class=\\"cube-modal--cube-modal-header\\" style=\\"\\"><wx-view class=\\"cube-modal--cube-modal-close\\"><wx-view class=\\"cube-modal--cube-modal-close-icon\\"><cube-icon><wx-view class=\\"cube-icon--cubeic cube-icon--cubeic cube-icon--cubeic-close\\" style=\\"\\"></wx-view></cube-icon></wx-view></wx-view></wx-view><wx-view class=\\"cube-modal--cube-modal-body\\" style=\\"\\"><wx-view class=\\"cube-modal--cube-modal-main\\"><wx-view class=\\"cube-modal--cube-modal-content\\"><wx-view><cube-radio-group data-eventconfigs=\\"[object Object]\\"><wx-view class=\\"cube-radio-group--cube-radio-group\\"><cube-radio style=\\"\\" data-eventconfigs=\\"[object Object]\\"><wx-view class=\\"cube-radio--cube-radio\\"><wx-label class=\\"cube-radio--cube-radio-label\\"><wx-view class=\\"cube-radio--cube-radio-ui\\"><wx-view class=\\"cube-radio--cube-radio-inner-ui\\"></wx-view></wx-view><wx-view class=\\"cube-radio--cube-radio-text-wrap\\"><wx-view><wx-view class=\\"cube-radio--cube-radio-text\\">text1</wx-view></wx-view></wx-view></wx-label></wx-view></cube-radio><cube-radio style=\\"\\" data-eventconfigs=\\"[object Object]\\"><wx-view class=\\"cube-radio--cube-radio\\"><wx-label class=\\"cube-radio--cube-radio-label cube-radio--cube-radio-label_checked\\"><wx-view class=\\"cube-radio--cube-radio-ui\\"><wx-view class=\\"cube-radio--cube-radio-inner-ui\\"></wx-view></wx-view><wx-view class=\\"cube-radio--cube-radio-text-wrap\\"><wx-view><wx-view class=\\"cube-radio--cube-radio-text\\">text2</wx-view></wx-view></wx-view></wx-label></wx-view></cube-radio><cube-radio style=\\"\\" data-eventconfigs=\\"[object Object]\\"><wx-view class=\\"cube-radio--cube-radio\\"><wx-label class=\\"cube-radio--cube-radio-label\\"><wx-view class=\\"cube-radio--cube-radio-ui\\"><wx-view class=\\"cube-radio--cube-radio-inner-ui\\"></wx-view></wx-view><wx-view class=\\"cube-radio--cube-radio-text-wrap\\"><wx-view><wx-view class=\\"cube-radio--cube-radio-text\\">text3</wx-view></wx-view></wx-view></wx-label></wx-view></cube-radio></wx-view></cube-radio-group></wx-view></wx-view></wx-view></wx-view><wx-view class=\\"cube-modal--cube-modal-footer\\" style=\\"\\"></wx-view></wx-view></wx-view></wx-view></cube-popup></cube-modal></wx-view>"`;

exports[`component checkbox-modal unit test slot check render correct 1`] = `"<main class=\\"radio-modal\\"><wx-view class=\\"main--cube-radio-modal\\"><cube-modal class=\\"main--ref_modal_1\\" data-eventconfigs=\\"[object Object]\\"><cube-popup class=\\"cube-modal--cube-modal cube-modal--ref_popup_1\\" data-eventconfigs=\\"[object Object]\\"><wx-view class=\\"cube-popup--cube-popup cube-popup--cube-popup_mask cube-popup--cube-popup_mask_fade_transition cube-popup--cube-popup-bottom cube-popup--cube-popup-remove-touch\\" style=\\"z-index: 100\\"><wx-view class=\\"cube-popup--cube-popup-mask\\" style=\\"\\"></wx-view><wx-view class=\\"cube-popup--cube-popup-content\\" style=\\"\\"><wx-view class=\\"cube-modal--cube-modal-section\\" style=\\"\\"><wx-view class=\\"cube-modal--cube-modal-header\\" style=\\"\\"><wx-view></wx-view></wx-view><wx-view class=\\"cube-modal--cube-modal-body\\" style=\\"\\"><wx-view class=\\"cube-modal--cube-modal-main\\"><wx-view class=\\"cube-modal--cube-modal-content\\"><wx-view><wx-view class=\\"subtitle-slot\\">subtitle-slot</wx-view><cube-radio-group data-eventconfigs=\\"[object Object]\\"><wx-view class=\\"cube-radio-group--cube-radio-group\\"></wx-view></cube-radio-group></wx-view></wx-view></wx-view></wx-view><wx-view class=\\"cube-modal--cube-modal-footer\\" style=\\"\\"></wx-view></wx-view></wx-view></wx-view></cube-popup></cube-modal></wx-view></main>"`;
