// Jest Snapshot v1, https://goo.gl/fbAQLP

exports[`component dialog unit test base props check matchSnapshot 1`] = `"<cube-popup class=\\"main--ref_popup_1 main--cube-dialog\\" data-eventconfigs=\\"[object Object]\\"><wx-view class=\\"cube-popup--cube-popup cube-popup--cube-popup_mask cube-popup--cube-popup_mask_fade_transition cube-popup--cube-popup_transition cube-popup--cube-popup-center cube-popup--show cube-popup--cube-popup-remove-touch\\" style=\\"z-index: 100\\"><wx-view class=\\"cube-popup--cube-popup-mask\\" style=\\"\\"></wx-view><wx-view class=\\"cube-popup--cube-popup-content cube-popup--empty\\" style=\\"\\"><wx-view class=\\"main--cube-dialog-main main--cube-dialog-main-is-visible\\" style=\\"\\"><wx-view class=\\"main--cube-dialog-confirm\\"><wx-view class=\\"main--cube-dialog-title\\"><wx-view class=\\"main--cube-dialog-title-def\\">我是标题</wx-view></wx-view><wx-view class=\\"main--cube-dialog-content\\"><wx-view class=\\"main--cube-dialog-content-def\\"><wx-rich-text class=\\"main--content\\"><wx-view class=\\"rich-text\\">正文行文符合话术规范，表意清晰可多行展示，单行居中对齐，多行居左</wx-view></wx-rich-text></wx-view></wx-view><wx-view class=\\"main--cube-dialog-btns main--cube-dialog-btns-border-right-1px\\"><wx-view class=\\"main--cube-dialog-btn\\">取消按钮</wx-view><wx-view class=\\"main--cube-dialog-btn main--cube-dialog-btn-highlight\\">确认按钮</wx-view></wx-view></wx-view></wx-view></wx-view></wx-view></cube-popup>"`;

exports[`component dialog unit test props :headIcon="url" check matchSnapshot 1`] = `"<cube-popup class=\\"main--ref_popup_1 main--cube-dialog\\" data-eventconfigs=\\"[object Object]\\"><wx-view class=\\"cube-popup--cube-popup cube-popup--cube-popup_mask cube-popup--cube-popup_mask_fade_transition cube-popup--cube-popup_transition cube-popup--cube-popup-center cube-popup--show cube-popup--cube-popup-remove-touch\\" style=\\"z-index: 100\\"><wx-view class=\\"cube-popup--cube-popup-mask\\" style=\\"\\"></wx-view><wx-view class=\\"cube-popup--cube-popup-content cube-popup--empty\\" style=\\"\\"><wx-view class=\\"main--cube-dialog-main main--cube-dialog-main-is-visible main--cube-dialog-main-overflow\\" style=\\"\\"><wx-image class=\\"main--cube-dialog-head-icon\\" style=\\"\\"><wx-view class=\\"my-image\\">https://dpubstatic.udache.com/static/dpubimg/5b36f778-2f98-4c0e-ac31-d2d7ee6d29a3.png</wx-view></wx-image><wx-view class=\\"main--cube-dialog-confirm\\"><wx-view class=\\"main--cube-dialog-title\\"><wx-view class=\\"main--cube-dialog-title-def\\">我是标题</wx-view></wx-view><wx-view class=\\"main--cube-dialog-content\\"><wx-view class=\\"main--cube-dialog-content-def\\"><wx-rich-text class=\\"main--content\\"><wx-view class=\\"rich-text\\">正文行文符合话术规范，表意清晰可多行展示，单行居中对齐，多行居左</wx-view></wx-rich-text></wx-view></wx-view><wx-view class=\\"main--cube-dialog-btns main--cube-dialog-btns-border-right-1px\\"><wx-view class=\\"main--cube-dialog-btn\\">取消按钮</wx-view><wx-view class=\\"main--cube-dialog-btn main--cube-dialog-btn-highlight\\">确认按钮</wx-view></wx-view></wx-view></wx-view></wx-view></wx-view></cube-popup>"`;

exports[`component dialog unit test props :icon="hot" check matchSnapshot 1`] = `"<cube-popup class=\\"main--ref_popup_1 main--cube-dialog\\" data-eventconfigs=\\"[object Object]\\"><wx-view class=\\"cube-popup--cube-popup cube-popup--cube-popup_mask cube-popup--cube-popup_mask_fade_transition cube-popup--cube-popup_transition cube-popup--cube-popup-center cube-popup--show cube-popup--cube-popup-remove-touch\\" style=\\"z-index: 100\\"><wx-view class=\\"cube-popup--cube-popup-mask\\" style=\\"\\"></wx-view><wx-view class=\\"cube-popup--cube-popup-content cube-popup--empty\\" style=\\"\\"><wx-view class=\\"main--cube-dialog-main main--cube-dialog-main-is-visible\\" style=\\"\\"><wx-view class=\\"main--cube-dialog-confirm\\"><wx-view class=\\"main--cube-dialog-icon\\"><cube-icon class=\\"main--icon\\"><wx-view class=\\"cube-icon--cubeic cube-icon--cubeic cube-icon--cubeic-hot\\" style=\\"\\"></wx-view></cube-icon></wx-view><wx-view class=\\"main--cube-dialog-title\\"><wx-view class=\\"main--cube-dialog-title-def\\">我是标题</wx-view></wx-view><wx-view class=\\"main--cube-dialog-content\\"><wx-view class=\\"main--cube-dialog-content-def\\"><wx-rich-text class=\\"main--content\\"><wx-view class=\\"rich-text\\">正文行文符合话术规范，表意清晰可多行展示，单行居中对齐，多行居左</wx-view></wx-rich-text></wx-view></wx-view><wx-view class=\\"main--cube-dialog-btns main--cube-dialog-btns-border-right-1px\\"><wx-view class=\\"main--cube-dialog-btn\\">取消按钮</wx-view><wx-view class=\\"main--cube-dialog-btn main--cube-dialog-btn-highlight\\">确认按钮</wx-view></wx-view></wx-view></wx-view></wx-view></wx-view></cube-popup>"`;

exports[`component dialog unit test props :showClose="true" check matchSnapshot 1`] = `"<cube-popup class=\\"main--ref_popup_1 main--cube-dialog\\" data-eventconfigs=\\"[object Object]\\"><wx-view class=\\"cube-popup--cube-popup cube-popup--cube-popup_mask cube-popup--cube-popup_mask_fade_transition cube-popup--cube-popup_transition cube-popup--cube-popup-center cube-popup--show cube-popup--cube-popup-remove-touch\\" style=\\"z-index: 100\\"><wx-view class=\\"cube-popup--cube-popup-mask\\" style=\\"\\"></wx-view><wx-view class=\\"cube-popup--cube-popup-content cube-popup--empty\\" style=\\"\\"><wx-view class=\\"main--cube-dialog-main main--cube-dialog-main-is-visible\\" style=\\"\\"><wx-view class=\\"main--cube-dialog-close\\"><cube-icon><wx-view class=\\"cube-icon--cubeic cube-icon--cubeic cube-icon--cubeic-close\\" style=\\"\\"></wx-view></cube-icon></wx-view><wx-view class=\\"main--cube-dialog-confirm\\"><wx-view class=\\"main--cube-dialog-title\\"><wx-view class=\\"main--cube-dialog-title-def\\">我是标题</wx-view></wx-view><wx-view class=\\"main--cube-dialog-content\\"><wx-view class=\\"main--cube-dialog-content-def\\"><wx-rich-text class=\\"main--content\\"><wx-view class=\\"rich-text\\">正文行文符合话术规范，表意清晰可多行展示，单行居中对齐，多行居左</wx-view></wx-rich-text></wx-view></wx-view><wx-view class=\\"main--cube-dialog-btns main--cube-dialog-btns-border-right-1px\\"><wx-view class=\\"main--cube-dialog-btn\\">取消按钮</wx-view><wx-view class=\\"main--cube-dialog-btn main--cube-dialog-btn-highlight\\">确认按钮</wx-view></wx-view></wx-view></wx-view></wx-view></wx-view></cube-popup>"`;

exports[`component dialog unit test props :type="alert" check matchSnapshot 1`] = `"<cube-popup class=\\"main--ref_popup_1 main--cube-dialog\\" data-eventconfigs=\\"[object Object]\\"><wx-view class=\\"cube-popup--cube-popup cube-popup--cube-popup_mask cube-popup--cube-popup_mask_fade_transition cube-popup--cube-popup_transition cube-popup--cube-popup-center cube-popup--show cube-popup--cube-popup-remove-touch\\" style=\\"z-index: 100\\"><wx-view class=\\"cube-popup--cube-popup-mask\\" style=\\"\\"></wx-view><wx-view class=\\"cube-popup--cube-popup-content cube-popup--empty\\" style=\\"\\"><wx-view class=\\"main--cube-dialog-main main--cube-dialog-main-is-visible\\" style=\\"\\"><wx-view class=\\"main--cube-dialog-alert\\"><wx-view class=\\"main--cube-dialog-title\\"><wx-view class=\\"main--cube-dialog-title-def\\">我是标题</wx-view></wx-view><wx-view class=\\"main--cube-dialog-content\\"><wx-view class=\\"main--cube-dialog-content-def\\"><wx-rich-text class=\\"main--content\\"><wx-view class=\\"rich-text\\">正文行文符合话术规范，表意清晰可多行展示，单行居中对齐，多行居左</wx-view></wx-rich-text></wx-view></wx-view><wx-view class=\\"main--cube-dialog-btns\\"><wx-view class=\\"main--cube-dialog-btn main--cube-dialog-btn-highlight\\">确认按钮</wx-view></wx-view></wx-view></wx-view></wx-view></wx-view></cube-popup>"`;

exports[`component dialog unit test props :type="confirm" check matchSnapshot 1`] = `"<cube-popup class=\\"main--ref_popup_1 main--cube-dialog\\" data-eventconfigs=\\"[object Object]\\"><wx-view class=\\"cube-popup--cube-popup cube-popup--cube-popup_mask cube-popup--cube-popup_mask_fade_transition cube-popup--cube-popup_transition cube-popup--cube-popup-center cube-popup--show cube-popup--cube-popup-remove-touch\\" style=\\"z-index: 100\\"><wx-view class=\\"cube-popup--cube-popup-mask\\" style=\\"\\"></wx-view><wx-view class=\\"cube-popup--cube-popup-content cube-popup--empty\\" style=\\"\\"><wx-view class=\\"main--cube-dialog-main main--cube-dialog-main-is-visible\\" style=\\"\\"><wx-view class=\\"main--cube-dialog-confirm\\"><wx-view class=\\"main--cube-dialog-title\\"><wx-view class=\\"main--cube-dialog-title-def\\">我是标题</wx-view></wx-view><wx-view class=\\"main--cube-dialog-content\\"><wx-view class=\\"main--cube-dialog-content-def\\"><wx-rich-text class=\\"main--content\\"><wx-view class=\\"rich-text\\">正文行文符合话术规范，表意清晰可多行展示，单行居中对齐，多行居左</wx-view></wx-rich-text></wx-view></wx-view><wx-view class=\\"main--cube-dialog-btns main--cube-dialog-btns-border-right-1px\\"><wx-view class=\\"main--cube-dialog-btn\\">取消按钮</wx-view><wx-view class=\\"main--cube-dialog-btn main--cube-dialog-btn-highlight\\">确认按钮</wx-view></wx-view></wx-view></wx-view></wx-view></wx-view></cube-popup>"`;

exports[`component dialog unit test should not trigger events when btn is disabled matchSnapshot 1`] = `"<cube-popup class=\\"main--ref_popup_1 main--cube-dialog\\" data-eventconfigs=\\"[object Object]\\"><wx-view class=\\"cube-popup--cube-popup cube-popup--cube-popup_mask cube-popup--cube-popup_mask_fade_transition cube-popup--cube-popup_transition cube-popup--cube-popup-center cube-popup--show cube-popup--cube-popup-remove-touch\\" style=\\"z-index: 100\\"><wx-view class=\\"cube-popup--cube-popup-mask\\" style=\\"\\"></wx-view><wx-view class=\\"cube-popup--cube-popup-content cube-popup--empty\\" style=\\"\\"><wx-view class=\\"main--cube-dialog-main main--cube-dialog-main-is-visible\\" style=\\"\\"><wx-view class=\\"main--cube-dialog-confirm\\"><wx-view class=\\"main--cube-dialog-title\\"><wx-view class=\\"main--cube-dialog-title-def\\">我是标题</wx-view></wx-view><wx-view class=\\"main--cube-dialog-content\\"><wx-view class=\\"main--cube-dialog-content-def\\"><wx-rich-text class=\\"main--content\\"><wx-view class=\\"rich-text\\">正文行文符合话术规范，表意清晰可多行展示，单行居中对齐，多行居左</wx-view></wx-rich-text></wx-view></wx-view><wx-view class=\\"main--cube-dialog-btns main--cube-dialog-btns-border-right-1px\\"><wx-view class=\\"main--cube-dialog-btn main--cube-dialog-btn_disabled\\">取消按钮</wx-view><wx-view class=\\"main--cube-dialog-btn main--cube-dialog-btn_disabled\\">确认按钮</wx-view></wx-view></wx-view></wx-view></wx-view></wx-view></cube-popup>"`;

exports[`component dialog unit test slot check matchSnapshot 1`] = `"<main><cube-popup class=\\"main--ref_popup_1 main--cube-dialog\\" data-eventconfigs=\\"[object Object]\\"><wx-view class=\\"cube-popup--cube-popup cube-popup--cube-popup_mask cube-popup--cube-popup_mask_fade_transition cube-popup--cube-popup_transition cube-popup--cube-popup-center cube-popup--show cube-popup--cube-popup-remove-touch\\" style=\\"z-index: 100\\"><wx-view class=\\"cube-popup--cube-popup-mask\\" style=\\"\\"></wx-view><wx-view class=\\"cube-popup--cube-popup-content cube-popup--empty\\" style=\\"\\"><wx-view class=\\"main--cube-dialog-main main--cube-dialog-main-is-visible\\" style=\\"\\"><wx-view class=\\"main--cube-dialog-alert\\"><wx-view class=\\"main--cube-dialog-title\\"><wx-view class=\\"my-title\\">我是标题</wx-view></wx-view><wx-view class=\\"main--cube-dialog-content\\"><wx-view class=\\"my-content\\">正文行文符合话术规范，表意清晰可多行展示，单行居中对齐，多行居左</wx-view></wx-view><wx-view class=\\"my-btn\\">确认按钮</wx-view></wx-view></wx-view></wx-view></wx-view></cube-popup></main>"`;
