// Jest Snapshot v1, https://goo.gl/fbAQLP

exports[`component picker unit test base defaul props check matchSnapshot 1`] = `"<cube-picker-modal-base class=\\"main--ref_choosePopup_1 main--cube-date-picker-modal\\" data-eventconfigs=\\"[object Object]\\"><cube-modal class=\\"cube-picker-modal-base--cube-picker-modal-base cube-picker-modal-base--ref_choosePopup_1\\" data-eventconfigs=\\"[object Object]\\"><cube-popup class=\\"cube-modal--cube-modal cube-modal--ref_popup_1\\" data-eventconfigs=\\"[object Object]\\"><wx-view class=\\"cube-popup--cube-popup cube-popup--cube-popup_mask cube-popup--cube-popup_mask_fade_transition cube-popup--cube-popup-bottom cube-popup--cube-popup-remove-touch\\" style=\\"z-index: 100\\"><wx-view class=\\"cube-popup--cube-popup-mask\\" style=\\"\\"></wx-view><wx-view class=\\"cube-popup--cube-popup-content\\" style=\\"\\"><wx-view class=\\"cube-modal--cube-modal-section\\" style=\\"\\"><wx-view class=\\"cube-modal--cube-modal-header\\" style=\\"\\"><wx-view class=\\"cube-modal--cube-modal-close\\"><wx-view class=\\"cube-modal--cube-modal-close-icon\\"><cube-icon><wx-view class=\\"cube-icon--cubeic cube-icon--cubeic cube-icon--cubeic-close\\" style=\\"\\"></wx-view></cube-icon></wx-view></wx-view></wx-view><wx-view class=\\"cube-modal--cube-modal-body\\" style=\\"\\"><wx-view class=\\"cube-modal--cube-modal-main\\"><wx-view class=\\"cube-modal--cube-modal-title\\">日期选择器</wx-view><wx-view class=\\"cube-modal--cube-modal-content\\"><wx-view class=\\"cube-picker-modal-base--cube-picker-modal-content\\"><wx-view class=\\"cube-picker-modal-base--cube-picker-modal-slide-top\\"></wx-view><wx-view class=\\"cube-picker-modal-base--cube-picker-modal-slide-bottom\\"></wx-view><cube-date-picker class=\\"main--ref_picker_2\\"><cube-picker class=\\"cube-date-picker--cube-date-picker\\"><wx-view class=\\"cube-picker--cube-picker\\"><wx-picker-view class=\\"cube-picker--cube-picker-wheel-wrapper\\"><wx-picker-view-column class=\\"cube-picker--cube-picker-wheel-scroll\\" style=\\"order:0\\"><wx-view class=\\"cube-picker--cube-picker-wheel-item\\">2010</wx-view><wx-view class=\\"cube-picker--cube-picker-wheel-item\\">2011</wx-view><wx-view class=\\"cube-picker--cube-picker-wheel-item\\">2012</wx-view><wx-view class=\\"cube-picker--cube-picker-wheel-item\\">2013</wx-view><wx-view class=\\"cube-picker--cube-picker-wheel-item\\">2014</wx-view><wx-view class=\\"cube-picker--cube-picker-wheel-item\\">2015</wx-view><wx-view class=\\"cube-picker--cube-picker-wheel-item\\">2016</wx-view><wx-view class=\\"cube-picker--cube-picker-wheel-item\\">2017</wx-view><wx-view class=\\"cube-picker--cube-picker-wheel-item\\">2018</wx-view><wx-view class=\\"cube-picker--cube-picker-wheel-item\\">2019</wx-view><wx-view class=\\"cube-picker--cube-picker-wheel-item\\">2020</wx-view><wx-view class=\\"cube-picker--cube-picker-wheel-item\\">2021</wx-view><wx-view class=\\"cube-picker--cube-picker-wheel-item\\">2022</wx-view></wx-picker-view-column><wx-picker-view-column class=\\"cube-picker--cube-picker-wheel-scroll\\" style=\\"order:1\\"><wx-view class=\\"cube-picker--cube-picker-wheel-item\\">8</wx-view><wx-view class=\\"cube-picker--cube-picker-wheel-item\\">9</wx-view><wx-view class=\\"cube-picker--cube-picker-wheel-item\\">10</wx-view><wx-view class=\\"cube-picker--cube-picker-wheel-item\\">11</wx-view><wx-view class=\\"cube-picker--cube-picker-wheel-item\\">12</wx-view></wx-picker-view-column><wx-picker-view-column class=\\"cube-picker--cube-picker-wheel-scroll\\" style=\\"order:2\\"><wx-view class=\\"cube-picker--cube-picker-wheel-item\\">8</wx-view><wx-view class=\\"cube-picker--cube-picker-wheel-item\\">9</wx-view><wx-view class=\\"cube-picker--cube-picker-wheel-item\\">10</wx-view><wx-view class=\\"cube-picker--cube-picker-wheel-item\\">11</wx-view><wx-view class=\\"cube-picker--cube-picker-wheel-item\\">12</wx-view><wx-view class=\\"cube-picker--cube-picker-wheel-item\\">13</wx-view><wx-view class=\\"cube-picker--cube-picker-wheel-item\\">14</wx-view><wx-view class=\\"cube-picker--cube-picker-wheel-item\\">15</wx-view><wx-view class=\\"cube-picker--cube-picker-wheel-item\\">16</wx-view><wx-view class=\\"cube-picker--cube-picker-wheel-item\\">17</wx-view><wx-view class=\\"cube-picker--cube-picker-wheel-item\\">18</wx-view><wx-view class=\\"cube-picker--cube-picker-wheel-item\\">19</wx-view><wx-view class=\\"cube-picker--cube-picker-wheel-item\\">20</wx-view><wx-view class=\\"cube-picker--cube-picker-wheel-item\\">21</wx-view><wx-view class=\\"cube-picker--cube-picker-wheel-item\\">22</wx-view><wx-view class=\\"cube-picker--cube-picker-wheel-item\\">23</wx-view><wx-view class=\\"cube-picker--cube-picker-wheel-item\\">24</wx-view><wx-view class=\\"cube-picker--cube-picker-wheel-item\\">25</wx-view><wx-view class=\\"cube-picker--cube-picker-wheel-item\\">26</wx-view><wx-view class=\\"cube-picker--cube-picker-wheel-item\\">27</wx-view><wx-view class=\\"cube-picker--cube-picker-wheel-item\\">28</wx-view><wx-view class=\\"cube-picker--cube-picker-wheel-item\\">29</wx-view><wx-view class=\\"cube-picker--cube-picker-wheel-item\\">30</wx-view><wx-view class=\\"cube-picker--cube-picker-wheel-item\\">31</wx-view></wx-picker-view-column></wx-picker-view></wx-view></cube-picker></cube-date-picker></wx-view></wx-view></wx-view></wx-view><wx-view class=\\"cube-modal--cube-modal-footer\\" style=\\"\\"><cube-confirm-button-group class=\\"cube-modal--cube-modal-confirm-button-group\\"><cube-button-group class=\\"cube-confirm-button-group--cube-confirm-button-group cube-confirm-button-group--cube-confirm-button-group_vertical\\"><wx-view class=\\"cube-button-group--cube-button-group cube-button-group--cube-button-group_vertical\\"><cube-button class=\\"cube-confirm-button-group--cube-option-confirm-button\\"><wx-button style=\\"\\" class=\\"cube-button--cube-btn cube-button--cube-btn-primary\\"><wx-view class=\\"cube-button--cube-btn-content\\" style=\\"\\">确定</wx-view></wx-button></cube-button></wx-view></cube-button-group></cube-confirm-button-group></wx-view></wx-view></wx-view></wx-view></cube-popup></cube-modal></cube-picker-modal-base>"`;

exports[`component picker unit test base set props check matchSnapshot 1`] = `"<cube-picker-modal-base class=\\"main--ref_choosePopup_1 main--cube-date-picker-modal\\" data-eventconfigs=\\"[object Object]\\"><cube-modal class=\\"cube-picker-modal-base--cube-picker-modal-base cube-picker-modal-base--ref_choosePopup_1\\" data-eventconfigs=\\"[object Object]\\"><cube-popup class=\\"cube-modal--cube-modal cube-modal--ref_popup_1\\" data-eventconfigs=\\"[object Object]\\"><wx-view class=\\"cube-popup--cube-popup cube-popup--cube-popup_mask cube-popup--cube-popup_mask_fade_transition cube-popup--cube-popup_transition cube-popup--cube-popup-bottom cube-popup--show cube-popup--cube-popup-remove-touch\\" style=\\"z-index: 100\\"><wx-view class=\\"cube-popup--cube-popup-mask\\" style=\\"\\"></wx-view><wx-view class=\\"cube-popup--cube-popup-content cube-popup--move-up\\" style=\\"\\"><wx-view class=\\"cube-modal--cube-modal-section\\" style=\\"\\"><wx-view class=\\"cube-modal--cube-modal-header\\" style=\\"\\"><wx-view class=\\"cube-modal--cube-modal-cancel\\"><wx-view class=\\"cube-modal--cube-modal-cancel-btn\\">这是取消文案</wx-view></wx-view><wx-view></wx-view></wx-view><wx-view class=\\"cube-modal--cube-modal-body\\" style=\\"\\"><wx-view class=\\"cube-modal--cube-modal-main\\"><wx-view class=\\"cube-modal--cube-modal-title\\">日期选择器</wx-view><wx-view class=\\"cube-modal--cube-modal-content\\"><wx-view class=\\"cube-picker-modal-base--cube-picker-modal-content\\"><wx-view class=\\"cube-picker-modal-base--cube-picker-modal-slide-top\\"></wx-view><wx-view class=\\"cube-picker-modal-base--cube-picker-modal-slide-bottom\\"></wx-view><cube-date-picker class=\\"main--ref_picker_2\\"><cube-picker class=\\"cube-date-picker--cube-date-picker\\"><wx-view class=\\"cube-picker--cube-picker\\"><wx-picker-view class=\\"cube-picker--cube-picker-wheel-wrapper\\"><wx-picker-view-column class=\\"cube-picker--cube-picker-wheel-scroll\\" style=\\"order:2\\"><wx-view class=\\"cube-picker--cube-picker-wheel-item\\">10年</wx-view><wx-view class=\\"cube-picker--cube-picker-wheel-item\\">11年</wx-view><wx-view class=\\"cube-picker--cube-picker-wheel-item\\">12年</wx-view><wx-view class=\\"cube-picker--cube-picker-wheel-item\\">13年</wx-view><wx-view class=\\"cube-picker--cube-picker-wheel-item\\">14年</wx-view><wx-view class=\\"cube-picker--cube-picker-wheel-item\\">15年</wx-view><wx-view class=\\"cube-picker--cube-picker-wheel-item\\">16年</wx-view><wx-view class=\\"cube-picker--cube-picker-wheel-item\\">17年</wx-view><wx-view class=\\"cube-picker--cube-picker-wheel-item\\">18年</wx-view><wx-view class=\\"cube-picker--cube-picker-wheel-item\\">19年</wx-view><wx-view class=\\"cube-picker--cube-picker-wheel-item\\">20年</wx-view><wx-view class=\\"cube-picker--cube-picker-wheel-item\\">21年</wx-view><wx-view class=\\"cube-picker--cube-picker-wheel-item\\">22年</wx-view></wx-picker-view-column><wx-picker-view-column class=\\"cube-picker--cube-picker-wheel-scroll\\" style=\\"order:1\\"><wx-view class=\\"cube-picker--cube-picker-wheel-item\\">08月</wx-view><wx-view class=\\"cube-picker--cube-picker-wheel-item\\">09月</wx-view><wx-view class=\\"cube-picker--cube-picker-wheel-item\\">10月</wx-view><wx-view class=\\"cube-picker--cube-picker-wheel-item\\">11月</wx-view><wx-view class=\\"cube-picker--cube-picker-wheel-item\\">12月</wx-view></wx-picker-view-column></wx-picker-view></wx-view></cube-picker></cube-date-picker></wx-view></wx-view></wx-view></wx-view><wx-view class=\\"cube-modal--cube-modal-footer\\" style=\\"\\"></wx-view></wx-view></wx-view></wx-view></cube-popup></cube-modal></cube-picker-modal-base>"`;

exports[`component picker unit test slot check matchSnapshot 1`] = `"<main><cube-picker-modal-base class=\\"main--ref_choosePopup_1 main--cube-date-picker-modal\\" data-eventconfigs=\\"[object Object]\\"><cube-modal class=\\"cube-picker-modal-base--cube-picker-modal-base cube-picker-modal-base--ref_choosePopup_1\\" data-eventconfigs=\\"[object Object]\\"><cube-popup class=\\"cube-modal--cube-modal cube-modal--ref_popup_1\\" data-eventconfigs=\\"[object Object]\\"><wx-view class=\\"cube-popup--cube-popup cube-popup--cube-popup_mask cube-popup--cube-popup_mask_fade_transition cube-popup--cube-popup-bottom cube-popup--cube-popup-remove-touch\\" style=\\"z-index: 100\\"><wx-view class=\\"cube-popup--cube-popup-mask\\" style=\\"\\"></wx-view><wx-view class=\\"cube-popup--cube-popup-content\\" style=\\"\\"><wx-view class=\\"cube-modal--cube-modal-section\\" style=\\"\\"><wx-view class=\\"cube-modal--cube-modal-header\\" style=\\"\\"><wx-view class=\\"cube-modal--cube-modal-close\\"><wx-view class=\\"cube-modal--cube-modal-close-icon\\"><cube-icon><wx-view class=\\"cube-icon--cubeic cube-icon--cubeic cube-icon--cubeic-close\\" style=\\"\\"></wx-view></cube-icon></wx-view></wx-view><wx-view class=\\"header-slot\\">head</wx-view></wx-view><wx-view class=\\"cube-modal--cube-modal-body\\" style=\\"\\"><wx-view class=\\"cube-modal--cube-modal-main\\"><wx-view class=\\"cube-modal--cube-modal-content\\"><wx-view class=\\"cube-picker-modal-base--cube-picker-modal-content\\"><cube-date-picker class=\\"main--ref_picker_2\\"><cube-picker class=\\"cube-date-picker--cube-date-picker\\"><wx-view class=\\"cube-picker--cube-picker\\"><wx-picker-view class=\\"cube-picker--cube-picker-wheel-wrapper\\"><wx-picker-view-column class=\\"cube-picker--cube-picker-wheel-scroll\\" style=\\"order:0\\"><wx-view class=\\"cube-picker--cube-picker-wheel-item\\">2010</wx-view><wx-view class=\\"cube-picker--cube-picker-wheel-item\\">2011</wx-view><wx-view class=\\"cube-picker--cube-picker-wheel-item\\">2012</wx-view><wx-view class=\\"cube-picker--cube-picker-wheel-item\\">2013</wx-view><wx-view class=\\"cube-picker--cube-picker-wheel-item\\">2014</wx-view><wx-view class=\\"cube-picker--cube-picker-wheel-item\\">2015</wx-view><wx-view class=\\"cube-picker--cube-picker-wheel-item\\">2016</wx-view><wx-view class=\\"cube-picker--cube-picker-wheel-item\\">2017</wx-view><wx-view class=\\"cube-picker--cube-picker-wheel-item\\">2018</wx-view><wx-view class=\\"cube-picker--cube-picker-wheel-item\\">2019</wx-view><wx-view class=\\"cube-picker--cube-picker-wheel-item\\">2020</wx-view><wx-view class=\\"cube-picker--cube-picker-wheel-item\\">2021</wx-view><wx-view class=\\"cube-picker--cube-picker-wheel-item\\">2022</wx-view><wx-view class=\\"cube-picker--cube-picker-wheel-item\\">2023</wx-view><wx-view class=\\"cube-picker--cube-picker-wheel-item\\">2024</wx-view></wx-picker-view-column><wx-picker-view-column class=\\"cube-picker--cube-picker-wheel-scroll\\" style=\\"order:1\\"><wx-view class=\\"cube-picker--cube-picker-wheel-item\\">1</wx-view><wx-view class=\\"cube-picker--cube-picker-wheel-item\\">2</wx-view><wx-view class=\\"cube-picker--cube-picker-wheel-item\\">3</wx-view><wx-view class=\\"cube-picker--cube-picker-wheel-item\\">4</wx-view><wx-view class=\\"cube-picker--cube-picker-wheel-item\\">5</wx-view><wx-view class=\\"cube-picker--cube-picker-wheel-item\\">6</wx-view><wx-view class=\\"cube-picker--cube-picker-wheel-item\\">7</wx-view><wx-view class=\\"cube-picker--cube-picker-wheel-item\\">8</wx-view><wx-view class=\\"cube-picker--cube-picker-wheel-item\\">9</wx-view><wx-view class=\\"cube-picker--cube-picker-wheel-item\\">10</wx-view><wx-view class=\\"cube-picker--cube-picker-wheel-item\\">11</wx-view><wx-view class=\\"cube-picker--cube-picker-wheel-item\\">12</wx-view></wx-picker-view-column><wx-picker-view-column class=\\"cube-picker--cube-picker-wheel-scroll\\" style=\\"order:2\\"><wx-view class=\\"cube-picker--cube-picker-wheel-item\\">1</wx-view><wx-view class=\\"cube-picker--cube-picker-wheel-item\\">2</wx-view><wx-view class=\\"cube-picker--cube-picker-wheel-item\\">3</wx-view><wx-view class=\\"cube-picker--cube-picker-wheel-item\\">4</wx-view><wx-view class=\\"cube-picker--cube-picker-wheel-item\\">5</wx-view><wx-view class=\\"cube-picker--cube-picker-wheel-item\\">6</wx-view><wx-view class=\\"cube-picker--cube-picker-wheel-item\\">7</wx-view><wx-view class=\\"cube-picker--cube-picker-wheel-item\\">8</wx-view><wx-view class=\\"cube-picker--cube-picker-wheel-item\\">9</wx-view><wx-view class=\\"cube-picker--cube-picker-wheel-item\\">10</wx-view><wx-view class=\\"cube-picker--cube-picker-wheel-item\\">11</wx-view><wx-view class=\\"cube-picker--cube-picker-wheel-item\\">12</wx-view><wx-view class=\\"cube-picker--cube-picker-wheel-item\\">13</wx-view><wx-view class=\\"cube-picker--cube-picker-wheel-item\\">14</wx-view><wx-view class=\\"cube-picker--cube-picker-wheel-item\\">15</wx-view><wx-view class=\\"cube-picker--cube-picker-wheel-item\\">16</wx-view><wx-view class=\\"cube-picker--cube-picker-wheel-item\\">17</wx-view><wx-view class=\\"cube-picker--cube-picker-wheel-item\\">18</wx-view><wx-view class=\\"cube-picker--cube-picker-wheel-item\\">19</wx-view><wx-view class=\\"cube-picker--cube-picker-wheel-item\\">20</wx-view><wx-view class=\\"cube-picker--cube-picker-wheel-item\\">21</wx-view><wx-view class=\\"cube-picker--cube-picker-wheel-item\\">22</wx-view><wx-view class=\\"cube-picker--cube-picker-wheel-item\\">23</wx-view><wx-view class=\\"cube-picker--cube-picker-wheel-item\\">24</wx-view><wx-view class=\\"cube-picker--cube-picker-wheel-item\\">25</wx-view><wx-view class=\\"cube-picker--cube-picker-wheel-item\\">26</wx-view><wx-view class=\\"cube-picker--cube-picker-wheel-item\\">27</wx-view><wx-view class=\\"cube-picker--cube-picker-wheel-item\\">28</wx-view></wx-picker-view-column></wx-picker-view></wx-view></cube-picker></cube-date-picker></wx-view></wx-view></wx-view></wx-view><wx-view class=\\"cube-modal--cube-modal-footer\\" style=\\"\\"><cube-confirm-button-group class=\\"cube-modal--cube-modal-confirm-button-group\\"><cube-button-group class=\\"cube-confirm-button-group--cube-confirm-button-group cube-confirm-button-group--cube-confirm-button-group_vertical\\"><wx-view class=\\"cube-button-group--cube-button-group cube-button-group--cube-button-group_vertical\\"><cube-button class=\\"cube-confirm-button-group--cube-option-confirm-button\\"><wx-button style=\\"\\" class=\\"cube-button--cube-btn cube-button--cube-btn-primary\\"><wx-view class=\\"cube-button--cube-btn-content\\" style=\\"\\">确定</wx-view></wx-button></cube-button></wx-view></cube-button-group></cube-confirm-button-group><wx-view class=\\"footer-slot\\">footer</wx-view></wx-view></wx-view></wx-view></wx-view></cube-popup></cube-modal></cube-picker-modal-base></main>"`;
