// Jest Snapshot v1, https://goo.gl/fbAQLP

exports[`component switch unit test correct render check matchSnapshot 1`] = `"<wx-view style=\\"\\" class=\\"main--cube-switch\\"><wx-view class=\\"main--cube-switch-handle\\"></wx-view></wx-view>"`;

exports[`component switch unit test disabled check matchSnapshot 1`] = `"<wx-view style=\\"\\" class=\\"main--cube-switch\\"><wx-view class=\\"main--cube-switch-handle\\"></wx-view></wx-view>"`;

exports[`component switch unit test wx:model check matchSnapshot 1`] = `"<wx-view class=\\"main--switch-default-checked-demo\\"><wx-text>默认值：false</wx-text><cube-switch class=\\"main--cube-switch\\" data-eventconfigs=\\"[object Object]\\"><wx-view style=\\"\\" class=\\"cube-switch--cube-switch\\"><wx-view class=\\"cube-switch--cube-switch-handle\\"></wx-view></wx-view></cube-switch></wx-view>"`;
