// Jest Snapshot v1, https://goo.gl/fbAQLP

exports[`component checkbox-modal unit test render check render 1`] = `"<wx-view class=\\"main--cube-checkbox-modal\\"><cube-modal class=\\"main--ref_modal_1\\" data-eventconfigs=\\"[object Object]\\"><cube-popup class=\\"cube-modal--cube-modal cube-modal--ref_popup_1\\" data-eventconfigs=\\"[object Object]\\"><wx-view class=\\"cube-popup--cube-popup cube-popup--cube-popup_mask cube-popup--cube-popup_mask_fade_transition cube-popup--cube-popup-bottom cube-popup--cube-popup-remove-touch\\" style=\\"z-index: 100\\"><wx-view class=\\"cube-popup--cube-popup-mask\\" style=\\"\\"></wx-view><wx-view class=\\"cube-popup--cube-popup-content\\" style=\\"\\"><wx-view class=\\"cube-modal--cube-modal-section\\" style=\\"\\"><wx-view class=\\"cube-modal--cube-modal-header\\" style=\\"\\"><wx-view></wx-view></wx-view><wx-view class=\\"cube-modal--cube-modal-body\\" style=\\"\\"><wx-view class=\\"cube-modal--cube-modal-main\\"><wx-view class=\\"cube-modal--cube-modal-content\\"><wx-view><cube-checkbox-group data-eventconfigs=\\"[object Object]\\"><wx-view class=\\"cube-checkbox-group--cube-checkbox-group\\"><cube-checkbox class=\\"cube-checkbox-group--ref_checkboxRef_1\\" style=\\"\\"><wx-view class=\\"cube-checkbox--cube-checkbox\\"><wx-label class=\\"cube-checkbox--cube-checkbox-label\\"><wx-view class=\\"cube-checkbox--cube-checkbox-ui cube-checkbox--cube-checkbox-ui-round\\"><wx-view class=\\"cube-checkbox--cube-checkbox-inner-ui cube-checkbox--cube-checkbox-inner-ui-round\\"></wx-view></wx-view><wx-view class=\\"cube-checkbox--cube-checkbox-text-wrap\\"><wx-view><wx-view class=\\"cube-checkbox--cube-checkbox-text\\">苹果desc</wx-view></wx-view></wx-view></wx-label></wx-view></cube-checkbox><cube-checkbox class=\\"cube-checkbox-group--ref_checkboxRef_1\\" style=\\"\\"><wx-view class=\\"cube-checkbox--cube-checkbox\\"><wx-label class=\\"cube-checkbox--cube-checkbox-label\\"><wx-view class=\\"cube-checkbox--cube-checkbox-ui cube-checkbox--cube-checkbox-ui-round\\"><wx-view class=\\"cube-checkbox--cube-checkbox-inner-ui cube-checkbox--cube-checkbox-inner-ui-round\\"></wx-view></wx-view><wx-view class=\\"cube-checkbox--cube-checkbox-text-wrap\\"><wx-view><wx-view class=\\"cube-checkbox--cube-checkbox-text\\">橘子desc</wx-view></wx-view></wx-view></wx-label></wx-view></cube-checkbox><cube-checkbox class=\\"cube-checkbox-group--ref_checkboxRef_1\\" style=\\"\\"><wx-view class=\\"cube-checkbox--cube-checkbox\\"><wx-label class=\\"cube-checkbox--cube-checkbox-label\\"><wx-view class=\\"cube-checkbox--cube-checkbox-ui cube-checkbox--cube-checkbox-ui-round cube-checkbox--cube-checkbox-ui_checked\\"><wx-view class=\\"cube-checkbox--cube-checkbox-inner-ui cube-checkbox--cube-checkbox-inner-ui-round\\"></wx-view></wx-view><wx-view class=\\"cube-checkbox--cube-checkbox-text-wrap\\"><wx-view><wx-view class=\\"cube-checkbox--cube-checkbox-text\\">香蕉desc</wx-view></wx-view></wx-view></wx-label></wx-view></cube-checkbox><cube-checkbox class=\\"cube-checkbox-group--ref_checkboxRef_1\\" style=\\"\\"><wx-view class=\\"cube-checkbox--cube-checkbox\\"><wx-label class=\\"cube-checkbox--cube-checkbox-label\\"><wx-view class=\\"cube-checkbox--cube-checkbox-ui cube-checkbox--cube-checkbox-ui-round\\"><wx-view class=\\"cube-checkbox--cube-checkbox-inner-ui cube-checkbox--cube-checkbox-inner-ui-round\\"></wx-view></wx-view><wx-view class=\\"cube-checkbox--cube-checkbox-text-wrap\\"><wx-view><wx-view class=\\"cube-checkbox--cube-checkbox-text\\">桃子desc</wx-view></wx-view></wx-view></wx-label></wx-view></cube-checkbox></wx-view></cube-checkbox-group></wx-view></wx-view></wx-view></wx-view><wx-view class=\\"cube-modal--cube-modal-footer\\" style=\\"\\"><cube-confirm-button-group class=\\"cube-modal--cube-modal-confirm-button-group\\"><cube-button-group class=\\"cube-confirm-button-group--cube-confirm-button-group cube-confirm-button-group--cube-confirm-button-group_vertical\\"><wx-view class=\\"cube-button-group--cube-button-group cube-button-group--cube-button-group_vertical\\"><cube-button class=\\"cube-confirm-button-group--cube-option-confirm-button\\"><wx-button style=\\"\\" class=\\"cube-button--cube-btn cube-button--cube-btn-primary\\"><wx-view class=\\"cube-button--cube-btn-content\\" style=\\"\\">确定</wx-view></wx-button></cube-button></wx-view></cube-button-group></cube-confirm-button-group></wx-view></wx-view></wx-view></wx-view></cube-popup></cube-modal></wx-view>"`;

exports[`component checkbox-modal unit test render check render 2`] = `"<wx-view class=\\"main--cube-checkbox-modal\\"><cube-modal class=\\"main--ref_modal_1\\" data-eventconfigs=\\"[object Object]\\"><cube-popup class=\\"cube-modal--cube-modal cube-modal--ref_popup_1\\" data-eventconfigs=\\"[object Object]\\"><wx-view class=\\"cube-popup--cube-popup cube-popup--cube-popup_mask cube-popup--cube-popup_mask_fade_transition cube-popup--cube-popup_transition cube-popup--cube-popup-bottom cube-popup--show cube-popup--cube-popup-remove-touch\\" style=\\"z-index: 100\\"><wx-view class=\\"cube-popup--cube-popup-mask\\" style=\\"\\"></wx-view><wx-view class=\\"cube-popup--cube-popup-content cube-popup--move-up\\" style=\\"\\"><wx-view class=\\"cube-modal--cube-modal-section\\" style=\\"\\"><wx-view class=\\"cube-modal--cube-modal-header\\" style=\\"\\"><wx-view></wx-view></wx-view><wx-view class=\\"cube-modal--cube-modal-body\\" style=\\"\\"><wx-view class=\\"cube-modal--cube-modal-main\\"><wx-view class=\\"cube-modal--cube-modal-content\\"><wx-view><cube-checkbox-group data-eventconfigs=\\"[object Object]\\"><wx-view class=\\"cube-checkbox-group--cube-checkbox-group\\"><cube-checkbox class=\\"cube-checkbox-group--ref_checkboxRef_1\\" style=\\"\\"><wx-view class=\\"cube-checkbox--cube-checkbox\\"><wx-label class=\\"cube-checkbox--cube-checkbox-label\\"><wx-view class=\\"cube-checkbox--cube-checkbox-ui cube-checkbox--cube-checkbox-ui-round\\"><wx-view class=\\"cube-checkbox--cube-checkbox-inner-ui cube-checkbox--cube-checkbox-inner-ui-round\\"></wx-view></wx-view><wx-view class=\\"cube-checkbox--cube-checkbox-text-wrap\\"><wx-view><wx-view class=\\"cube-checkbox--cube-checkbox-text\\">苹果desc</wx-view></wx-view></wx-view></wx-label></wx-view></cube-checkbox><cube-checkbox class=\\"cube-checkbox-group--ref_checkboxRef_1\\" style=\\"\\"><wx-view class=\\"cube-checkbox--cube-checkbox\\"><wx-label class=\\"cube-checkbox--cube-checkbox-label\\"><wx-view class=\\"cube-checkbox--cube-checkbox-ui cube-checkbox--cube-checkbox-ui-round\\"><wx-view class=\\"cube-checkbox--cube-checkbox-inner-ui cube-checkbox--cube-checkbox-inner-ui-round\\"></wx-view></wx-view><wx-view class=\\"cube-checkbox--cube-checkbox-text-wrap\\"><wx-view><wx-view class=\\"cube-checkbox--cube-checkbox-text\\">橘子desc</wx-view></wx-view></wx-view></wx-label></wx-view></cube-checkbox><cube-checkbox class=\\"cube-checkbox-group--ref_checkboxRef_1\\" style=\\"\\"><wx-view class=\\"cube-checkbox--cube-checkbox\\"><wx-label class=\\"cube-checkbox--cube-checkbox-label\\"><wx-view class=\\"cube-checkbox--cube-checkbox-ui cube-checkbox--cube-checkbox-ui-round cube-checkbox--cube-checkbox-ui_checked\\"><wx-view class=\\"cube-checkbox--cube-checkbox-inner-ui cube-checkbox--cube-checkbox-inner-ui-round\\"></wx-view></wx-view><wx-view class=\\"cube-checkbox--cube-checkbox-text-wrap\\"><wx-view><wx-view class=\\"cube-checkbox--cube-checkbox-text\\">香蕉desc</wx-view></wx-view></wx-view></wx-label></wx-view></cube-checkbox><cube-checkbox class=\\"cube-checkbox-group--ref_checkboxRef_1\\" style=\\"\\"><wx-view class=\\"cube-checkbox--cube-checkbox\\"><wx-label class=\\"cube-checkbox--cube-checkbox-label\\"><wx-view class=\\"cube-checkbox--cube-checkbox-ui cube-checkbox--cube-checkbox-ui-round\\"><wx-view class=\\"cube-checkbox--cube-checkbox-inner-ui cube-checkbox--cube-checkbox-inner-ui-round\\"></wx-view></wx-view><wx-view class=\\"cube-checkbox--cube-checkbox-text-wrap\\"><wx-view><wx-view class=\\"cube-checkbox--cube-checkbox-text\\">桃子desc</wx-view></wx-view></wx-view></wx-label></wx-view></cube-checkbox></wx-view></cube-checkbox-group></wx-view></wx-view></wx-view></wx-view><wx-view class=\\"cube-modal--cube-modal-footer\\" style=\\"\\"><cube-confirm-button-group class=\\"cube-modal--cube-modal-confirm-button-group\\"><cube-button-group class=\\"cube-confirm-button-group--cube-confirm-button-group cube-confirm-button-group--cube-confirm-button-group_vertical\\"><wx-view class=\\"cube-button-group--cube-button-group cube-button-group--cube-button-group_vertical\\"><cube-button class=\\"cube-confirm-button-group--cube-option-confirm-button\\"><wx-button style=\\"\\" class=\\"cube-button--cube-btn cube-button--cube-btn-primary\\"><wx-view class=\\"cube-button--cube-btn-content\\" style=\\"\\">确定</wx-view></wx-button></cube-button></wx-view></cube-button-group></cube-confirm-button-group></wx-view></wx-view></wx-view></wx-view></cube-popup></cube-modal></wx-view>"`;

exports[`component checkbox-modal unit test render check render 3`] = `"<wx-view class=\\"main--cube-checkbox-modal\\"><cube-modal class=\\"main--ref_modal_1\\" data-eventconfigs=\\"[object Object]\\"><cube-popup class=\\"cube-modal--cube-modal cube-modal--ref_popup_1\\" data-eventconfigs=\\"[object Object]\\"><wx-view class=\\"cube-popup--cube-popup cube-popup--cube-popup_mask cube-popup--cube-popup_mask_fade_transition cube-popup--cube-popup-bottom cube-popup--cube-popup-remove-touch\\" style=\\"z-index: 100\\"><wx-view class=\\"cube-popup--cube-popup-mask\\" style=\\"\\"></wx-view><wx-view class=\\"cube-popup--cube-popup-content\\" style=\\"\\"><wx-view class=\\"cube-modal--cube-modal-section\\" style=\\"\\"><wx-view class=\\"cube-modal--cube-modal-header\\" style=\\"\\"><wx-view></wx-view></wx-view><wx-view class=\\"cube-modal--cube-modal-body\\" style=\\"\\"><wx-view class=\\"cube-modal--cube-modal-main\\"><wx-view class=\\"cube-modal--cube-modal-content\\"><wx-view><cube-checkbox-group data-eventconfigs=\\"[object Object]\\"><wx-view class=\\"cube-checkbox-group--cube-checkbox-group\\"><cube-checkbox class=\\"cube-checkbox-group--ref_checkboxRef_1\\" style=\\"\\"><wx-view class=\\"cube-checkbox--cube-checkbox\\"><wx-label class=\\"cube-checkbox--cube-checkbox-label\\"><wx-view class=\\"cube-checkbox--cube-checkbox-ui cube-checkbox--cube-checkbox-ui-round\\"><wx-view class=\\"cube-checkbox--cube-checkbox-inner-ui cube-checkbox--cube-checkbox-inner-ui-round\\"></wx-view></wx-view><wx-view class=\\"cube-checkbox--cube-checkbox-text-wrap\\"><wx-view><wx-view class=\\"cube-checkbox--cube-checkbox-text\\">苹果desc</wx-view></wx-view></wx-view></wx-label></wx-view></cube-checkbox><cube-checkbox class=\\"cube-checkbox-group--ref_checkboxRef_1\\" style=\\"\\"><wx-view class=\\"cube-checkbox--cube-checkbox\\"><wx-label class=\\"cube-checkbox--cube-checkbox-label\\"><wx-view class=\\"cube-checkbox--cube-checkbox-ui cube-checkbox--cube-checkbox-ui-round\\"><wx-view class=\\"cube-checkbox--cube-checkbox-inner-ui cube-checkbox--cube-checkbox-inner-ui-round\\"></wx-view></wx-view><wx-view class=\\"cube-checkbox--cube-checkbox-text-wrap\\"><wx-view><wx-view class=\\"cube-checkbox--cube-checkbox-text\\">橘子desc</wx-view></wx-view></wx-view></wx-label></wx-view></cube-checkbox><cube-checkbox class=\\"cube-checkbox-group--ref_checkboxRef_1\\" style=\\"\\"><wx-view class=\\"cube-checkbox--cube-checkbox\\"><wx-label class=\\"cube-checkbox--cube-checkbox-label\\"><wx-view class=\\"cube-checkbox--cube-checkbox-ui cube-checkbox--cube-checkbox-ui-round cube-checkbox--cube-checkbox-ui_checked\\"><wx-view class=\\"cube-checkbox--cube-checkbox-inner-ui cube-checkbox--cube-checkbox-inner-ui-round\\"></wx-view></wx-view><wx-view class=\\"cube-checkbox--cube-checkbox-text-wrap\\"><wx-view><wx-view class=\\"cube-checkbox--cube-checkbox-text\\">香蕉desc</wx-view></wx-view></wx-view></wx-label></wx-view></cube-checkbox><cube-checkbox class=\\"cube-checkbox-group--ref_checkboxRef_1\\" style=\\"\\"><wx-view class=\\"cube-checkbox--cube-checkbox\\"><wx-label class=\\"cube-checkbox--cube-checkbox-label\\"><wx-view class=\\"cube-checkbox--cube-checkbox-ui cube-checkbox--cube-checkbox-ui-round\\"><wx-view class=\\"cube-checkbox--cube-checkbox-inner-ui cube-checkbox--cube-checkbox-inner-ui-round\\"></wx-view></wx-view><wx-view class=\\"cube-checkbox--cube-checkbox-text-wrap\\"><wx-view><wx-view class=\\"cube-checkbox--cube-checkbox-text\\">桃子desc</wx-view></wx-view></wx-view></wx-label></wx-view></cube-checkbox></wx-view></cube-checkbox-group></wx-view></wx-view></wx-view></wx-view><wx-view class=\\"cube-modal--cube-modal-footer\\" style=\\"\\"><cube-confirm-button-group class=\\"cube-modal--cube-modal-confirm-button-group\\"><cube-button-group class=\\"cube-confirm-button-group--cube-confirm-button-group cube-confirm-button-group--cube-confirm-button-group_vertical\\"><wx-view class=\\"cube-button-group--cube-button-group cube-button-group--cube-button-group_vertical\\"><cube-button class=\\"cube-confirm-button-group--cube-option-confirm-button\\"><wx-button style=\\"\\" class=\\"cube-button--cube-btn cube-button--cube-btn-primary\\"><wx-view class=\\"cube-button--cube-btn-content\\" style=\\"\\">确定</wx-view></wx-button></cube-button></wx-view></cube-button-group></cube-confirm-button-group></wx-view></wx-view></wx-view></wx-view></cube-popup></cube-modal></wx-view>"`;

exports[`component checkbox-modal unit test render check render 4`] = `"<wx-view class=\\"main--cube-checkbox-modal\\"><cube-modal class=\\"main--ref_modal_1\\" data-eventconfigs=\\"[object Object]\\"><cube-popup class=\\"cube-modal--cube-modal cube-modal--ref_popup_1\\" data-eventconfigs=\\"[object Object]\\"><wx-view class=\\"cube-popup--cube-popup cube-popup--cube-popup_mask cube-popup--cube-popup_mask_fade_transition cube-popup--cube-popup-bottom cube-popup--cube-popup-remove-touch\\" style=\\"z-index: 100\\"><wx-view class=\\"cube-popup--cube-popup-mask\\" style=\\"\\"></wx-view><wx-view class=\\"cube-popup--cube-popup-content\\" style=\\"\\"><wx-view class=\\"cube-modal--cube-modal-section\\" style=\\"\\"><wx-view class=\\"cube-modal--cube-modal-header\\" style=\\"\\"><wx-view></wx-view></wx-view><wx-view class=\\"cube-modal--cube-modal-body\\" style=\\"\\"><wx-view class=\\"cube-modal--cube-modal-main\\"><wx-view class=\\"cube-modal--cube-modal-content\\"><wx-view><cube-checkbox-group data-eventconfigs=\\"[object Object]\\"><wx-view class=\\"cube-checkbox-group--cube-checkbox-group\\"><cube-checkbox class=\\"cube-checkbox-group--ref_checkboxRef_1\\" style=\\"\\"><wx-view class=\\"cube-checkbox--cube-checkbox\\"><wx-label class=\\"cube-checkbox--cube-checkbox-label\\"><wx-view class=\\"cube-checkbox--cube-checkbox-ui cube-checkbox--cube-checkbox-ui-round\\"><wx-view class=\\"cube-checkbox--cube-checkbox-inner-ui cube-checkbox--cube-checkbox-inner-ui-round\\"></wx-view></wx-view><wx-view class=\\"cube-checkbox--cube-checkbox-text-wrap\\"><wx-view><wx-view class=\\"cube-checkbox--cube-checkbox-text\\">苹果desc</wx-view></wx-view></wx-view></wx-label></wx-view></cube-checkbox><cube-checkbox class=\\"cube-checkbox-group--ref_checkboxRef_1\\" style=\\"\\"><wx-view class=\\"cube-checkbox--cube-checkbox\\"><wx-label class=\\"cube-checkbox--cube-checkbox-label\\"><wx-view class=\\"cube-checkbox--cube-checkbox-ui cube-checkbox--cube-checkbox-ui-round\\"><wx-view class=\\"cube-checkbox--cube-checkbox-inner-ui cube-checkbox--cube-checkbox-inner-ui-round\\"></wx-view></wx-view><wx-view class=\\"cube-checkbox--cube-checkbox-text-wrap\\"><wx-view><wx-view class=\\"cube-checkbox--cube-checkbox-text\\">橘子desc</wx-view></wx-view></wx-view></wx-label></wx-view></cube-checkbox><cube-checkbox class=\\"cube-checkbox-group--ref_checkboxRef_1\\" style=\\"\\"><wx-view class=\\"cube-checkbox--cube-checkbox\\"><wx-label class=\\"cube-checkbox--cube-checkbox-label\\"><wx-view class=\\"cube-checkbox--cube-checkbox-ui cube-checkbox--cube-checkbox-ui-round cube-checkbox--cube-checkbox-ui_checked\\"><wx-view class=\\"cube-checkbox--cube-checkbox-inner-ui cube-checkbox--cube-checkbox-inner-ui-round\\"></wx-view></wx-view><wx-view class=\\"cube-checkbox--cube-checkbox-text-wrap\\"><wx-view><wx-view class=\\"cube-checkbox--cube-checkbox-text\\">香蕉desc</wx-view></wx-view></wx-view></wx-label></wx-view></cube-checkbox><cube-checkbox class=\\"cube-checkbox-group--ref_checkboxRef_1\\" style=\\"\\"><wx-view class=\\"cube-checkbox--cube-checkbox\\"><wx-label class=\\"cube-checkbox--cube-checkbox-label\\"><wx-view class=\\"cube-checkbox--cube-checkbox-ui cube-checkbox--cube-checkbox-ui-round\\"><wx-view class=\\"cube-checkbox--cube-checkbox-inner-ui cube-checkbox--cube-checkbox-inner-ui-round\\"></wx-view></wx-view><wx-view class=\\"cube-checkbox--cube-checkbox-text-wrap\\"><wx-view><wx-view class=\\"cube-checkbox--cube-checkbox-text\\">桃子desc</wx-view></wx-view></wx-view></wx-label></wx-view></cube-checkbox></wx-view></cube-checkbox-group></wx-view></wx-view></wx-view></wx-view><wx-view class=\\"cube-modal--cube-modal-footer\\" style=\\"\\"><cube-confirm-button-group class=\\"cube-modal--cube-modal-confirm-button-group\\"><cube-button-group class=\\"cube-confirm-button-group--cube-confirm-button-group cube-confirm-button-group--cube-confirm-button-group_vertical\\"><wx-view class=\\"cube-button-group--cube-button-group cube-button-group--cube-button-group_vertical\\"><cube-button class=\\"cube-confirm-button-group--cube-option-confirm-button\\"><wx-button style=\\"\\" class=\\"cube-button--cube-btn cube-button--cube-btn-primary\\"><wx-view class=\\"cube-button--cube-btn-content\\" style=\\"\\">确定</wx-view></wx-button></cube-button></wx-view></cube-button-group></cube-confirm-button-group></wx-view></wx-view></wx-view></wx-view></cube-popup></cube-modal></wx-view>"`;

exports[`component checkbox-modal unit test render check render 5`] = `"<wx-view class=\\"main--cube-checkbox-modal\\"><cube-modal class=\\"main--ref_modal_1\\" data-eventconfigs=\\"[object Object]\\"><cube-popup class=\\"cube-modal--cube-modal cube-modal--ref_popup_1\\" data-eventconfigs=\\"[object Object]\\"><wx-view class=\\"cube-popup--cube-popup cube-popup--cube-popup_mask cube-popup--cube-popup_mask_fade_transition cube-popup--cube-popup-bottom cube-popup--cube-popup-remove-touch\\" style=\\"z-index: 100\\"><wx-view class=\\"cube-popup--cube-popup-mask\\" style=\\"\\"></wx-view><wx-view class=\\"cube-popup--cube-popup-content\\" style=\\"\\"><wx-view class=\\"cube-modal--cube-modal-section\\" style=\\"\\"><wx-view class=\\"cube-modal--cube-modal-header\\" style=\\"\\"><wx-view class=\\"cube-modal--cube-modal-close\\"><wx-view class=\\"cube-modal--cube-modal-close-icon\\"><cube-icon><wx-view class=\\"cube-icon--cubeic cube-icon--cubeic cube-icon--cubeic-close\\" style=\\"\\"></wx-view></cube-icon></wx-view></wx-view></wx-view><wx-view class=\\"cube-modal--cube-modal-body\\" style=\\"\\"><wx-view class=\\"cube-modal--cube-modal-main\\"><wx-view class=\\"cube-modal--cube-modal-content\\"><wx-view><cube-checkbox-group data-eventconfigs=\\"[object Object]\\"><wx-view class=\\"cube-checkbox-group--cube-checkbox-group\\"><cube-checkbox class=\\"cube-checkbox-group--ref_checkboxRef_1\\" style=\\"\\"><wx-view class=\\"cube-checkbox--cube-checkbox\\"><wx-label class=\\"cube-checkbox--cube-checkbox-label\\"><wx-view class=\\"cube-checkbox--cube-checkbox-ui cube-checkbox--cube-checkbox-ui-round\\"><wx-view class=\\"cube-checkbox--cube-checkbox-inner-ui cube-checkbox--cube-checkbox-inner-ui-round\\"></wx-view></wx-view><wx-view class=\\"cube-checkbox--cube-checkbox-text-wrap\\"><wx-view><wx-view class=\\"cube-checkbox--cube-checkbox-text\\">苹果desc</wx-view></wx-view></wx-view></wx-label></wx-view></cube-checkbox><cube-checkbox class=\\"cube-checkbox-group--ref_checkboxRef_1\\" style=\\"\\"><wx-view class=\\"cube-checkbox--cube-checkbox\\"><wx-label class=\\"cube-checkbox--cube-checkbox-label\\"><wx-view class=\\"cube-checkbox--cube-checkbox-ui cube-checkbox--cube-checkbox-ui-round\\"><wx-view class=\\"cube-checkbox--cube-checkbox-inner-ui cube-checkbox--cube-checkbox-inner-ui-round\\"></wx-view></wx-view><wx-view class=\\"cube-checkbox--cube-checkbox-text-wrap\\"><wx-view><wx-view class=\\"cube-checkbox--cube-checkbox-text\\">橘子desc</wx-view></wx-view></wx-view></wx-label></wx-view></cube-checkbox><cube-checkbox class=\\"cube-checkbox-group--ref_checkboxRef_1\\" style=\\"\\"><wx-view class=\\"cube-checkbox--cube-checkbox\\"><wx-label class=\\"cube-checkbox--cube-checkbox-label\\"><wx-view class=\\"cube-checkbox--cube-checkbox-ui cube-checkbox--cube-checkbox-ui-round cube-checkbox--cube-checkbox-ui_checked\\"><wx-view class=\\"cube-checkbox--cube-checkbox-inner-ui cube-checkbox--cube-checkbox-inner-ui-round\\"></wx-view></wx-view><wx-view class=\\"cube-checkbox--cube-checkbox-text-wrap\\"><wx-view><wx-view class=\\"cube-checkbox--cube-checkbox-text\\">香蕉desc</wx-view></wx-view></wx-view></wx-label></wx-view></cube-checkbox><cube-checkbox class=\\"cube-checkbox-group--ref_checkboxRef_1\\" style=\\"\\"><wx-view class=\\"cube-checkbox--cube-checkbox\\"><wx-label class=\\"cube-checkbox--cube-checkbox-label\\"><wx-view class=\\"cube-checkbox--cube-checkbox-ui cube-checkbox--cube-checkbox-ui-round\\"><wx-view class=\\"cube-checkbox--cube-checkbox-inner-ui cube-checkbox--cube-checkbox-inner-ui-round\\"></wx-view></wx-view><wx-view class=\\"cube-checkbox--cube-checkbox-text-wrap\\"><wx-view><wx-view class=\\"cube-checkbox--cube-checkbox-text\\">桃子desc</wx-view></wx-view></wx-view></wx-label></wx-view></cube-checkbox></wx-view></cube-checkbox-group></wx-view></wx-view></wx-view></wx-view><wx-view class=\\"cube-modal--cube-modal-footer\\" style=\\"\\"><cube-confirm-button-group class=\\"cube-modal--cube-modal-confirm-button-group\\"><cube-button-group class=\\"cube-confirm-button-group--cube-confirm-button-group cube-confirm-button-group--cube-confirm-button-group_vertical\\"><wx-view class=\\"cube-button-group--cube-button-group cube-button-group--cube-button-group_vertical\\"><cube-button class=\\"cube-confirm-button-group--cube-option-confirm-button\\"><wx-button style=\\"\\" class=\\"cube-button--cube-btn cube-button--cube-btn-primary\\"><wx-view class=\\"cube-button--cube-btn-content\\" style=\\"\\">确定</wx-view></wx-button></cube-button></wx-view></cube-button-group></cube-confirm-button-group></wx-view></wx-view></wx-view></wx-view></cube-popup></cube-modal></wx-view>"`;

exports[`component checkbox-modal unit test render check render 6`] = `"<wx-view class=\\"main--cube-checkbox-modal\\"><cube-modal class=\\"main--ref_modal_1\\" data-eventconfigs=\\"[object Object]\\"><cube-popup class=\\"cube-modal--cube-modal cube-modal--ref_popup_1\\" data-eventconfigs=\\"[object Object]\\"><wx-view class=\\"cube-popup--cube-popup cube-popup--cube-popup_mask cube-popup--cube-popup_mask_fade_transition cube-popup--cube-popup-bottom cube-popup--cube-popup-remove-touch\\" style=\\"z-index: 100\\"><wx-view class=\\"cube-popup--cube-popup-mask\\" style=\\"\\"></wx-view><wx-view class=\\"cube-popup--cube-popup-content\\" style=\\"\\"><wx-view class=\\"cube-modal--cube-modal-section\\" style=\\"\\"><wx-view class=\\"cube-modal--cube-modal-header\\" style=\\"\\"><wx-view></wx-view></wx-view><wx-view class=\\"cube-modal--cube-modal-body\\" style=\\"\\"><wx-view class=\\"cube-modal--cube-modal-main\\"><wx-view class=\\"cube-modal--cube-modal-content\\"><wx-view><cube-checkbox-group data-eventconfigs=\\"[object Object]\\"><wx-view class=\\"cube-checkbox-group--cube-checkbox-group\\"><cube-checkbox class=\\"cube-checkbox-group--ref_checkboxRef_1\\" style=\\"\\"><wx-view class=\\"cube-checkbox--cube-checkbox\\"><wx-label class=\\"cube-checkbox--cube-checkbox-label\\"><wx-view class=\\"cube-checkbox--cube-checkbox-ui cube-checkbox--cube-checkbox-ui-round\\"><wx-view class=\\"cube-checkbox--cube-checkbox-inner-ui cube-checkbox--cube-checkbox-inner-ui-round\\"></wx-view></wx-view><wx-view class=\\"cube-checkbox--cube-checkbox-text-wrap\\"><wx-view><wx-view class=\\"cube-checkbox--cube-checkbox-text\\">苹果desc</wx-view></wx-view></wx-view></wx-label></wx-view></cube-checkbox><cube-checkbox class=\\"cube-checkbox-group--ref_checkboxRef_1\\" style=\\"\\"><wx-view class=\\"cube-checkbox--cube-checkbox\\"><wx-label class=\\"cube-checkbox--cube-checkbox-label\\"><wx-view class=\\"cube-checkbox--cube-checkbox-ui cube-checkbox--cube-checkbox-ui-round\\"><wx-view class=\\"cube-checkbox--cube-checkbox-inner-ui cube-checkbox--cube-checkbox-inner-ui-round\\"></wx-view></wx-view><wx-view class=\\"cube-checkbox--cube-checkbox-text-wrap\\"><wx-view><wx-view class=\\"cube-checkbox--cube-checkbox-text\\">橘子desc</wx-view></wx-view></wx-view></wx-label></wx-view></cube-checkbox><cube-checkbox class=\\"cube-checkbox-group--ref_checkboxRef_1\\" style=\\"\\"><wx-view class=\\"cube-checkbox--cube-checkbox\\"><wx-label class=\\"cube-checkbox--cube-checkbox-label\\"><wx-view class=\\"cube-checkbox--cube-checkbox-ui cube-checkbox--cube-checkbox-ui-round cube-checkbox--cube-checkbox-ui_checked\\"><wx-view class=\\"cube-checkbox--cube-checkbox-inner-ui cube-checkbox--cube-checkbox-inner-ui-round\\"></wx-view></wx-view><wx-view class=\\"cube-checkbox--cube-checkbox-text-wrap\\"><wx-view><wx-view class=\\"cube-checkbox--cube-checkbox-text\\">香蕉desc</wx-view></wx-view></wx-view></wx-label></wx-view></cube-checkbox><cube-checkbox class=\\"cube-checkbox-group--ref_checkboxRef_1\\" style=\\"\\"><wx-view class=\\"cube-checkbox--cube-checkbox\\"><wx-label class=\\"cube-checkbox--cube-checkbox-label\\"><wx-view class=\\"cube-checkbox--cube-checkbox-ui cube-checkbox--cube-checkbox-ui-round\\"><wx-view class=\\"cube-checkbox--cube-checkbox-inner-ui cube-checkbox--cube-checkbox-inner-ui-round\\"></wx-view></wx-view><wx-view class=\\"cube-checkbox--cube-checkbox-text-wrap\\"><wx-view><wx-view class=\\"cube-checkbox--cube-checkbox-text\\">桃子desc</wx-view></wx-view></wx-view></wx-label></wx-view></cube-checkbox></wx-view></cube-checkbox-group></wx-view></wx-view></wx-view></wx-view><wx-view class=\\"cube-modal--cube-modal-footer\\" style=\\"\\"><cube-confirm-button-group class=\\"cube-modal--cube-modal-confirm-button-group\\"><cube-button-group class=\\"cube-confirm-button-group--cube-confirm-button-group cube-confirm-button-group--cube-confirm-button-group_vertical\\"><wx-view class=\\"cube-button-group--cube-button-group cube-button-group--cube-button-group_vertical\\"><cube-button class=\\"cube-confirm-button-group--cube-option-confirm-button\\"><wx-button style=\\"\\" class=\\"cube-button--cube-btn cube-button--cube-btn-primary\\"><wx-view class=\\"cube-button--cube-btn-content\\" style=\\"\\">确定</wx-view></wx-button></cube-button></wx-view></cube-button-group></cube-confirm-button-group></wx-view></wx-view></wx-view></wx-view></cube-popup></cube-modal></wx-view>"`;

exports[`component checkbox-modal unit test slot check render correct 1`] = `"<main class=\\"chekbox-modal\\"><wx-view class=\\"main--cube-checkbox-modal\\"><cube-modal class=\\"main--ref_modal_1\\" data-eventconfigs=\\"[object Object]\\"><cube-popup class=\\"cube-modal--cube-modal cube-modal--ref_popup_1\\" data-eventconfigs=\\"[object Object]\\"><wx-view class=\\"cube-popup--cube-popup cube-popup--cube-popup_mask cube-popup--cube-popup_mask_fade_transition cube-popup--cube-popup-bottom cube-popup--cube-popup-remove-touch\\" style=\\"z-index: 100\\"><wx-view class=\\"cube-popup--cube-popup-mask\\" style=\\"\\"></wx-view><wx-view class=\\"cube-popup--cube-popup-content\\" style=\\"\\"><wx-view class=\\"cube-modal--cube-modal-section\\" style=\\"\\"><wx-view class=\\"cube-modal--cube-modal-header\\" style=\\"\\"><wx-view></wx-view></wx-view><wx-view class=\\"cube-modal--cube-modal-body\\" style=\\"\\"><wx-view class=\\"cube-modal--cube-modal-main\\"><wx-view class=\\"cube-modal--cube-modal-content\\"><wx-view><cube-checkbox-group data-eventconfigs=\\"[object Object]\\"><wx-view class=\\"cube-checkbox-group--cube-checkbox-group\\"></wx-view></cube-checkbox-group></wx-view></wx-view></wx-view></wx-view><wx-view class=\\"cube-modal--cube-modal-footer\\" style=\\"\\"><cube-confirm-button-group class=\\"cube-modal--cube-modal-confirm-button-group\\"><cube-button-group class=\\"cube-confirm-button-group--cube-confirm-button-group cube-confirm-button-group--cube-confirm-button-group_vertical\\"><wx-view class=\\"cube-button-group--cube-button-group cube-button-group--cube-button-group_vertical\\"><cube-button class=\\"cube-confirm-button-group--cube-option-confirm-button\\"><wx-button style=\\"\\" class=\\"cube-button--cube-btn cube-button--cube-btn-primary\\"><wx-view class=\\"cube-button--cube-btn-content\\" style=\\"\\">确定</wx-view></wx-button></cube-button></wx-view></cube-button-group></cube-confirm-button-group></wx-view></wx-view></wx-view></wx-view></cube-popup></cube-modal></wx-view></main>"`;
