// Jest Snapshot v1, https://goo.gl/fbAQLP

exports[`component cascade-picker unit test base props check matchSnapshot 1`] = `"<cube-picker-popup-base class=\\"main--ref_choosePopup_1 main--cube-cascade-picker-popup\\" data-eventconfigs=\\"[object Object]\\"><cube-popup class=\\"cube-picker-popup-base--cube-picker-popup-base cube-picker-popup-base--ref_popup_1\\" data-eventconfigs=\\"[object Object]\\"><wx-view class=\\"cube-popup--cube-popup cube-popup--cube-popup_mask cube-popup--cube-popup_mask_fade_transition cube-popup--cube-popup-bottom cube-popup--cube-popup-remove-touch\\" style=\\"z-index: 100\\"><wx-view class=\\"cube-popup--cube-popup-mask\\" style=\\"\\"></wx-view><wx-view class=\\"cube-popup--cube-popup-content\\" style=\\"\\"><wx-view class=\\"cube-picker-popup-base--cube-picker-popup-panel\\"><wx-view class=\\"cube-picker-popup-base--cube-picker-popup-header\\"><wx-view class=\\"cube-picker-popup-base--cube-picker-popup-cancel\\">取消</wx-view><wx-view class=\\"cube-picker-popup-base--cube-picker-popup-title-group\\"><wx-view class=\\"cube-picker-popup-base--cube-picker-popup-title\\"><wx-rich-text><wx-view class=\\"rich-text\\"></wx-view></wx-rich-text></wx-view></wx-view><wx-view class=\\"cube-picker-popup-base--cube-picker-popup-confirm\\">确认</wx-view></wx-view><wx-view class=\\"cube-picker-popup-base--cube-picker-popup-content\\"><cube-cascade-picker class=\\"main--ref_picker_2\\"><cube-picker class=\\"cube-cascade-picker--ref_picker_1 cube-cascade-picker--cube-cascade-picker\\"><wx-view class=\\"cube-picker--cube-picker\\"><wx-picker-view class=\\"cube-picker--cube-picker-wheel-wrapper\\"><wx-picker-view-column class=\\"cube-picker--cube-picker-wheel-scroll\\" style=\\"order:0\\"><wx-view class=\\"cube-picker--cube-picker-wheel-item\\">Fruit text</wx-view><wx-view class=\\"cube-picker--cube-picker-wheel-item\\">Drink</wx-view><wx-view class=\\"cube-picker--cube-picker-wheel-item\\">Dessert</wx-view></wx-picker-view-column><wx-picker-view-column class=\\"cube-picker--cube-picker-wheel-scroll\\" style=\\"order:1\\"><wx-view class=\\"cube-picker--cube-picker-wheel-item\\">Coffee</wx-view><wx-view class=\\"cube-picker--cube-picker-wheel-item\\">Tea</wx-view><wx-view class=\\"cube-picker--cube-picker-wheel-item\\">Juice</wx-view></wx-picker-view-column><wx-picker-view-column class=\\"cube-picker--cube-picker-wheel-scroll\\" style=\\"order:2\\"><wx-view class=\\"cube-picker--cube-picker-wheel-item\\">One</wx-view><wx-view class=\\"cube-picker--cube-picker-wheel-item\\">Two</wx-view><wx-view class=\\"cube-picker--cube-picker-wheel-item\\">Three</wx-view><wx-view class=\\"cube-picker--cube-picker-wheel-item\\">Four</wx-view></wx-picker-view-column></wx-picker-view></wx-view></cube-picker></cube-cascade-picker></wx-view></wx-view></wx-view></wx-view></cube-popup></cube-picker-popup-base>"`;

exports[`component cascade-picker unit test base props check matchSnapshot 2`] = `"<cube-picker-popup-base class=\\"main--ref_choosePopup_1 main--cube-cascade-picker-popup\\" data-eventconfigs=\\"[object Object]\\"><cube-popup class=\\"cube-picker-popup-base--cube-picker-popup-base cube-picker-popup-base--ref_popup_1\\" data-eventconfigs=\\"[object Object]\\"><wx-view class=\\"cube-popup--cube-popup cube-popup--cube-popup_mask cube-popup--cube-popup_mask_fade_transition cube-popup--cube-popup-bottom cube-popup--cube-popup-remove-touch\\" style=\\"z-index: 100\\"><wx-view class=\\"cube-popup--cube-popup-mask\\" style=\\"\\"></wx-view><wx-view class=\\"cube-popup--cube-popup-content\\" style=\\"\\"><wx-view class=\\"cube-picker-popup-base--cube-picker-popup-panel\\"><wx-view class=\\"cube-picker-popup-base--cube-picker-popup-header\\"><wx-view class=\\"cube-picker-popup-base--cube-picker-popup-cancel\\">取消</wx-view><wx-view class=\\"cube-picker-popup-base--cube-picker-popup-title-group\\"><wx-view class=\\"cube-picker-popup-base--cube-picker-popup-title\\"><wx-rich-text><wx-view class=\\"rich-text\\"></wx-view></wx-rich-text></wx-view></wx-view><wx-view class=\\"cube-picker-popup-base--cube-picker-popup-confirm\\">确认</wx-view></wx-view><wx-view class=\\"cube-picker-popup-base--cube-picker-popup-content\\"><cube-cascade-picker class=\\"main--ref_picker_2\\"><cube-picker class=\\"cube-cascade-picker--ref_picker_1 cube-cascade-picker--cube-cascade-picker\\"><wx-view class=\\"cube-picker--cube-picker\\"><wx-picker-view class=\\"cube-picker--cube-picker-wheel-wrapper\\"><wx-picker-view-column class=\\"cube-picker--cube-picker-wheel-scroll\\" style=\\"order:0\\"><wx-view class=\\"cube-picker--cube-picker-wheel-item\\">Fruit text</wx-view><wx-view class=\\"cube-picker--cube-picker-wheel-item\\">Drink</wx-view><wx-view class=\\"cube-picker--cube-picker-wheel-item\\">Dessert</wx-view></wx-picker-view-column><wx-picker-view-column class=\\"cube-picker--cube-picker-wheel-scroll\\" style=\\"order:1\\"><wx-view class=\\"cube-picker--cube-picker-wheel-item\\">Coffee</wx-view><wx-view class=\\"cube-picker--cube-picker-wheel-item\\">Tea</wx-view><wx-view class=\\"cube-picker--cube-picker-wheel-item\\">Juice</wx-view></wx-picker-view-column><wx-picker-view-column class=\\"cube-picker--cube-picker-wheel-scroll\\" style=\\"order:2\\"><wx-view class=\\"cube-picker--cube-picker-wheel-item\\">One</wx-view><wx-view class=\\"cube-picker--cube-picker-wheel-item\\">Two</wx-view><wx-view class=\\"cube-picker--cube-picker-wheel-item\\">Three</wx-view><wx-view class=\\"cube-picker--cube-picker-wheel-item\\">Four</wx-view></wx-picker-view-column></wx-picker-view></wx-view></cube-picker></cube-cascade-picker></wx-view></wx-view></wx-view></wx-view></cube-popup></cube-picker-popup-base>"`;

exports[`component cascade-picker unit test base set props check matchSnapshot 1`] = `"<cube-picker-popup-base class=\\"main--ref_choosePopup_1 main--cube-cascade-picker-popup\\" data-eventconfigs=\\"[object Object]\\"><cube-popup class=\\"cube-picker-popup-base--cube-picker-popup-base cube-picker-popup-base--ref_popup_1\\" data-eventconfigs=\\"[object Object]\\"><wx-view class=\\"cube-popup--cube-popup cube-popup--cube-popup_mask cube-popup--cube-popup_mask_fade_transition cube-popup--cube-popup_transition cube-popup--cube-popup-bottom cube-popup--show cube-popup--cube-popup-remove-touch\\" style=\\"z-index: 100\\"><wx-view class=\\"cube-popup--cube-popup-mask\\" style=\\"\\"></wx-view><wx-view class=\\"cube-popup--cube-popup-content cube-popup--move-up\\" style=\\"\\"><wx-view class=\\"cube-picker-popup-base--cube-picker-popup-panel\\"><wx-view class=\\"cube-picker-popup-base--cube-picker-popup-header\\"><wx-view class=\\"cube-picker-popup-base--cube-picker-popup-cancel\\">cancel</wx-view><wx-view class=\\"cube-picker-popup-base--cube-picker-popup-title-group\\"><wx-view class=\\"cube-picker-popup-base--cube-picker-popup-title\\"><wx-rich-text><wx-view class=\\"rich-text\\">选择器</wx-view></wx-rich-text></wx-view></wx-view><wx-view class=\\"cube-picker-popup-base--cube-picker-popup-confirm\\">ok</wx-view></wx-view><wx-view class=\\"cube-picker-popup-base--cube-picker-popup-content\\"><cube-cascade-picker class=\\"main--ref_picker_2\\"><cube-picker class=\\"cube-cascade-picker--ref_picker_1 cube-cascade-picker--cube-cascade-picker\\"><wx-view class=\\"cube-picker--cube-picker\\"><wx-picker-view class=\\"cube-picker--cube-picker-wheel-wrapper\\"><wx-picker-view-column class=\\"cube-picker--cube-picker-wheel-scroll\\" style=\\"order:0\\"><wx-view class=\\"cube-picker--cube-picker-wheel-item\\">Fruit text</wx-view><wx-view class=\\"cube-picker--cube-picker-wheel-item\\">Drink</wx-view><wx-view class=\\"cube-picker--cube-picker-wheel-item\\">Dessert</wx-view></wx-picker-view-column><wx-picker-view-column class=\\"cube-picker--cube-picker-wheel-scroll\\" style=\\"order:1\\"><wx-view class=\\"cube-picker--cube-picker-wheel-item\\">Coffee</wx-view><wx-view class=\\"cube-picker--cube-picker-wheel-item\\">Tea</wx-view><wx-view class=\\"cube-picker--cube-picker-wheel-item\\">Juice</wx-view></wx-picker-view-column><wx-picker-view-column class=\\"cube-picker--cube-picker-wheel-scroll\\" style=\\"order:2\\"><wx-view class=\\"cube-picker--cube-picker-wheel-item\\">One</wx-view><wx-view class=\\"cube-picker--cube-picker-wheel-item\\">Two</wx-view><wx-view class=\\"cube-picker--cube-picker-wheel-item\\">Three</wx-view><wx-view class=\\"cube-picker--cube-picker-wheel-item\\">Four</wx-view></wx-picker-view-column></wx-picker-view></wx-view></cube-picker></cube-cascade-picker></wx-view></wx-view></wx-view></wx-view></cube-popup></cube-picker-popup-base>"`;

exports[`component cascade-picker unit test slot check matchSnapshot 1`] = `"<main><cube-picker-popup-base class=\\"main--ref_choosePopup_1 main--cube-cascade-picker-popup\\" data-eventconfigs=\\"[object Object]\\"><cube-popup class=\\"cube-picker-popup-base--cube-picker-popup-base cube-picker-popup-base--ref_popup_1\\" data-eventconfigs=\\"[object Object]\\"><wx-view class=\\"cube-popup--cube-popup cube-popup--cube-popup_mask cube-popup--cube-popup_mask_fade_transition cube-popup--cube-popup-bottom cube-popup--cube-popup-remove-touch\\" style=\\"z-index: 100\\"><wx-view class=\\"cube-popup--cube-popup-mask\\" style=\\"\\"></wx-view><wx-view class=\\"cube-popup--cube-popup-content\\" style=\\"\\"><wx-view class=\\"cube-picker-popup-base--cube-picker-popup-panel\\"><wx-view class=\\"cube-picker-popup-base--cube-picker-popup-header\\"><wx-view class=\\"cube-picker-popup-base--cube-picker-popup-cancel\\">取消</wx-view><wx-view class=\\"cube-picker-popup-base--cube-picker-popup-title-group\\"><wx-view class=\\"cube-picker-popup-base--cube-picker-popup-title\\"><wx-rich-text><wx-view class=\\"rich-text\\"></wx-view></wx-rich-text></wx-view></wx-view><wx-view class=\\"cube-picker-popup-base--cube-picker-popup-confirm\\">确认</wx-view></wx-view><wx-view class=\\"cube-picker-popup-base--cube-picker-popup-content\\"><cube-cascade-picker class=\\"main--ref_picker_2\\"><cube-picker class=\\"cube-cascade-picker--ref_picker_1 cube-cascade-picker--cube-cascade-picker\\"><wx-view class=\\"cube-picker--cube-picker\\"><wx-picker-view class=\\"cube-picker--cube-picker-wheel-wrapper\\"><wx-picker-view-column class=\\"cube-picker--cube-picker-wheel-scroll\\" style=\\"order:0\\"></wx-picker-view-column></wx-picker-view></wx-view></cube-picker></cube-cascade-picker></wx-view></wx-view></wx-view></wx-view></cube-popup></cube-picker-popup-base></main>"`;
