// Jest Snapshot v1, https://goo.gl/fbAQLP

exports[`component rate unit test correct props check matchSnapshot 1`] = `"<wx-view class=\\"main--cube-rate\\"><rate-item><wx-view class=\\"rate-item--cube-rate-item\\"><wx-view class=\\"rate-item--cube-rate-item-def rate-item--cube-rate-item-def-active\\"></wx-view></wx-view></rate-item><rate-item><wx-view class=\\"rate-item--cube-rate-item\\"><wx-view class=\\"rate-item--cube-rate-item-def rate-item--cube-rate-item-def-half-active\\"></wx-view></wx-view></rate-item><rate-item><wx-view class=\\"rate-item--cube-rate-item\\"><wx-view class=\\"rate-item--cube-rate-item-def\\"></wx-view></wx-view></rate-item></wx-view>"`;

exports[`component rate unit test event trigger check matchSnapshot 1`] = `"<wx-view class=\\"main--rate-demo\\"><wx-view>当前分数的值: 1</wx-view><rate data-eventconfigs=\\"[object Object]\\"><wx-view class=\\"rate--cube-rate\\"><rate-item><wx-view class=\\"rate-item--cube-rate-item\\"><wx-view class=\\"rate-item--cube-rate-item-def rate-item--cube-rate-item-def-active\\"></wx-view></wx-view></rate-item><rate-item><wx-view class=\\"rate-item--cube-rate-item\\"><wx-view class=\\"rate-item--cube-rate-item-def\\"></wx-view></wx-view></rate-item><rate-item><wx-view class=\\"rate-item--cube-rate-item\\"><wx-view class=\\"rate-item--cube-rate-item-def\\"></wx-view></wx-view></rate-item></wx-view></rate></wx-view>"`;

exports[`component rate unit test slot check matchSnapshot 1`] = `"<wx-view class=\\"main--rate-page\\"><rate data-eventconfigs=\\"[object Object]\\"><wx-view class=\\"rate--cube-rate rate--cube-rate-justify\\"><rate-item><wx-view class=\\"rate-item--cube-rate-item\\"><wx-view class=\\"rate-item--cube-rate-item-def rate-item--cube-rate-item-def-active\\"></wx-view></wx-view></rate-item><rate-item><wx-view class=\\"rate-item--cube-rate-item\\"><wx-view class=\\"rate-item--cube-rate-item-def\\"></wx-view></wx-view></rate-item><rate-item><wx-view class=\\"rate-item--cube-rate-item\\"><wx-view class=\\"rate-item--cube-rate-item-def\\"></wx-view></wx-view></rate-item><rate-item><wx-view class=\\"rate-item--cube-rate-item\\"><wx-view class=\\"rate-item--cube-rate-item-def\\"></wx-view></wx-view></rate-item></wx-view></rate></wx-view>"`;

exports[`component rate unit test wx-model check matchSnapshot 1`] = `"<wx-view class=\\"main--rate-demo\\"><wx-view>当前分数的值: 1</wx-view><rate data-eventconfigs=\\"[object Object]\\"><wx-view class=\\"rate--cube-rate\\"><rate-item><wx-view class=\\"rate-item--cube-rate-item\\"><wx-view class=\\"rate-item--cube-rate-item-def rate-item--cube-rate-item-def-active\\"></wx-view></wx-view></rate-item><rate-item><wx-view class=\\"rate-item--cube-rate-item\\"><wx-view class=\\"rate-item--cube-rate-item-def\\"></wx-view></wx-view></rate-item><rate-item><wx-view class=\\"rate-item--cube-rate-item\\"><wx-view class=\\"rate-item--cube-rate-item-def\\"></wx-view></wx-view></rate-item></wx-view></rate></wx-view>"`;
