// Jest Snapshot v1, https://goo.gl/fbAQLP

exports[`component action-sheet unit test correct props check matchSnapshot 1`] = `"<cube-popup data-eventconfigs=\\"[object Object]\\"><wx-view class=\\"cube-popup--cube-popup cube-popup--cube-popup_mask cube-popup--cube-popup-bottom cube-popup--cube-popup-remove-touch\\" style=\\"z-index: 100\\"><wx-view class=\\"cube-popup--cube-popup-mask\\" style=\\"\\"></wx-view><wx-view class=\\"cube-popup--cube-popup-content\\" style=\\"\\"><wx-view class=\\"main--cube-action-sheet-panel main--cube-safe-area-pb\\"><wx-view class=\\"main--cube-action-sheet-title\\" style=\\"\\">我是标题</wx-view><wx-view class=\\"main--cube-action-sheet-content\\"><wx-view class=\\"main--cube-action-sheet-list\\"><wx-rich-text data-align=\\"\\" class=\\"main--cube-action-sheet-item main--cube-foo\\" data-eventconfigs=\\"[object Object]\\"><wx-view class=\\"rich-text\\">align-center</wx-view></wx-rich-text><wx-rich-text data-align=\\"left\\" class=\\"main--cube-action-sheet-item main--cube-action-sheet-item_active\\" data-eventconfigs=\\"[object Object]\\"><wx-view class=\\"rich-text\\">align-left</wx-view></wx-rich-text><wx-rich-text data-align=\\"right\\" class=\\"main--cube-action-sheet-item\\" data-eventconfigs=\\"[object Object]\\"><wx-view class=\\"rich-text\\">align-right</wx-view></wx-rich-text></wx-view></wx-view><wx-view class=\\"main--cube-action-sheet-space\\"></wx-view><wx-view class=\\"main--cube-action-sheet-cancel\\">取消按钮</wx-view></wx-view></wx-view></wx-view></cube-popup>"`;

exports[`component action-sheet unit test event trigger check matchSnapshot 1`] = `"<wx-view class=\\"main--action-sheet-demo\\"><cube-action-sheet class=\\"main--ref_actionSheet_1\\"><cube-popup data-eventconfigs=\\"[object Object]\\"><wx-view class=\\"cube-popup--cube-popup cube-popup--cube-popup_mask cube-popup--cube-popup-bottom cube-popup--cube-popup-remove-touch\\" style=\\"z-index: 100\\"><wx-view class=\\"cube-popup--cube-popup-mask\\" style=\\"\\"></wx-view><wx-view class=\\"cube-popup--cube-popup-content\\" style=\\"\\"><wx-view class=\\"cube-action-sheet--cube-action-sheet-panel cube-action-sheet--cube-safe-area-pb\\"><wx-view class=\\"cube-action-sheet--cube-action-sheet-title cube-action-sheet--cube-action-sheet-title-picker\\" style=\\"\\">我是标题~~~</wx-view><wx-view class=\\"cube-action-sheet--cube-action-sheet-content\\"><wx-view class=\\"cube-action-sheet--cube-action-sheet-list\\"><wx-rich-text data-align=\\"\\" class=\\"cube-action-sheet--cube-action-sheet-item cube-action-sheet--cube-action-sheet-item_active\\" data-eventconfigs=\\"[object Object]\\"><wx-view class=\\"rich-text\\">舒适型</wx-view></wx-rich-text><wx-rich-text data-align=\\"\\" class=\\"cube-action-sheet--cube-action-sheet-item\\" data-eventconfigs=\\"[object Object]\\"><wx-view class=\\"rich-text\\">七座商务</wx-view></wx-rich-text><wx-rich-text data-align=\\"\\" class=\\"cube-action-sheet--cube-action-sheet-item\\" data-eventconfigs=\\"[object Object]\\"><wx-view class=\\"rich-text\\">豪华型</wx-view></wx-rich-text></wx-view></wx-view><wx-view class=\\"cube-action-sheet--cube-action-sheet-space cube-action-sheet--cube-action-sheet-space-picker\\"></wx-view><wx-view class=\\"cube-action-sheet--cube-action-sheet-cancel cube-action-sheet--cube-action-sheet-cancel-picker\\">取消</wx-view></wx-view></wx-view></wx-view></cube-popup></cube-action-sheet><cube-toast class=\\"main--ref_selectToast_2\\"></cube-toast></wx-view>"`;
