// Jest Snapshot v1, https://goo.gl/fbAQLP

exports[`component picker unit test base defaul props check matchSnapshot 1`] = `"<cube-picker-popup-base class=\\"main--ref_choosePopup_1 main--cube-date-picker-popup\\" data-eventconfigs=\\"[object Object]\\"><cube-popup class=\\"cube-picker-popup-base--cube-picker-popup-base cube-picker-popup-base--ref_popup_1\\" data-eventconfigs=\\"[object Object]\\"><wx-view class=\\"cube-popup--cube-popup cube-popup--cube-popup_mask cube-popup--cube-popup_mask_fade_transition cube-popup--cube-popup-bottom cube-popup--cube-popup-remove-touch\\" style=\\"z-index: 100\\"><wx-view class=\\"cube-popup--cube-popup-mask\\" style=\\"\\"></wx-view><wx-view class=\\"cube-popup--cube-popup-content\\" style=\\"\\"><wx-view class=\\"cube-picker-popup-base--cube-picker-popup-panel\\"><wx-view class=\\"cube-picker-popup-base--cube-picker-popup-header\\"><wx-view class=\\"cube-picker-popup-base--cube-picker-popup-cancel\\">取消</wx-view><wx-view class=\\"cube-picker-popup-base--cube-picker-popup-title-group\\"><wx-view class=\\"cube-picker-popup-base--cube-picker-popup-title\\"><wx-rich-text><wx-view class=\\"rich-text\\">日期选择器</wx-view></wx-rich-text></wx-view><wx-view class=\\"cube-picker-popup-base--cube-picker-popup-subtitle\\"><wx-rich-text><wx-view class=\\"rich-text\\">子标题</wx-view></wx-rich-text></wx-view></wx-view><wx-view class=\\"cube-picker-popup-base--cube-picker-popup-confirm\\">确认</wx-view></wx-view><wx-view class=\\"cube-picker-popup-base--cube-picker-popup-content\\"><cube-date-picker class=\\"main--ref_picker_2\\"><cube-picker class=\\"cube-date-picker--cube-date-picker\\"><wx-view class=\\"cube-picker--cube-picker\\"><wx-picker-view class=\\"cube-picker--cube-picker-wheel-wrapper\\"><wx-picker-view-column class=\\"cube-picker--cube-picker-wheel-scroll\\" style=\\"order:0\\"><wx-view class=\\"cube-picker--cube-picker-wheel-item\\">2010</wx-view><wx-view class=\\"cube-picker--cube-picker-wheel-item\\">2011</wx-view><wx-view class=\\"cube-picker--cube-picker-wheel-item\\">2012</wx-view><wx-view class=\\"cube-picker--cube-picker-wheel-item\\">2013</wx-view><wx-view class=\\"cube-picker--cube-picker-wheel-item\\">2014</wx-view><wx-view class=\\"cube-picker--cube-picker-wheel-item\\">2015</wx-view><wx-view class=\\"cube-picker--cube-picker-wheel-item\\">2016</wx-view><wx-view class=\\"cube-picker--cube-picker-wheel-item\\">2017</wx-view><wx-view class=\\"cube-picker--cube-picker-wheel-item\\">2018</wx-view><wx-view class=\\"cube-picker--cube-picker-wheel-item\\">2019</wx-view><wx-view class=\\"cube-picker--cube-picker-wheel-item\\">2020</wx-view><wx-view class=\\"cube-picker--cube-picker-wheel-item\\">2021</wx-view><wx-view class=\\"cube-picker--cube-picker-wheel-item\\">2022</wx-view></wx-picker-view-column><wx-picker-view-column class=\\"cube-picker--cube-picker-wheel-scroll\\" style=\\"order:1\\"><wx-view class=\\"cube-picker--cube-picker-wheel-item\\">8</wx-view><wx-view class=\\"cube-picker--cube-picker-wheel-item\\">9</wx-view><wx-view class=\\"cube-picker--cube-picker-wheel-item\\">10</wx-view><wx-view class=\\"cube-picker--cube-picker-wheel-item\\">11</wx-view><wx-view class=\\"cube-picker--cube-picker-wheel-item\\">12</wx-view></wx-picker-view-column><wx-picker-view-column class=\\"cube-picker--cube-picker-wheel-scroll\\" style=\\"order:2\\"><wx-view class=\\"cube-picker--cube-picker-wheel-item\\">8</wx-view><wx-view class=\\"cube-picker--cube-picker-wheel-item\\">9</wx-view><wx-view class=\\"cube-picker--cube-picker-wheel-item\\">10</wx-view><wx-view class=\\"cube-picker--cube-picker-wheel-item\\">11</wx-view><wx-view class=\\"cube-picker--cube-picker-wheel-item\\">12</wx-view><wx-view class=\\"cube-picker--cube-picker-wheel-item\\">13</wx-view><wx-view class=\\"cube-picker--cube-picker-wheel-item\\">14</wx-view><wx-view class=\\"cube-picker--cube-picker-wheel-item\\">15</wx-view><wx-view class=\\"cube-picker--cube-picker-wheel-item\\">16</wx-view><wx-view class=\\"cube-picker--cube-picker-wheel-item\\">17</wx-view><wx-view class=\\"cube-picker--cube-picker-wheel-item\\">18</wx-view><wx-view class=\\"cube-picker--cube-picker-wheel-item\\">19</wx-view><wx-view class=\\"cube-picker--cube-picker-wheel-item\\">20</wx-view><wx-view class=\\"cube-picker--cube-picker-wheel-item\\">21</wx-view><wx-view class=\\"cube-picker--cube-picker-wheel-item\\">22</wx-view><wx-view class=\\"cube-picker--cube-picker-wheel-item\\">23</wx-view><wx-view class=\\"cube-picker--cube-picker-wheel-item\\">24</wx-view><wx-view class=\\"cube-picker--cube-picker-wheel-item\\">25</wx-view><wx-view class=\\"cube-picker--cube-picker-wheel-item\\">26</wx-view><wx-view class=\\"cube-picker--cube-picker-wheel-item\\">27</wx-view><wx-view class=\\"cube-picker--cube-picker-wheel-item\\">28</wx-view><wx-view class=\\"cube-picker--cube-picker-wheel-item\\">29</wx-view><wx-view class=\\"cube-picker--cube-picker-wheel-item\\">30</wx-view><wx-view class=\\"cube-picker--cube-picker-wheel-item\\">31</wx-view></wx-picker-view-column></wx-picker-view></wx-view></cube-picker></cube-date-picker></wx-view></wx-view></wx-view></wx-view></cube-popup></cube-picker-popup-base>"`;

exports[`component picker unit test base set props check matchSnapshot 1`] = `"<cube-picker-popup-base class=\\"main--ref_choosePopup_1 main--cube-date-picker-popup\\" data-eventconfigs=\\"[object Object]\\"><cube-popup class=\\"cube-picker-popup-base--cube-picker-popup-base cube-picker-popup-base--ref_popup_1\\" data-eventconfigs=\\"[object Object]\\"><wx-view class=\\"cube-popup--cube-popup cube-popup--cube-popup_mask cube-popup--cube-popup_mask_fade_transition cube-popup--cube-popup_transition cube-popup--cube-popup-bottom cube-popup--show cube-popup--cube-popup-remove-touch\\" style=\\"z-index: 100\\"><wx-view class=\\"cube-popup--cube-popup-mask\\" style=\\"\\"></wx-view><wx-view class=\\"cube-popup--cube-popup-content cube-popup--move-up\\" style=\\"\\"><wx-view class=\\"cube-picker-popup-base--cube-picker-popup-panel\\"><wx-view class=\\"cube-picker-popup-base--cube-picker-popup-header\\"><wx-view class=\\"cube-picker-popup-base--cube-picker-popup-cancel\\">这是取消文案</wx-view><wx-view class=\\"cube-picker-popup-base--cube-picker-popup-title-group\\"><wx-view class=\\"cube-picker-popup-base--cube-picker-popup-title\\"><wx-rich-text><wx-view class=\\"rich-text\\">日期选择器</wx-view></wx-rich-text></wx-view><wx-view class=\\"cube-picker-popup-base--cube-picker-popup-subtitle\\"><wx-rich-text><wx-view class=\\"rich-text\\">子标题</wx-view></wx-rich-text></wx-view></wx-view><wx-view class=\\"cube-picker-popup-base--cube-picker-popup-confirm\\">这是确认文案</wx-view></wx-view><wx-view class=\\"cube-picker-popup-base--cube-picker-popup-content\\"><cube-date-picker class=\\"main--ref_picker_2\\"><cube-picker class=\\"cube-date-picker--cube-date-picker\\"><wx-view class=\\"cube-picker--cube-picker\\"><wx-picker-view class=\\"cube-picker--cube-picker-wheel-wrapper\\"><wx-picker-view-column class=\\"cube-picker--cube-picker-wheel-scroll\\" style=\\"order:2\\"><wx-view class=\\"cube-picker--cube-picker-wheel-item\\">10年</wx-view><wx-view class=\\"cube-picker--cube-picker-wheel-item\\">11年</wx-view><wx-view class=\\"cube-picker--cube-picker-wheel-item\\">12年</wx-view><wx-view class=\\"cube-picker--cube-picker-wheel-item\\">13年</wx-view><wx-view class=\\"cube-picker--cube-picker-wheel-item\\">14年</wx-view><wx-view class=\\"cube-picker--cube-picker-wheel-item\\">15年</wx-view><wx-view class=\\"cube-picker--cube-picker-wheel-item\\">16年</wx-view><wx-view class=\\"cube-picker--cube-picker-wheel-item\\">17年</wx-view><wx-view class=\\"cube-picker--cube-picker-wheel-item\\">18年</wx-view><wx-view class=\\"cube-picker--cube-picker-wheel-item\\">19年</wx-view><wx-view class=\\"cube-picker--cube-picker-wheel-item\\">20年</wx-view><wx-view class=\\"cube-picker--cube-picker-wheel-item\\">21年</wx-view><wx-view class=\\"cube-picker--cube-picker-wheel-item\\">22年</wx-view></wx-picker-view-column><wx-picker-view-column class=\\"cube-picker--cube-picker-wheel-scroll\\" style=\\"order:1\\"><wx-view class=\\"cube-picker--cube-picker-wheel-item\\">08月</wx-view><wx-view class=\\"cube-picker--cube-picker-wheel-item\\">09月</wx-view><wx-view class=\\"cube-picker--cube-picker-wheel-item\\">10月</wx-view><wx-view class=\\"cube-picker--cube-picker-wheel-item\\">11月</wx-view><wx-view class=\\"cube-picker--cube-picker-wheel-item\\">12月</wx-view></wx-picker-view-column><wx-picker-view-column class=\\"cube-picker--cube-picker-wheel-scroll\\" style=\\"order:0\\"><wx-view class=\\"cube-picker--cube-picker-wheel-item\\">第 8 日</wx-view><wx-view class=\\"cube-picker--cube-picker-wheel-item\\">第 9 日</wx-view><wx-view class=\\"cube-picker--cube-picker-wheel-item\\">第 10 日</wx-view><wx-view class=\\"cube-picker--cube-picker-wheel-item\\">第 11 日</wx-view><wx-view class=\\"cube-picker--cube-picker-wheel-item\\">第 12 日</wx-view><wx-view class=\\"cube-picker--cube-picker-wheel-item\\">第 13 日</wx-view><wx-view class=\\"cube-picker--cube-picker-wheel-item\\">第 14 日</wx-view><wx-view class=\\"cube-picker--cube-picker-wheel-item\\">第 15 日</wx-view><wx-view class=\\"cube-picker--cube-picker-wheel-item\\">第 16 日</wx-view><wx-view class=\\"cube-picker--cube-picker-wheel-item\\">第 17 日</wx-view><wx-view class=\\"cube-picker--cube-picker-wheel-item\\">第 18 日</wx-view><wx-view class=\\"cube-picker--cube-picker-wheel-item\\">第 19 日</wx-view><wx-view class=\\"cube-picker--cube-picker-wheel-item\\">第 20 日</wx-view><wx-view class=\\"cube-picker--cube-picker-wheel-item\\">第 21 日</wx-view><wx-view class=\\"cube-picker--cube-picker-wheel-item\\">第 22 日</wx-view><wx-view class=\\"cube-picker--cube-picker-wheel-item\\">第 23 日</wx-view><wx-view class=\\"cube-picker--cube-picker-wheel-item\\">第 24 日</wx-view><wx-view class=\\"cube-picker--cube-picker-wheel-item\\">第 25 日</wx-view><wx-view class=\\"cube-picker--cube-picker-wheel-item\\">第 26 日</wx-view><wx-view class=\\"cube-picker--cube-picker-wheel-item\\">第 27 日</wx-view><wx-view class=\\"cube-picker--cube-picker-wheel-item\\">第 28 日</wx-view><wx-view class=\\"cube-picker--cube-picker-wheel-item\\">第 29 日</wx-view><wx-view class=\\"cube-picker--cube-picker-wheel-item\\">第 30 日</wx-view><wx-view class=\\"cube-picker--cube-picker-wheel-item\\">第 31 日</wx-view></wx-picker-view-column></wx-picker-view></wx-view></cube-picker></cube-date-picker></wx-view></wx-view></wx-view></wx-view></cube-popup></cube-picker-popup-base>"`;
